<html>
<body>
<pre>
<h1>µVision Build Log</h1>
<h2>Tool Versions:</h2>
IDE-Version: ¦ÌVision V5.40.0.0
Copyright (C) 2024 ARM Ltd and ARM Germany GmbH. All rights reserved.
License Information: 1 2413979017@qq.com, 1, LIC=SDA0P-M9VR8-VE1HA-16TUH-G69JV-XXQ1Z
 
Tool Versions:
Toolchain:       MDK-ARM Plus  Version: 5.40.0.3
Toolchain Path:  D:\Keil MDK\ARM\ARMCC\Bin
C Compiler:      Armcc.exe V5.06 update 4 (build 422)
Assembler:       Armasm.exe V5.06 update 4 (build 422)
Linker/Locator:  ArmLink.exe V5.06 update 4 (build 422)
Library Manager: ArmAr.exe V5.06 update 4 (build 422)
Hex Converter:   FromElf.exe V5.06 update 4 (build 422)
CPU DLL:         SARMCM3.DLL V5.40.0.3
Dialog DLL:      DCM.DLL V1.17.5.0
Target DLL:      CMSIS_AGDI.dll V1.33.18.0
Dialog DLL:      TCM.DLL V1.56.4.0
 
<h2>Project:</h2>
D:\2025\STM32_project\STM32_Sensorless_BLDC\MDK-ARM\STM32_Sensorless_BLDC.uvprojx
Project File Date:  01/30/2026

<h2>Output:</h2>
*** Using Compiler 'V5.06 update 4 (build 422)', folder: 'D:\Keil MDK\ARM\ARMCC\Bin'
Build target 'STM32_Sensorless_BLDC'
compiling stm32f4xx_hal_timebase_tim.c...
compiling gpio.c...
compiling dma.c...
compiling can.c...
compiling stm32f4xx_hal_msp.c...
compiling adc.c...
compiling tim.c...
compiling i2c.c...
compiling usart.c...
compiling stm32f4xx_it.c...
../Core/Src/stm32f4xx_it.c(346): warning:  #188-D: enumerated type mixed with another type
              else frameHandler_one.state = 0;
../Core/Src/stm32f4xx_it.c(392): warning:  #188-D: enumerated type mixed with another type
              frameHandler_one.state = 0;
../Core/Src/stm32f4xx_it.c: 2 warnings, 0 errors
compiling freertos.c...
../Core/Src/freertos.c(133): warning:  #167-D: argument of type "void (*)(const void *)" is incompatible with parameter of type "osThreadFunc_t"
    LcdTaskHandle = osThreadNew(LcdTask_Entry,
ULL,&Lcd_task_attributes);
../Core/Src/freertos.c(134): warning:  #167-D: argument of type "void (*)(const void *)" is incompatible with parameter of type "osThreadFunc_t"
    LvglTimerTaskHandle = osThreadNew(LvglTimerTask_Entry, 
ULL, &LvglTimer_task_attributes);
../Core/Src/freertos.c(184): warning:  #223-D: function "lv_timer_handler" declared implicitly
      lv_timer_handler();
../Core/Src/freertos.c: 3 warnings, 0 errors
compiling spi.c...
compiling main.c...
../Bsp/inc/MPU9250-DMP.h(52): warning:  #1295-D: Deprecated declaration MPU9250_DMP - give arg types
  int MPU9250_DMP();
../Bsp/inc/MPU9250-DMP.h(148): warning:  #1295-D: Deprecated declaration MPU9250_dataReady - give arg types
  
ool MPU9250_dataReady();
../Core/Src/main.c(168): warning:  #177-D: variable "dma_buffer"  was declared but never referenced
  static uint8_t dma_buffer[256];
../Core/Src/main.c: 3 warnings, 0 errors
compiling stm32f4xx_hal_flash_ramfunc.c...
compiling stm32f4xx_hal_adc_ex.c...
compiling stm32f4xx_hal_adc.c...
compiling stm32f4xx_hal_dma.c...
compiling stm32f4xx_hal_flash.c...
compiling stm32f4xx_hal_gpio.c...
compiling stm32f4xx_hal_flash_ex.c...
compiling stm32f4xx_hal_rcc_ex.c...
compiling stm32f4xx_hal_dma_ex.c...
compiling stm32f4xx_hal_rcc.c...
compiling stm32f4xx_hal_tim_ex.c...
compiling stm32f4xx_hal_pwr.c...
compiling stm32f4xx_hal_tim.c...
compiling croutine.c...
compiling event_groups.c...
compiling list.c...
compiling queue.c...
compiling stream_buffer.c...
compiling tasks.c...
compiling timers.c...
compiling heap_4.c...
compiling port.c...
compiling lv_disp.c...
compiling lv_event.c...
..\LVGL\src\core\lv_event.c(120): warning:  #188-D: enumerated type mixed with another type
      return e->code & ~LV_EVENT_PREPROCESS;
..\LVGL\src\core\lv_event.c: 1 warning, 0 errors
compiling stm32f4xx_hal_exti.c...
compiling stm32f4xx_hal_cortex.c...
compiling stm32f4xx_hal_pwr_ex.c...
compiling lv_group.c...
compiling stm32f4xx_hal.c...
compiling stm32f4xx_hal_i2c_ex.c...
compiling stm32f4xx_hal_can.c...
compiling system_stm32f4xx.c...
compiling stm32f4xx_hal_uart.c...
compiling lv_indev.c...
compiling lv_indev_scroll.c...
compiling stm32f4xx_hal_spi.c...
compiling lv_obj_class.c...
compiling lv_obj.c...
compiling lv_obj_draw.c...
..\LVGL\src\core\lv_obj_draw.c(400): warning:  #188-D: enumerated type mixed with another type
      if(obj->spec_attr) return obj->spec_attr->layer_type;
..\LVGL\src\core\lv_obj_draw.c: 1 warning, 0 errors
compiling stm32f4xx_hal_i2c.c...
compiling lv_obj_pos.c...
compiling cmsis_os2.c...
compiling lv_obj_scroll.c...
compiling lv_obj_style.c...
compiling lv_obj_style_gen.c...
compiling lv_obj_tree.c...
compiling lv_port_disp.c...
..\LVGL\examples\porting\lv_port_disp.c(21): warning:  #1215-D: #warning directive: Please define or replace the macro MY_DISP_HOR_RES with the actual screen width, default value 320 is used for now.
      #warning Please define or replace the macro MY_DISP_HOR_RES with the actual screen width, default value 320 is used for now.
..\LVGL\examples\porting\lv_port_disp.c(26): warning:  #1215-D: #warning directive: Please define or replace the macro MY_DISP_HOR_RES with the actual screen height, default value 240 is used for now.
      #warning Please define or replace the macro MY_DISP_HOR_RES with the actual screen height, default value 240 is used for now.
..\LVGL\examples\porting\lv_port_disp.c: 2 warnings, 0 errors
compiling lv_draw.c...
compiling lv_refr.c...
compiling lv_draw_arc.c...
compiling lv_theme.c...
compiling lv_draw_img.c...
compiling lv_draw_layer.c...
compiling lv_draw_line.c...
compiling lv_draw_label.c...
compiling lv_draw_rect.c...
compiling lv_draw_transform.c...
compiling lv_draw_triangle.c...
compiling lv_draw_mask.c...
compiling lv_img_buf.c...
compiling lv_img_cache.c...
compiling lv_gpu_nxp.c...
compiling lv_gpu_arm2d.c...
compiling lv_draw_vglite_arc.c...
compiling lv_img_decoder.c...
compiling lv_draw_vglite_blend.c...
compiling lv_draw_vglite_rect.c...
compiling lv_gpu_nxp_vglite.c...
compiling lv_draw_pxp_blend.c...
compiling lv_gpu_nxp_pxp.c...
compiling lv_gpu_nxp_pxp_osa.c...
compiling lv_draw_sdl.c...
compiling lv_draw_sdl_arc.c...
compiling lv_draw_sdl_bg.c...
compiling lv_draw_sdl_composite.c...
compiling lv_draw_sdl_img.c...
compiling lv_draw_sdl_label.c...
compiling lv_draw_sdl_layer.c...
compiling lv_draw_sdl_line.c...
compiling lv_draw_sdl_mask.c...
compiling lv_draw_sdl_polygon.c...
compiling lv_draw_sdl_rect.c...
compiling lv_draw_sdl_stack_blur.c...
compiling lv_draw_sdl_texture_cache.c...
compiling lv_draw_sdl_utils.c...
compiling lv_gpu_stm32_dma2d.c...
compiling lv_draw_sw.c...
compiling lv_draw_sw_dither.c...
compiling lv_draw_sw_arc.c...
compiling lv_draw_sw_gradient.c...
compiling lv_draw_sw_blend.c...
compiling lv_draw_sw_img.c...
compiling lv_draw_sw_layer.c...
compiling lv_draw_sw_letter.c...
compiling lv_draw_sw_polygon.c...
compiling lv_draw_sw_line.c...
compiling lv_gpu_swm341_dma2d.c...
compiling lv_draw_sw_transform.c...
compiling lv_draw_sw_rect.c...
..\LVGL\src\draw\sw\lv_draw_sw_rect.c(238): warning:  #546-D: transfer of control bypasses initialization of:
            variable "mask_any_center"  (declared at line 285)
          goto bg_clean_up;
          ^
..\LVGL\src\draw\sw\lv_draw_sw_rect.c: 1 warning, 0 errors
compiling lv_textarea.c...
compiling lv_btn.c...
compiling lv_arc.c...
compiling lv_bar.c...
compiling lv_btnmatrix.c...
compiling lv_checkbox.c...
compiling lv_canvas.c...
compiling lv_dropdown.c...
compiling lv_img.c...
compiling lv_line.c...
compiling lv_roller.c...
compiling lv_label.c...
compiling lv_slider.c...
compiling lv_switch.c...
compiling lv_anim_timeline.c...
compiling lv_anim.c...
compiling lv_async.c...
compiling lv_table.c...
compiling lv_area.c...
compiling lv_bidi.c...
compiling lv_color.c...
compiling lv_gc.c...
compiling lv_fs.c...
compiling lv_ll.c...
compiling lv_log.c...
compiling lv_lru.c...
..\LVGL\src\misc\lv_lru.c(241): warning:  #68-D: integer conversion resulted in a change of sign
      uint32_t i = 0, min_index = -1;
..\LVGL\src\misc\lv_lru.c(242): warning:  #68-D: integer conversion resulted in a change of sign
      uint64_t min_access_count = -1;
..\LVGL\src\misc\lv_lru.c: 2 warnings, 0 errors
compiling lv_math.c...
compiling lv_mem.c...
..\LVGL\src\misc\lv_mem.c(325): warning:  #111-D: statement is unreachable
      return NULL;
..\LVGL\src\misc\lv_mem.c: 1 warning, 0 errors
compiling lv_printf.c...
compiling lv_style.c...
..\LVGL\src\misc\lv_style.c(213): warning:  #188-D: enumerated type mixed with another type
      return last_custom_prop_id;
..\LVGL\src\misc\lv_style.c(218): warning:  #188-D: enumerated type mixed with another type
      return last_custom_prop_id - _LV_STYLE_LAST_BUILT_IN_PROP;
..\LVGL\src\misc\lv_style.c(289): warning:  #188-D: enumerated type mixed with another type
      lv_style_set_prop_internal(style, prop | meta, null_style_value, lv_style_set_prop_meta_helper);
..\LVGL\src\misc\lv_style.c: 3 warnings, 0 errors
compiling lv_style_gen.c...
compiling lv_timer.c...
compiling lv_tlsf.c...
..\LVGL\src\misc\lv_tlsf.c(898): warning:  #68-D: integer conversion resulted in a change of sign
          offset_to_block(pool, -(int)block_header_overhead);
..\LVGL\src\misc\lv_tlsf.c(1000): warning:  #68-D: integer conversion resulted in a change of sign
      block = offset_to_block(mem, -(tlsfptr_t)block_header_overhead);
..\LVGL\src\misc\lv_tlsf.c(1018): warning:  #68-D: integer conversion resulted in a change of sign
      block_header_t * block = offset_to_block(pool, -(int)block_header_overhead);
..\LVGL\src\misc\lv_tlsf.c: 3 warnings, 0 errors
compiling lv_txt_ap.c...
compiling lv_utils.c...
compiling lv_txt.c...
compiling lv_hal_indev.c...
compiling lv_hal_disp.c...
..\LVGL\src\hal\lv_hal_disp.c(572): warning:  #188-D: enumerated type mixed with another type
      return disp->driver->rotated;
..\LVGL\src\hal\lv_hal_disp.c: 1 warning, 0 errors
compiling lv_hal_tick.c...
compiling lv_font.c...
compiling lv_font_fmt_txt.c...
..\LVGL\src\font\lv_font_fmt_txt.c(137): warning:  #111-D: statement is unreachable
      return NULL;
..\LVGL\src\font\lv_font_fmt_txt.c: 1 warning, 0 errors
compiling lv_font_dejavu_16_persian_hebrew.c...
compiling lv_font_montserrat_8.c...
compiling lv_font_montserrat_10.c...
compiling lv_font_montserrat_12.c...
compiling lv_font_loader.c...
compiling lv_font_montserrat_12_subpx.c...
compiling lv_font_montserrat_14.c...
compiling lv_font_montserrat_16.c...
compiling lv_font_montserrat_18.c...
compiling lv_font_montserrat_20.c...
compiling lv_font_montserrat_22.c...
compiling lv_font_montserrat_24.c...
compiling lv_font_montserrat_26.c...
compiling lv_font_montserrat_28.c...
compiling lv_font_montserrat_28_compressed.c...
compiling lv_font_montserrat_30.c...
compiling lv_font_montserrat_32.c...
compiling lv_font_montserrat_34.c...
compiling lv_font_montserrat_36.c...
compiling lv_font_montserrat_38.c...
compiling lv_font_montserrat_40.c...
compiling lv_font_montserrat_42.c...
compiling lv_font_montserrat_44.c...
compiling lv_font_montserrat_46.c...
compiling lv_font_montserrat_48.c...
compiling lv_font_simsun_16_cjk.c...
compiling lv_font_unscii_8.c...
compiling lv_font_unscii_16.c...
compiling lv_extra.c...
compiling lv_animimg.c...
compiling lv_calendar_header_arrow.c...
compiling lv_calendar_header_dropdown.c...
compiling lv_calendar.c...
compiling lv_keyboard.c...
compiling lv_imgbtn.c...
compiling lv_colorwheel.c...
compiling lv_led.c...
compiling lv_list.c...
compiling lv_chart.c...
compiling lv_menu.c...
compiling lv_msgbox.c...
compiling lv_meter.c...
compiling lv_spinner.c...
compiling lv_spinbox.c...
compiling lv_span.c...
..\LVGL\src\extra\widgets\span\lv_span.c(901): warning:  #546-D: transfer of control bypasses initialization of:
            variable "align"  (declared at line 905)
              goto Next_line_init;
              ^
..\LVGL\src\extra\widgets\span\lv_span.c: 1 warning, 0 errors
compiling lv_tileview.c...
compiling lv_tabview.c...
compiling lv_win.c...
compiling lv_fragment.c...
compiling lv_theme_basic.c...
compiling lv_fragment_manager.c...
compiling lv_theme_mono.c...
compiling lv_gridnav.c...
compiling lv_ime_pinyin.c...
compiling lv_theme_default.c...
..\LVGL\src\extra\themes\default\lv_theme_default.c(213): warning:  #188-D: enumerated type mixed with another type
..\LVGL\src\extra\themes\default\lv_theme_default.c: 1 warning, 0 errors
compiling lv_imgfont.c...
compiling lv_monkey.c...
compiling lv_msg.c...
compiling lv_snapshot.c...
compiling lv_bmp.c...
compiling lv_ffmpeg.c...
compiling lv_freetype.c...
compiling lv_fs_fatfs.c...
compiling gifdec.c...
compiling lv_fs_posix.c...
compiling lv_fs_stdio.c...
compiling lv_fs_win32.c...
compiling lv_gif.c...
compiling lodepng.c...
compiling lv_png.c...
compiling lv_qrcode.c...
compiling qrcodegen.c...
..\LVGL\src\extra\libs\qrcode\qrcodegen.c(278): warning:  #188-D: enumerated type mixed with another type
  	applyMask(tempBuffer, qrcode, mask);
..\LVGL\src\extra\libs\qrcode\qrcodegen.c(279): warning:  #188-D: enumerated type mixed with another type
  	drawFormatBits(ecl, mask, qrcode);
..\LVGL\src\extra\libs\qrcode\qrcodegen.c: 2 warnings, 0 errors
compiling tjpgd.c...
compiling lv_rlottie.c...
compiling lv_sjpg.c...
compiling lv_flex.c...
compiling lv_grid.c...
..\LVGL\src\extra\layouts\grid\lv_grid.c(591): warning:  #188-D: enumerated type mixed with another type
      lv_grid_align_t col_align = get_cell_col_align(item);
..\LVGL\src\extra\layouts\grid\lv_grid.c(592): warning:  #188-D: enumerated type mixed with another type
      lv_grid_align_t row_align = get_cell_row_align(item);
..\LVGL\src\extra\layouts\grid\lv_grid.c: 2 warnings, 0 errors
compiling pid.c...
compiling Algorithmic.c...
compiling SMO.c...
compiling AS5600.c...
..\Bsp\AS5600.c(34): warning:  #68-D: integer conversion resulted in a change of sign
  sta = HAL_I2C_Master_Transmit(&hi2c2, dev_addr, data, size, -1);
..\Bsp\AS5600.c(41): warning:  #68-D: integer conversion resulted in a change of sign
  sta = HAL_I2C_Master_Receive(&hi2c2, (dev_addr | 1), data, size, -1);
..\Bsp\AS5600.c: 2 warnings, 0 errors
compiling stm32_mpu9250_clk.c...
compiling foc_drv.c...
compiling stm32_mpu9250_i2c_fixed.c...
..\Algorithm\util\stm32_mpu9250_i2c_fixed.c(65): warning:  #177-D: function "delay_ms"  was declared but never referenced
  static void delay_ms(uint32_t ms)
..\Algorithm\util\stm32_mpu9250_i2c_fixed.c: 1 warning, 0 errors
compiling MPU9250-DMP.c...
../Bsp/inc/MPU9250-DMP.h(52): warning:  #1295-D: Deprecated declaration MPU9250_DMP - give arg types
  int MPU9250_DMP();
../Bsp/inc/MPU9250-DMP.h(148): warning:  #1295-D: Deprecated declaration MPU9250_dataReady - give arg types
  
ool MPU9250_dataReady();
..\Bsp\MPU9250-DMP.c(9): warning:  #47-D: incompatible redefinition of macro "PI"  (declared at line 475 of "../Middlewares/ST/ARM/DSP/Inc/arm_math.h")
  #define PI 3.14159265
..\Bsp\MPU9250-DMP.c: 3 warnings, 0 errors
compiling inv_mpu_dmp_motion_driver.c...
compiling lcd_init.c...
compiling inv_mpu.c...
compiling lcd_task.c...
compiling lcd.c...
compiling IMU_task.c...
../Bsp/inc/MPU9250-DMP.h(52): warning:  #1295-D: Deprecated declaration MPU9250_DMP - give arg types
  int MPU9250_DMP();
../Bsp/inc/MPU9250-DMP.h(148): warning:  #1295-D: Deprecated declaration MPU9250_dataReady - give arg types
  
ool MPU9250_dataReady();
..\App\IMU_task.c: 2 warnings, 0 errors
compiling uart_task.c...
..\App\uart_task.c(18): warning:  #177-D: variable "euler_data"  was declared but never referenced
    IMU_Euler_t euler_data;
..\App\uart_task.c: 1 warning, 0 errors
compiling Init_file.c...
../Bsp/inc/MPU9250-DMP.h(52): warning:  #1295-D: Deprecated declaration MPU9250_DMP - give arg types
  int MPU9250_DMP();
../Bsp/inc/MPU9250-DMP.h(148): warning:  #1295-D: Deprecated declaration MPU9250_dataReady - give arg types
  
ool MPU9250_dataReady();
..\App\Init_file.c: 2 warnings, 0 errors
linking...
Program Size: Code=170684 RO-data=20804 RW-data=768 ZI-data=109088  
FromELF: creating hex file...
"STM32_Sensorless_BLDC\STM32_Sensorless_BLDC.axf" - 0 Error(s), 41 Warning(s).

<h2>Software Packages used:</h2>

Package Vendor: ARM
                https://www.keil.com/pack/ARM.CMSIS.6.1.0.pack
                ARM::CMSIS@6.1.0
                CMSIS (Common Microcontroller Software Interface Standard)
   * Component: CORE Version: 6.1.0

Package Vendor: Keil
                https://www.keil.com/pack/Keil.STM32F4xx_DFP.3.0.0.pack
                Keil::STM32F4xx_DFP@3.0.0
                STMicroelectronics STM32F4 Series Device Support

<h2>Collection of Component include folders:</h2>
  ./RTE/_STM32_Sensorless_BLDC
  D:/Keil MDK/ARM/CMSIS/6.1.0/CMSIS/Core/Include

<h2>Collection of Component Files used:</h2>

   * Component: ARM::CMSIS:CORE@6.1.0
      Include file:  CMSIS/Core/Include/tz_context.h
Build Time Elapsed:  00:00:42
</pre>
</body>
</html>
