<html>
<body>
<pre>
<h1>�Vision Build Log</h1>
<h2>Tool Versions:</h2>
IDE-Version: ��Vision V5.40.0.0
Copyright (C) 2024 ARM Ltd and ARM Germany GmbH. All rights reserved.
License Information: 1 2413979017@qq.com, 1, LIC=SDA0P-M9VR8-VE1HA-16TUH-G69JV-XXQ1Z
 
Tool Versions:
Toolchain:       MDK-ARM Plus  Version: 5.40.0.3
Toolchain Path:  D:\Keil MDK\ARM\ARMCC\Bin
C Compiler:      Armcc.exe V5.06 update 4 (build 422)
Assembler:       Armasm.exe V5.06 update 4 (build 422)
Linker/Locator:  ArmLink.exe V5.06 update 4 (build 422)
Library Manager: ArmAr.exe V5.06 update 4 (build 422)
Hex Converter:   FromElf.exe V5.06 update 4 (build 422)
CPU DLL:         SARMCM3.DLL V5.40.0.3
Dialog DLL:      DCM.DLL V1.17.5.0
Target DLL:      CMSIS_AGDI.dll V1.33.18.0
Dialog DLL:      TCM.DLL V1.56.4.0
 
<h2>Project:</h2>
D:\2025\STM32_project\STM32_Sensorless_BLDC\MDK-ARM\STM32_Sensorless_BLDC.uvprojx
Project File Date:  07/11/2026

<h2>Output:</h2>
*** Using Compiler 'V5.06 update 4 (build 422)', folder: 'D:\Keil MDK\ARM\ARMCC\Bin'
Build target 'STM32_Sensorless_BLDC'
compiling stm32f4xx_hal_timebase_tim.c...
compiling stm32f4xx_hal_msp.c...
compiling can.c...
compiling i2c.c...
compiling dma.c...
compiling gpio.c...
compiling usart.c...
compiling tim.c...
compiling adc.c...
compiling freertos.c...
../Core/Src/freertos.c(144): warning:  #167-D: argument of type "void (*)(const void *)" is incompatible with parameter of type "osThreadFunc_t"
    LcdTaskHandle = osThreadNew(LcdTask_Entry,
ULL,&Lcd_task_attributes);
../Core/Src/freertos.c(145): warning:  #167-D: argument of type "void (*)(const void *)" is incompatible with parameter of type "osThreadFunc_t"
    LvglTimerTaskHandle = osThreadNew(LvglTimerTask_Entry, 
ULL, &LvglTimer_task_attributes);
../Core/Src/freertos.c(196): warning:  #223-D: function "lv_timer_handler" declared implicitly
      lv_timer_handler();
../Core/Src/freertos.c: 3 warnings, 0 errors
compiling stm32f4xx_it.c...
compiling spi.c...
compiling main.c...
../Bsp/inc/MPU9250-DMP.h(52): warning:  #1295-D: Deprecated declaration MPU9250_DMP - give arg types
  int MPU9250_DMP();
../Bsp/inc/MPU9250-DMP.h(148): warning:  #1295-D: Deprecated declaration MPU9250_dataReady - give arg types
  
ool MPU9250_dataReady();
Error: L6449E: While processing stm32_sensorless_bldc\main.o: I/O error writing file 'stm32_sensorless_bldc\main.o': Invalid argument
Finished: 0 information, 0 warning and 1 error messages.
../Core/Src/main.c: 2 warnings, 0 errors
compiling stm32f4xx_hal_rcc_ex.c...
compiling stm32f4xx_hal_gpio.c...
compiling stm32f4xx_hal_flash_ramfunc.c...
compiling stm32f4xx_hal_flash.c...
compiling stm32f4xx_hal_dma_ex.c...
compiling stm32f4xx_hal_flash_ex.c...
compiling stm32f4xx_hal_pwr.c...
compiling stm32f4xx_hal_adc_ex.c...
compiling stm32f4xx_hal_dma.c...
compiling stm32f4xx_hal_adc.c...
compiling stm32f4xx_hal_tim_ex.c...
compiling stm32f4xx_hal_rcc.c...
compiling stm32f4xx_hal_tim.c...
compiling stm32f4xx_hal_i2c_ex.c...
compiling stm32f4xx_hal_cortex.c...
compiling system_stm32f4xx.c...
compiling stm32f4xx_hal_pwr_ex.c...
compiling stm32f4xx_hal_exti.c...
compiling stm32f4xx_hal_can.c...
compiling stm32f4xx_hal.c...
compiling Algorithmic.c...
compiling stm32f4xx_hal_spi.c...
compiling stm32f4xx_hal_uart.c...
compiling cmsis_os2.c...
compiling stm32f4xx_hal_i2c.c...
compiling lv_port_disp.c...
..\LVGL\examples\porting\lv_port_disp.c(21): warning:  #1215-D: #warning directive: Please define or replace the macro MY_DISP_HOR_RES with the actual screen width, default value 320 is used for now.
      #warning Please define or replace the macro MY_DISP_HOR_RES with the actual screen width, default value 320 is used for now.
..\LVGL\examples\porting\lv_port_disp.c(26): warning:  #1215-D: #warning directive: Please define or replace the macro MY_DISP_HOR_RES with the actual screen height, default value 240 is used for now.
      #warning Please define or replace the macro MY_DISP_HOR_RES with the actual screen height, default value 240 is used for now.
..\LVGL\examples\porting\lv_port_disp.c: 2 warnings, 0 errors
compiling pid.c...
compiling stm32_mpu9250_i2c_fixed.c...
..\Algorithm\util\stm32_mpu9250_i2c_fixed.c(65): warning:  #177-D: function "delay_ms"  was declared but never referenced
  static void delay_ms(uint32_t ms)
..\Algorithm\util\stm32_mpu9250_i2c_fixed.c: 1 warning, 0 errors
compiling SMO.c...
compiling foc_drv.c...
compiling stm32_mpu9250_clk.c...
compiling AS5600.c...
..\Bsp\AS5600.c(17): warning:  #177-D: function "AS5600_ReadRegister_DMA"  was declared but never referenced
  __STATIC_INLINE HAL_StatusTypeDef AS5600_ReadRegister_DMA(AS5600 *dev, uint8_t reg, uint8_t *data)
..\Bsp\AS5600.c: 1 warning, 0 errors
compiling lcd_init.c...
compiling MPU9250-DMP.c...
../Bsp/inc/MPU9250-DMP.h(52): warning:  #1295-D: Deprecated declaration MPU9250_DMP - give arg types
  int MPU9250_DMP();
../Bsp/inc/MPU9250-DMP.h(148): warning:  #1295-D: Deprecated declaration MPU9250_dataReady - give arg types
  
ool MPU9250_dataReady();
..\Bsp\MPU9250-DMP.c(9): warning:  #47-D: incompatible redefinition of macro "PI"  (declared at line 475 of "../Middlewares/ST/ARM/DSP/Inc/arm_math.h")
  #define PI 3.14159265
..\Bsp\MPU9250-DMP.c: 3 warnings, 0 errors
compiling inv_mpu.c...
compiling inv_mpu_dmp_motion_driver.c...
compiling IMU_task.c...
../Bsp/inc/MPU9250-DMP.h(52): warning:  #1295-D: Deprecated declaration MPU9250_DMP - give arg types
  int MPU9250_DMP();
../Bsp/inc/MPU9250-DMP.h(148): warning:  #1295-D: Deprecated declaration MPU9250_dataReady - give arg types
  
ool MPU9250_dataReady();
..\App\IMU_task.c: 2 warnings, 0 errors
compiling lcd.c...
compiling lcd_task.c...
compiling uart_task.c...
..\App\uart_task.c(41): warning:  #177-D: variable "data1"  was declared but never referenced
          uint8_t data1 = data[0];//三环选取
..\App\uart_task.c(43): warning:  #177-D: variable "data3"  was declared but never referenced
          uint8_t data3 = data[2];//步长
..\App\uart_task.c: 2 warnings, 0 errors
compiling Init_file.c...
../Bsp/inc/MPU9250-DMP.h(52): warning:  #1295-D: Deprecated declaration MPU9250_DMP - give arg types
  int MPU9250_DMP();
../Bsp/inc/MPU9250-DMP.h(148): warning:  #1295-D: Deprecated declaration MPU9250_dataReady - give arg types
  
ool MPU9250_dataReady();
..\App\Init_file.c: 2 warnings, 0 errors
compiling foc_task.c...
linking...
Program Size: Code=175224 RO-data=20852 RW-data=792 ZI-data=109268  
FromELF: creating hex file...
"STM32_Sensorless_BLDC\STM32_Sensorless_BLDC.axf" - 0 Error(s), 18 Warning(s).

<h2>Software Packages used:</h2>

Package Vendor: ARM
                https://www.keil.com/pack/ARM.CMSIS.6.1.0.pack
                ARM::CMSIS@6.1.0
                CMSIS (Common Microcontroller Software Interface Standard)
   * Component: CORE Version: 6.1.0

Package Vendor: Keil
                https://www.keil.com/pack/Keil.STM32F4xx_DFP.3.0.0.pack
                Keil::STM32F4xx_DFP@3.0.0
                STMicroelectronics STM32F4 Series Device Support

<h2>Collection of Component include folders:</h2>
  ./RTE/_STM32_Sensorless_BLDC
  D:/Keil MDK/ARM/CMSIS/6.1.0/CMSIS/Core/Include

<h2>Collection of Component Files used:</h2>

   * Component: ARM::CMSIS:CORE@6.1.0
      Include file:  CMSIS/Core/Include/tz_context.h
Build Time Elapsed:  00:00:32
</pre>
</body>
</html>
