Component: ARM Compiler 5.06 update 4 (build 422) Tool: armlink [4d35d2]

==============================================================================

Section Cross References

    startup_stm32f407xx.o(STACK) refers (Special) to heapauxi.o(.text) for __use_two_region_memory
    startup_stm32f407xx.o(HEAP) refers (Special) to heapauxi.o(.text) for __use_two_region_memory
    startup_stm32f407xx.o(RESET) refers (Special) to heapauxi.o(.text) for __use_two_region_memory
    startup_stm32f407xx.o(RESET) refers to startup_stm32f407xx.o(STACK) for __initial_sp
    startup_stm32f407xx.o(RESET) refers to startup_stm32f407xx.o(.text) for Reset_Handler
    startup_stm32f407xx.o(RESET) refers to stm32f4xx_it.o(i.NMI_Handler) for NMI_Handler
    startup_stm32f407xx.o(RESET) refers to stm32f4xx_it.o(i.HardFault_Handler) for HardFault_Handler
    startup_stm32f407xx.o(RESET) refers to stm32f4xx_it.o(i.MemManage_Handler) for MemManage_Handler
    startup_stm32f407xx.o(RESET) refers to stm32f4xx_it.o(i.BusFault_Handler) for BusFault_Handler
    startup_stm32f407xx.o(RESET) refers to stm32f4xx_it.o(i.UsageFault_Handler) for UsageFault_Handler
    startup_stm32f407xx.o(RESET) refers to port.o(.emb_text) for SVC_Handler
    startup_stm32f407xx.o(RESET) refers to stm32f4xx_it.o(i.DebugMon_Handler) for DebugMon_Handler
    startup_stm32f407xx.o(RESET) refers to cmsis_os2.o(i.SysTick_Handler) for SysTick_Handler
    startup_stm32f407xx.o(RESET) refers to stm32f4xx_it.o(i.DMA1_Stream4_IRQHandler) for DMA1_Stream4_IRQHandler
    startup_stm32f407xx.o(RESET) refers to stm32f4xx_it.o(i.SPI2_IRQHandler) for SPI2_IRQHandler
    startup_stm32f407xx.o(RESET) refers to stm32f4xx_it.o(i.TIM5_IRQHandler) for TIM5_IRQHandler
    startup_stm32f407xx.o(.text) refers (Special) to heapauxi.o(.text) for __use_two_region_memory
    startup_stm32f407xx.o(.text) refers to system_stm32f4xx.o(i.SystemInit) for SystemInit
    startup_stm32f407xx.o(.text) refers to __main.o(!!!main) for __main
    startup_stm32f407xx.o(.text) refers to startup_stm32f407xx.o(HEAP) for Heap_Mem
    startup_stm32f407xx.o(.text) refers to startup_stm32f407xx.o(STACK) for Stack_Mem
    main.o(i.HAL_TIM_PeriodElapsedCallback) refers to stm32f4xx_hal.o(i.HAL_IncTick) for HAL_IncTick
    main.o(i.SystemClock_Config) refers to rt_memclr_w.o(.text) for __aeabi_memclr4
    main.o(i.SystemClock_Config) refers to stm32f4xx_hal_rcc.o(i.HAL_RCC_OscConfig) for HAL_RCC_OscConfig
    main.o(i.SystemClock_Config) refers to stm32f4xx_hal_rcc.o(i.HAL_RCC_ClockConfig) for HAL_RCC_ClockConfig
    main.o(i.main) refers to stm32f4xx_hal.o(i.HAL_Init) for HAL_Init
    main.o(i.main) refers to main.o(i.SystemClock_Config) for SystemClock_Config
    main.o(i.main) refers to gpio.o(i.MX_GPIO_Init) for MX_GPIO_Init
    main.o(i.main) refers to dma.o(i.MX_DMA_Init) for MX_DMA_Init
    main.o(i.main) refers to adc.o(i.MX_ADC1_Init) for MX_ADC1_Init
    main.o(i.main) refers to adc.o(i.MX_ADC2_Init) for MX_ADC2_Init
    main.o(i.main) refers to can.o(i.MX_CAN1_Init) for MX_CAN1_Init
    main.o(i.main) refers to i2c.o(i.MX_I2C1_Init) for MX_I2C1_Init
    main.o(i.main) refers to i2c.o(i.MX_I2C2_Init) for MX_I2C2_Init
    main.o(i.main) refers to i2c.o(i.MX_I2C3_Init) for MX_I2C3_Init
    main.o(i.main) refers to spi.o(i.MX_SPI1_Init) for MX_SPI1_Init
    main.o(i.main) refers to spi.o(i.MX_SPI2_Init) for MX_SPI2_Init
    main.o(i.main) refers to tim.o(i.MX_TIM1_Init) for MX_TIM1_Init
    main.o(i.main) refers to tim.o(i.MX_TIM2_Init) for MX_TIM2_Init
    main.o(i.main) refers to tim.o(i.MX_TIM3_Init) for MX_TIM3_Init
    main.o(i.main) refers to usart.o(i.MX_UART4_Init) for MX_UART4_Init
    main.o(i.main) refers to usart.o(i.MX_UART5_Init) for MX_UART5_Init
    main.o(i.main) refers to usart.o(i.MX_USART1_UART_Init) for MX_USART1_UART_Init
    main.o(i.main) refers to usart.o(i.MX_USART2_UART_Init) for MX_USART2_UART_Init
    main.o(i.main) refers to usart.o(i.MX_USART3_UART_Init) for MX_USART3_UART_Init
    main.o(i.main) refers to usart.o(i.MX_USART6_UART_Init) for MX_USART6_UART_Init
    main.o(i.main) refers to tim.o(i.MX_TIM9_Init) for MX_TIM9_Init
    main.o(i.main) refers to cmsis_os2.o(i.osKernelInitialize) for osKernelInitialize
    main.o(i.main) refers to freertos.o(i.MX_FREERTOS_Init) for MX_FREERTOS_Init
    main.o(i.main) refers to cmsis_os2.o(i.osKernelStart) for osKernelStart
    gpio.o(i.MX_GPIO_Init) refers to rt_memclr_w.o(.text) for __aeabi_memclr4
    gpio.o(i.MX_GPIO_Init) refers to stm32f4xx_hal_gpio.o(i.HAL_GPIO_WritePin) for HAL_GPIO_WritePin
    gpio.o(i.MX_GPIO_Init) refers to stm32f4xx_hal_gpio.o(i.HAL_GPIO_Init) for HAL_GPIO_Init
    freertos.o(i.LcdTask_Entry) refers to cmsis_os2.o(i.osDelay) for osDelay
    freertos.o(i.LvglTimerTask_Entry) refers to lv_timer.o(i.lv_timer_handler) for lv_timer_handler
    freertos.o(i.LvglTimerTask_Entry) refers to cmsis_os2.o(i.osDelay) for osDelay
[...]
    mpu9250-dmp.o(i.MPU9250_dmpBegin) refers to inv_mpu_dmp_motion_driver.o(i.dmp_enable_lp_quat) for dmp_enable_lp_quat
    mpu9250-dmp.o(i.MPU9250_dmpBegin) refers to inv_mpu_dmp_motion_driver.o(i.dmp_enable_6x_lp_quat) for dmp_enable_6x_lp_quat
    mpu9250-dmp.o(i.MPU9250_dmpBegin) refers to inv_mpu_dmp_motion_driver.o(i.dmp_enable_gyro_cal) for dmp_enable_gyro_cal
    mpu9250-dmp.o(i.MPU9250_dmpBegin) refers to mpu9250-dmp.o(i.MPU9250_dmpEnableFeatures) for MPU9250_dmpEnableFeatures
    mpu9250-dmp.o(i.MPU9250_dmpBegin) refers to mpu9250-dmp.o(i.MPU9250_dmpSetFifoRate) for MPU9250_dmpSetFifoRate
    mpu9250-dmp.o(i.MPU9250_dmpBegin) refers to inv_mpu.o(i.mpu_set_dmp_state) for mpu_set_dmp_state
    mpu9250-dmp.o(i.MPU9250_dmpEnable3Quat) refers to mpu9250-dmp.o(i.MPU9250_dmpGetEnabledFeatures) for MPU9250_dmpGetEnabledFeatures
    mpu9250-dmp.o(i.MPU9250_dmpEnable3Quat) refers to inv_mpu_dmp_motion_driver.o(i.dmp_enable_feature) for dmp_enable_feature
    mpu9250-dmp.o(i.MPU9250_dmpEnable3Quat) refers to inv_mpu_dmp_motion_driver.o(i.dmp_enable_lp_quat) for dmp_enable_lp_quat
    mpu9250-dmp.o(i.MPU9250_dmpEnableFeatures) refers to inv_mpu_dmp_motion_driver.o(i.dmp_enable_feature) for dmp_enable_feature
    mpu9250-dmp.o(i.MPU9250_dmpGetEnabledFeatures) refers to inv_mpu_dmp_motion_driver.o(i.dmp_get_enabled_features) for dmp_get_enabled_features
    mpu9250-dmp.o(i.MPU9250_dmpGetFifoRate) refers to inv_mpu_dmp_motion_driver.o(i.dmp_get_fifo_rate) for dmp_get_fifo_rate
    mpu9250-dmp.o(i.MPU9250_dmpGetOrientation) refers to mpu9250-dmp.o(.data) for .data
    mpu9250-dmp.o(i.MPU9250_dmpGetPedometerSteps) refers to inv_mpu_dmp_motion_driver.o(i.dmp_get_pedometer_step_count) for dmp_get_pedometer_step_count
    mpu9250-dmp.o(i.MPU9250_dmpGetPedometerTime) refers to inv_mpu_dmp_motion_driver.o(i.dmp_get_pedometer_walk_time) for dmp_get_pedometer_walk_time
    mpu9250-dmp.o(i.MPU9250_dmpLoad) refers to inv_mpu_dmp_motion_driver.o(i.dmp_load_motion_driver_firmware) for dmp_load_motion_driver_firmware
    mpu9250-dmp.o(i.MPU9250_dmpSetFifoRate) refers to inv_mpu_dmp_motion_driver.o(i.dmp_set_fifo_rate) for dmp_set_fifo_rate
    mpu9250-dmp.o(i.MPU9250_dmpSetOrientation) refers to mpu9250-dmp.o(i.MPU9250_orientation_row_2_scale) for MPU9250_orientation_row_2_scale
    mpu9250-dmp.o(i.MPU9250_dmpSetOrientation) refers to inv_mpu_dmp_motion_driver.o(i.dmp_register_android_orient_cb) for dmp_register_android_orient_cb
    mpu9250-dmp.o(i.MPU9250_dmpSetOrientation) refers to inv_mpu_dmp_motion_driver.o(i.dmp_set_orientation) for dmp_set_orientation
    mpu9250-dmp.o(i.MPU9250_dmpSetOrientation) refers to mpu9250-dmp.o(i.orient_cb) for orient_cb
    mpu9250-dmp.o(i.MPU9250_dmpSetPedometerSteps) refers to inv_mpu_dmp_motion_driver.o(i.dmp_set_pedometer_step_count) for dmp_set_pedometer_step_count
    mpu9250-dmp.o(i.MPU9250_dmpSetPedometerTime) refers to inv_mpu_dmp_motion_driver.o(i.dmp_set_pedometer_walk_time) for dmp_set_pedometer_walk_time
    mpu9250-dmp.o(i.MPU9250_dmpSetTap) refers to inv_mpu_dmp_motion_driver.o(i.dmp_set_tap_thresh) for dmp_set_tap_thresh
    mpu9250-dmp.o(i.MPU9250_dmpSetTap) refers to inv_mpu_dmp_motion_driver.o(i.dmp_set_tap_axes) for dmp_set_tap_axes
    mpu9250-dmp.o(i.MPU9250_dmpSetTap) refers to inv_mpu_dmp_motion_driver.o(i.dmp_set_tap_count) for dmp_set_tap_count
    mpu9250-dmp.o(i.MPU9250_dmpSetTap) refers to inv_mpu_dmp_motion_driver.o(i.dmp_set_tap_time) for dmp_set_tap_time
    mpu9250-dmp.o(i.MPU9250_dmpSetTap) refers to inv_mpu_dmp_motion_driver.o(i.dmp_set_tap_time_multi) for dmp_set_tap_time_multi
    mpu9250-dmp.o(i.MPU9250_dmpSetTap) refers to inv_mpu_dmp_motion_driver.o(i.dmp_register_tap_cb) for dmp_register_tap_cb
    mpu9250-dmp.o(i.MPU9250_dmpSetTap) refers to mpu9250-dmp.o(i.tap_cb) for tap_cb
    mpu9250-dmp.o(i.MPU9250_dmpUpdateFifo) refers to inv_mpu_dmp_motion_driver.o(i.dmp_read_fifo) for dmp_read_fifo
    mpu9250-dmp.o(i.MPU9250_dmpUpdateFifo) refers to mpu9250-dmp.o(.data) for .data
    mpu9250-dmp.o(i.MPU9250_enableInterrupt) refers to inv_mpu.o(i.set_int_enable) for set_int_enable
    mpu9250-dmp.o(i.MPU9250_fifoAvailable) refers to inv_mpu.o(i.mpu_read_reg) for mpu_read_reg
    mpu9250-dmp.o(i.MPU9250_getAccelFSR) refers to inv_mpu.o(i.mpu_get_accel_fsr) for mpu_get_accel_fsr
    mpu9250-dmp.o(i.MPU9250_getAccelSens) refers to inv_mpu.o(i.mpu_get_accel_sens) for mpu_get_accel_sens
    mpu9250-dmp.o(i.MPU9250_getCompassSampleRate) refers to inv_mpu.o(i.mpu_get_compass_sample_rate) for mpu_get_compass_sample_rate
    mpu9250-dmp.o(i.MPU9250_getFifoConfig) refers to inv_mpu.o(i.mpu_get_fifo_config) for mpu_get_fifo_config
    mpu9250-dmp.o(i.MPU9250_getGyroFSR) refers to inv_mpu.o(i.mpu_get_gyro_fsr) for mpu_get_gyro_fsr
    mpu9250-dmp.o(i.MPU9250_getGyroSens) refers to inv_mpu.o(i.mpu_get_gyro_sens) for mpu_get_gyro_sens
    mpu9250-dmp.o(i.MPU9250_getIntStatus) refers to inv_mpu.o(i.mpu_get_int_status) for mpu_get_int_status
    mpu9250-dmp.o(i.MPU9250_getLPF) refers to inv_mpu.o(i.mpu_get_lpf) for mpu_get_lpf
    mpu9250-dmp.o(i.MPU9250_getMagFSR) refers to inv_mpu.o(i.mpu_get_compass_fsr) for mpu_get_compass_fsr
    mpu9250-dmp.o(i.MPU9250_getSampleRate) refers to inv_mpu.o(i.mpu_get_sample_rate) for mpu_get_sample_rate
    mpu9250-dmp.o(i.MPU9250_getTapCount) refers to mpu9250-dmp.o(.data) for .data
    mpu9250-dmp.o(i.MPU9250_getTapDir) refers to mpu9250-dmp.o(.data) for .data
    mpu9250-dmp.o(i.MPU9250_lowPowerAccel) refers to inv_mpu.o(i.mpu_lp_accel_mode) for mpu_lp_accel_mode
    mpu9250-dmp.o(i.MPU9250_resetFifo) refers to inv_mpu.o(i.mpu_reset_fifo) for mpu_reset_fifo
    mpu9250-dmp.o(i.MPU9250_selfTest) refers to inv_mpu.o(i.mpu_run_self_test) for mpu_run_self_test
    mpu9250-dmp.o(i.MPU9250_setAccelFSR) refers to inv_mpu.o(i.mpu_set_accel_fsr) for mpu_set_accel_fsr
    mpu9250-dmp.o(i.MPU9250_setAccelFSR) refers to mpu9250-dmp.o(i.MPU9250_getAccelSens) for MPU9250_getAccelSens
    mpu9250-dmp.o(i.MPU9250_setAccelFSR) refers to mpu9250-dmp.o(.data) for .data
    mpu9250-dmp.o(i.MPU9250_setCompassSampleRate) refers to inv_mpu.o(i.mpu_set_compass_sample_rate) for mpu_set_compass_sample_rate
    mpu9250-dmp.o(i.MPU9250_setGyroFSR) refers to inv_mpu.o(i.mpu_set_gyro_fsr) for mpu_set_gyro_fsr
    mpu9250-dmp.o(i.MPU9250_setGyroFSR) refers to mpu9250-dmp.o(i.MPU9250_getGyroSens) for MPU9250_getGyroSens
    mpu9250-dmp.o(i.MPU9250_setGyroFSR) refers to mpu9250-dmp.o(.data) for .data
    mpu9250-dmp.o(i.MPU9250_setIntLatched) refers to inv_mpu.o(i.mpu_set_int_latched) for mpu_set_int_latched
    mpu9250-dmp.o(i.MPU9250_setIntLevel) refers to inv_mpu.o(i.mpu_set_int_level) for mpu_set_int_level
    mpu9250-dmp.o(i.MPU9250_setLPF) refers to inv_mpu.o(i.mpu_set_lpf) for mpu_set_lpf
    mpu9250-dmp.o(i.MPU9250_setSampleRate) refers to inv_mpu.o(i.mpu_set_sample_rate) for mpu_set_sample_rate
    mpu9250-dmp.o(i.MPU9250_setSensors) refers to inv_mpu.o(i.mpu_set_sensors) for mpu_set_sensors
    mpu9250-dmp.o(i.MPU9250_tapAvailable) refers to mpu9250-dmp.o(.data) for .data
    mpu9250-dmp.o(i.MPU9250_update) refers to mpu9250-dmp.o(i.MPU9250_updateAccel) for MPU9250_updateAccel
    mpu9250-dmp.o(i.MPU9250_update) refers to mpu9250-dmp.o(i.MPU9250_updateGyro) for MPU9250_updateGyro
    mpu9250-dmp.o(i.MPU9250_update) refers to mpu9250-dmp.o(i.MPU9250_updateCompass) for MPU9250_updateCompass
    mpu9250-dmp.o(i.MPU9250_update) refers to mpu9250-dmp.o(i.MPU9250_updateTemperature) for MPU9250_updateTemperature
    mpu9250-dmp.o(i.MPU9250_updateAccel) refers to inv_mpu.o(i.mpu_get_accel_reg) for mpu_get_accel_reg
    mpu9250-dmp.o(i.MPU9250_updateAccel) refers to mpu9250-dmp.o(.data) for .data
    mpu9250-dmp.o(i.MPU9250_updateCompass) refers to inv_mpu.o(i.mpu_get_compass_reg) for mpu_get_compass_reg
    mpu9250-dmp.o(i.MPU9250_updateCompass) refers to mpu9250-dmp.o(.data) for .data
    mpu9250-dmp.o(i.MPU9250_updateFifo) refers to inv_mpu.o(i.mpu_read_fifo) for mpu_read_fifo
    mpu9250-dmp.o(i.MPU9250_updateFifo) refers to mpu9250-dmp.o(.data) for .data
    mpu9250-dmp.o(i.MPU9250_updateGyro) refers to inv_mpu.o(i.mpu_get_gyro_reg) for mpu_get_gyro_reg
    mpu9250-dmp.o(i.MPU9250_updateGyro) refers to mpu9250-dmp.o(.data) for .data
    mpu9250-dmp.o(i.MPU9250_updateTemperature) refers to inv_mpu.o(i.mpu_get_temperature) for mpu_get_temperature
    mpu9250-dmp.o(i.MPU9250_updateTemperature) refers to mpu9250-dmp.o(.data) for .data
    mpu9250-dmp.o(i.orient_cb) refers to mpu9250-dmp.o(.data) for .data
    mpu9250-dmp.o(i.tap_cb) refers to mpu9250-dmp.o(.data) for .data
    lcd_dma.o(i.Draw_Circle_DMA) refers to lcd_dma.o(i.LCD_DrawPoint_DMA) for LCD_DrawPoint_DMA
    lcd_dma.o(i.LCD_DrawLine_DMA) refers to lcd_dma.o(i.LCD_DrawPoint_DMA) for LCD_DrawPoint_DMA
    lcd_dma.o(i.LCD_DrawPoint_DMA) refers to lcd_init_dma.o(i.LCD_Address_Set_DMA) for LCD_Address_Set_DMA
    lcd_dma.o(i.LCD_DrawPoint_DMA) refers to lcd_init_dma.o(i.LCD_WR_DATA_DMA) for LCD_WR_DATA_DMA
    lcd_dma.o(i.LCD_DrawRectangle_DMA) refers to lcd_dma.o(i.LCD_DrawLine_DMA) for LCD_DrawLine_DMA
    lcd_dma.o(i.LCD_Fill_DMA) refers to lcd_init_dma.o(i.LCD_Address_Set_DMA) for LCD_Address_Set_DMA
    lcd_dma.o(i.LCD_Fill_DMA) refers to lcd_init_dma.o(i.LCD_WR_DATA_DMA) for LCD_WR_DATA_DMA
    lcd_dma.o(i.LCD_LVGL_Color_Fill_DMA) refers to lcd_init_dma.o(i.LCD_Address_Set_DMA) for LCD_Address_Set_DMA
    lcd_dma.o(i.LCD_LVGL_Color_Fill_DMA) refers to lcd_init_dma.o(i.LCD_WR_DATA_DMA) for LCD_WR_DATA_DMA
    lcd_dma.o(i.LCD_ShowChar_DMA) refers to lcd_init_dma.o(i.LCD_Address_Set_DMA) for LCD_Address_Set_DMA
    lcd_dma.o(i.LCD_ShowChar_DMA) refers to lcd_dma.o(i.LCD_DrawPoint_DMA) for LCD_DrawPoint_DMA
    lcd_dma.o(i.LCD_ShowChar_DMA) refers to lcd_init_dma.o(i.LCD_WR_DATA_DMA) for LCD_WR_DATA_DMA
    lcd_dma.o(i.LCD_ShowChar_DMA) refers to lcd_dma.o(.constdata) for .constdata
    lcd_dma.o(i.LCD_ShowChinese12x12_DMA) refers to lcd_init_dma.o(i.LCD_Address_Set_DMA) for LCD_Address_Set_DMA
    lcd_dma.o(i.LCD_ShowChinese12x12_DMA) refers to lcd_dma.o(i.LCD_DrawPoint_DMA) for LCD_DrawPoint_DMA
    lcd_dma.o(i.LCD_ShowChinese12x12_DMA) refers to lcd_init_dma.o(i.LCD_WR_DATA_DMA) for LCD_WR_DATA_DMA
    lcd_dma.o(i.LCD_ShowChinese12x12_DMA) refers to lcd_dma.o(.constdata) for .constdata
    lcd_dma.o(i.LCD_ShowChinese16x16_DMA) refers to lcd_init_dma.o(i.LCD_Address_Set_DMA) for LCD_Address_Set_DMA
    lcd_dma.o(i.LCD_ShowChinese16x16_DMA) refers to lcd_dma.o(i.LCD_DrawPoint_DMA) for LCD_DrawPoint_DMA
    lcd_dma.o(i.LCD_ShowChinese16x16_DMA) refers to lcd_init_dma.o(i.LCD_WR_DATA_DMA) for LCD_WR_DATA_DMA
    lcd_dma.o(i.LCD_ShowChinese16x16_DMA) refers to lcd_dma.o(.constdata) for .constdata
    lcd_dma.o(i.LCD_ShowChinese24x24_DMA) refers to lcd_init_dma.o(i.LCD_Address_Set_DMA) for LCD_Address_Set_DMA
    lcd_dma.o(i.LCD_ShowChinese24x24_DMA) refers to lcd_dma.o(i.LCD_DrawPoint_DMA) for LCD_DrawPoint_DMA
    lcd_dma.o(i.LCD_ShowChinese24x24_DMA) refers to lcd_init_dma.o(i.LCD_WR_DATA_DMA) for LCD_WR_DATA_DMA
    lcd_dma.o(i.LCD_ShowChinese24x24_DMA) refers to lcd_dma.o(.constdata) for .constdata
    lcd_dma.o(i.LCD_ShowChinese32x32_DMA) refers to lcd_init_dma.o(i.LCD_Address_Set_DMA) for LCD_Address_Set_DMA
    lcd_dma.o(i.LCD_ShowChinese32x32_DMA) refers to lcd_dma.o(i.LCD_DrawPoint_DMA) for LCD_DrawPoint_DMA
    lcd_dma.o(i.LCD_ShowChinese32x32_DMA) refers to lcd_init_dma.o(i.LCD_WR_DATA_DMA) for LCD_WR_DATA_DMA
    lcd_dma.o(i.LCD_ShowChinese32x32_DMA) refers to lcd_dma.o(.constdata) for .constdata
    lcd_dma.o(i.LCD_ShowChinese_DMA) refers to lcd_dma.o(i.LCD_ShowChinese32x32_DMA) for LCD_ShowChinese32x32_DMA
    lcd_dma.o(i.LCD_ShowChinese_DMA) refers to lcd_dma.o(i.LCD_ShowChinese12x12_DMA) for LCD_ShowChinese12x12_DMA
    lcd_dma.o(i.LCD_ShowChinese_DMA) refers to lcd_dma.o(i.LCD_ShowChinese16x16_DMA) for LCD_ShowChinese16x16_DMA
    lcd_dma.o(i.LCD_ShowChinese_DMA) refers to lcd_dma.o(i.LCD_ShowChinese24x24_DMA) for LCD_ShowChinese24x24_DMA
    lcd_dma.o(i.LCD_ShowFloatNum1_DMA) refers to lcd_dma.o(i.mypow_DMA) for mypow_DMA
    lcd_dma.o(i.LCD_ShowFloatNum1_DMA) refers to lcd_dma.o(i.LCD_ShowChar_DMA) for LCD_ShowChar_DMA
    lcd_dma.o(i.LCD_ShowIntNum_DMA) refers to lcd_dma.o(i.mypow_DMA) for mypow_DMA
    lcd_dma.o(i.LCD_ShowIntNum_DMA) refers to lcd_dma.o(i.LCD_ShowChar_DMA) for LCD_ShowChar_DMA
    lcd_dma.o(i.LCD_ShowPicture_DMA) refers to lcd_init_dma.o(i.LCD_Address_Set_DMA) for LCD_Address_Set_DMA
    lcd_dma.o(i.LCD_ShowPicture_DMA) refers to lcd_init_dma.o(i.LCD_WR_DATA8_DMA) for LCD_WR_DATA8_DMA
    lcd_dma.o(i.LCD_ShowString_DMA) refers to lcd_dma.o(i.LCD_ShowChar_DMA) for LCD_ShowChar_DMA
    lcd_init_dma.o(i.LCD_Address_Set_DMA) refers to lcd_init_dma.o(i.LCD_WR_REG_DMA) for LCD_WR_REG_DMA
    lcd_init_dma.o(i.LCD_Address_Set_DMA) refers to lcd_init_dma.o(i.LCD_WR_DATA_DMA) for LCD_WR_DATA_DMA
    lcd_init_dma.o(i.LCD_Init_DMA) refers to stm32f4xx_hal_gpio.o(i.HAL_GPIO_WritePin) for HAL_GPIO_WritePin
    lcd_init_dma.o(i.LCD_Init_DMA) refers to tasks.o(i.vTaskDelay) for vTaskDelay
    lcd_init_dma.o(i.LCD_Init_DMA) refers to lcd_init_dma.o(i.LCD_WR_REG_DMA) for LCD_WR_REG_DMA
    lcd_init_dma.o(i.LCD_Init_DMA) refers to lcd_init_dma.o(i.LCD_WR_DATA8_DMA) for LCD_WR_DATA8_DMA
    lcd_init_dma.o(i.LCD_Init_DMA) refers to spi.o(.bss) for hspi2
    lcd_init_dma.o(i.LCD_WR_DATA8_DMA) refers to lcd_init_dma.o(i.LCD_WriteData_DMA) for LCD_WriteData_DMA
    lcd_init_dma.o(i.LCD_WR_DATA_DMA) refers to lcd_init_dma.o(i.LCD_WriteData_DMA) for LCD_WriteData_DMA
    lcd_init_dma.o(i.LCD_WR_REG_DMA) refers to stm32f4xx_hal_gpio.o(i.HAL_GPIO_WritePin) for HAL_GPIO_WritePin
    lcd_init_dma.o(i.LCD_WR_REG_DMA) refers to lcd_init_dma.o(i.LCD_WriteData_DMA) for LCD_WriteData_DMA
    lcd_init_dma.o(i.LCD_Writ_Bus_DMA) refers to lcd_init_dma.o(i.LCD_WriteData_DMA) for LCD_WriteData_DMA
    lcd_init_dma.o(i.LCD_WriteData_DMA) refers to stm32f4xx_hal_gpio.o(i.HAL_GPIO_WritePin) for HAL_GPIO_WritePin
    lcd_init_dma.o(i.LCD_WriteData_DMA) refers to stm32f4xx_hal_spi.o(i.HAL_SPI_Transmit_DMA) for HAL_SPI_Transmit_DMA
    lcd_init_dma.o(i.LCD_WriteData_DMA) refers to stm32f4xx_hal_spi.o(i.HAL_SPI_GetState) for HAL_SPI_GetState
    lcd_init_dma.o(i.LCD_WriteData_DMA) refers to spi.o(.bss) for hspi2
    inv_mpu.o(i.accel_6500_self_test) refers to stm32_mpu9250_i2c_fixed.o(i.stm32_i2c_read) for stm32_i2c_read
    inv_mpu.o(i.accel_6500_self_test) refers to f2d.o(x$fpl$f2d) for __aeabi_f2d
    inv_mpu.o(i.accel_6500_self_test) refers to dflt_clz.o(x$fpl$dflt) for __aeabi_i2d
    inv_mpu.o(i.accel_6500_self_test) refers to fabs.o(i.__hardfp_fabs) for __hardfp_fabs
    inv_mpu.o(i.accel_6500_self_test) refers to drleqf.o(x$fpl$drleqf) for __aeabi_cdrcmple
    inv_mpu.o(i.accel_6500_self_test) refers to inv_mpu.o(.data) for .data
    inv_mpu.o(i.accel_6500_self_test) refers to inv_mpu.o(.constdata) for .constdata
    inv_mpu.o(i.compass_self_test) refers to inv_mpu.o(i.mpu_set_bypass) for mpu_set_bypass
    inv_mpu.o(i.compass_self_test) refers to stm32_mpu9250_i2c_fixed.o(i.stm32_i2c_write) for stm32_i2c_write
    inv_mpu.o(i.compass_self_test) refers to stm32_mpu9250_clk.o(i.stm32_delay_ms) for stm32_delay_ms
    inv_mpu.o(i.compass_self_test) refers to stm32_mpu9250_i2c_fixed.o(i.stm32_i2c_read) for stm32_i2c_read
    inv_mpu.o(i.compass_self_test) refers to inv_mpu.o(.data) for .data
    inv_mpu.o(i.get_st_6500_biases) refers to stm32_mpu9250_i2c_fixed.o(i.stm32_i2c_write) for stm32_i2c_write
    inv_mpu.o(i.get_st_6500_biases) refers to stm32_mpu9250_clk.o(i.stm32_delay_ms) for stm32_delay_ms
    inv_mpu.o(i.get_st_6500_biases) refers to stm32_mpu9250_i2c_fixed.o(i.stm32_i2c_read) for stm32_i2c_read
    inv_mpu.o(i.get_st_6500_biases) refers to llsdiv.o(.text) for __aeabi_ldivmod
    inv_mpu.o(i.get_st_6500_biases) refers to inv_mpu.o(.data) for .data
    inv_mpu.o(i.get_st_biases) refers to stm32_mpu9250_i2c_fixed.o(i.stm32_i2c_write) for stm32_i2c_write
    inv_mpu.o(i.get_st_biases) refers to stm32_mpu9250_clk.o(i.stm32_delay_ms) for stm32_delay_ms
    inv_mpu.o(i.get_st_biases) refers to stm32_mpu9250_i2c_fixed.o(i.stm32_i2c_read) for stm32_i2c_read
    inv_mpu.o(i.get_st_biases) refers to llsdiv.o(.text) for __aeabi_ldivmod
    inv_mpu.o(i.get_st_biases) refers to inv_mpu.o(.data) for .data
    inv_mpu.o(i.gyro_6500_self_test) refers to stm32_mpu9250_i2c_fixed.o(i.stm32_i2c_read) for stm32_i2c_read
    inv_mpu.o(i.gyro_6500_self_test) refers to f2d.o(x$fpl$f2d) for __aeabi_f2d
    inv_mpu.o(i.gyro_6500_self_test) refers to dflt_clz.o(x$fpl$dflt) for __aeabi_i2d
    inv_mpu.o(i.gyro_6500_self_test) refers to fabs.o(i.__hardfp_fabs) for __hardfp_fabs
    inv_mpu.o(i.gyro_6500_self_test) refers to drleqf.o(x$fpl$drleqf) for __aeabi_cdrcmple
    inv_mpu.o(i.gyro_6500_self_test) refers to inv_mpu.o(.data) for .data
    inv_mpu.o(i.gyro_6500_self_test) refers to inv_mpu.o(.constdata) for .constdata
    inv_mpu.o(i.mpu_configure_fifo) refers to inv_mpu.o(i.set_int_enable) for set_int_enable
    inv_mpu.o(i.mpu_configure_fifo) refers to inv_mpu.o(i.mpu_reset_fifo) for mpu_reset_fifo
    inv_mpu.o(i.mpu_configure_fifo) refers to inv_mpu.o(.data) for .data
    inv_mpu.o(i.mpu_get_accel_fsr) refers to inv_mpu.o(.data) for .data
    inv_mpu.o(i.mpu_get_accel_reg) refers to stm32_mpu9250_i2c_fixed.o(i.stm32_i2c_read) for stm32_i2c_read
    inv_mpu.o(i.mpu_get_accel_reg) refers to stm32_mpu9250_clk.o(i.stm32_get_clock_ms) for stm32_get_clock_ms
    inv_mpu.o(i.mpu_get_accel_reg) refers to inv_mpu.o(.data) for .data
    inv_mpu.o(i.mpu_get_accel_sens) refers to inv_mpu.o(.data) for .data
    inv_mpu.o(i.mpu_get_compass_fsr) refers to inv_mpu.o(.data) for .data
    inv_mpu.o(i.mpu_get_compass_reg) refers to stm32_mpu9250_i2c_fixed.o(i.stm32_i2c_read) for stm32_i2c_read
    inv_mpu.o(i.mpu_get_compass_reg) refers to stm32_mpu9250_clk.o(i.stm32_get_clock_ms) for stm32_get_clock_ms
    inv_mpu.o(i.mpu_get_compass_reg) refers to inv_mpu.o(.data) for .data
    inv_mpu.o(i.mpu_get_compass_sample_rate) refers to inv_mpu.o(.data) for .data
    inv_mpu.o(i.mpu_get_dmp_state) refers to inv_mpu.o(.data) for .data
    inv_mpu.o(i.mpu_get_fifo_config) refers to inv_mpu.o(.data) for .data
    inv_mpu.o(i.mpu_get_gyro_fsr) refers to inv_mpu.o(.data) for .data
    inv_mpu.o(i.mpu_get_gyro_reg) refers to stm32_mpu9250_i2c_fixed.o(i.stm32_i2c_read) for stm32_i2c_read
    inv_mpu.o(i.mpu_get_gyro_reg) refers to stm32_mpu9250_clk.o(i.stm32_get_clock_ms) for stm32_get_clock_ms
    inv_mpu.o(i.mpu_get_gyro_reg) refers to inv_mpu.o(.data) for .data
    inv_mpu.o(i.mpu_get_gyro_sens) refers to inv_mpu.o(.data) for .data
    inv_mpu.o(i.mpu_get_int_status) refers to stm32_mpu9250_i2c_fixed.o(i.stm32_i2c_read) for stm32_i2c_read
    inv_mpu.o(i.mpu_get_int_status) refers to inv_mpu.o(.data) for .data
    inv_mpu.o(i.mpu_get_lpf) refers to inv_mpu.o(.data) for .data
    inv_mpu.o(i.mpu_get_power_state) refers to inv_mpu.o(.data) for .data
    inv_mpu.o(i.mpu_get_sample_rate) refers to inv_mpu.o(.data) for .data
    inv_mpu.o(i.mpu_get_temperature) refers to stm32_mpu9250_i2c_fixed.o(i.stm32_i2c_read) for stm32_i2c_read
    inv_mpu.o(i.mpu_get_temperature) refers to stm32_mpu9250_clk.o(i.stm32_get_clock_ms) for stm32_get_clock_ms
    inv_mpu.o(i.mpu_get_temperature) refers to inv_mpu.o(.data) for .data
    inv_mpu.o(i.mpu_init) refers to stm32_mpu9250_i2c_fixed.o(i.stm32_i2c_write) for stm32_i2c_write
    inv_mpu.o(i.mpu_init) refers to stm32_mpu9250_clk.o(i.stm32_delay_ms) for stm32_delay_ms
    inv_mpu.o(i.mpu_init) refers to noretval__2printf.o(.text) for __2printf
    inv_mpu.o(i.mpu_init) refers to inv_mpu.o(i.mpu_set_gyro_fsr) for mpu_set_gyro_fsr
    inv_mpu.o(i.mpu_init) refers to inv_mpu.o(i.mpu_set_accel_fsr) for mpu_set_accel_fsr
    inv_mpu.o(i.mpu_init) refers to inv_mpu.o(i.mpu_set_lpf) for mpu_set_lpf
    inv_mpu.o(i.mpu_init) refers to inv_mpu.o(i.mpu_set_sample_rate) for mpu_set_sample_rate
    inv_mpu.o(i.mpu_init) refers to inv_mpu.o(i.mpu_configure_fifo) for mpu_configure_fifo
    inv_mpu.o(i.mpu_init) refers to inv_mpu.o(i.setup_compass) for setup_compass
    inv_mpu.o(i.mpu_init) refers to inv_mpu.o(i.mpu_set_compass_sample_rate) for mpu_set_compass_sample_rate
    inv_mpu.o(i.mpu_init) refers to inv_mpu.o(i.mpu_set_sensors) for mpu_set_sensors
    inv_mpu.o(i.mpu_init) refers to inv_mpu.o(.data) for .data
    inv_mpu.o(i.mpu_load_firmware) refers to inv_mpu.o(i.mpu_write_mem) for mpu_write_mem
    inv_mpu.o(i.mpu_load_firmware) refers to inv_mpu.o(i.mpu_read_mem) for mpu_read_mem
    inv_mpu.o(i.mpu_load_firmware) refers to memcmp.o(.text) for memcmp
    inv_mpu.o(i.mpu_load_firmware) refers to stm32_mpu9250_i2c_fixed.o(i.stm32_i2c_write) for stm32_i2c_write
    inv_mpu.o(i.mpu_load_firmware) refers to inv_mpu.o(.data) for .data
    inv_mpu.o(i.mpu_lp_accel_mode) refers to inv_mpu.o(i.mpu_set_int_latched) for mpu_set_int_latched
    inv_mpu.o(i.mpu_lp_accel_mode) refers to stm32_mpu9250_i2c_fixed.o(i.stm32_i2c_write) for stm32_i2c_write
    inv_mpu.o(i.mpu_lp_accel_mode) refers to inv_mpu.o(i.mpu_configure_fifo) for mpu_configure_fifo
    inv_mpu.o(i.mpu_lp_accel_mode) refers to inv_mpu.o(.data) for .data
    inv_mpu.o(i.mpu_lp_motion_interrupt) refers to inv_mpu.o(i.mpu_set_dmp_state) for mpu_set_dmp_state
    inv_mpu.o(i.mpu_lp_motion_interrupt) refers to inv_mpu.o(i.mpu_get_gyro_fsr) for mpu_get_gyro_fsr
    inv_mpu.o(i.mpu_lp_motion_interrupt) refers to inv_mpu.o(i.mpu_get_accel_fsr) for mpu_get_accel_fsr
    inv_mpu.o(i.mpu_lp_motion_interrupt) refers to inv_mpu.o(i.mpu_get_lpf) for mpu_get_lpf
    inv_mpu.o(i.mpu_lp_motion_interrupt) refers to inv_mpu.o(i.mpu_get_sample_rate) for mpu_get_sample_rate
    inv_mpu.o(i.mpu_lp_motion_interrupt) refers to inv_mpu.o(i.set_int_enable) for set_int_enable
    inv_mpu.o(i.mpu_lp_motion_interrupt) refers to stm32_mpu9250_i2c_fixed.o(i.stm32_i2c_write) for stm32_i2c_write
    inv_mpu.o(i.mpu_lp_motion_interrupt) refers to inv_mpu.o(i.mpu_set_sensors) for mpu_set_sensors
    inv_mpu.o(i.mpu_lp_motion_interrupt) refers to inv_mpu.o(i.mpu_set_gyro_fsr) for mpu_set_gyro_fsr
    inv_mpu.o(i.mpu_lp_motion_interrupt) refers to inv_mpu.o(i.mpu_set_accel_fsr) for mpu_set_accel_fsr
    inv_mpu.o(i.mpu_lp_motion_interrupt) refers to inv_mpu.o(i.mpu_set_lpf) for mpu_set_lpf
    inv_mpu.o(i.mpu_lp_motion_interrupt) refers to inv_mpu.o(i.mpu_set_sample_rate) for mpu_set_sample_rate
    inv_mpu.o(i.mpu_lp_motion_interrupt) refers to inv_mpu.o(i.mpu_configure_fifo) for mpu_configure_fifo
    inv_mpu.o(i.mpu_lp_motion_interrupt) refers to inv_mpu.o(.data) for .data
    inv_mpu.o(i.mpu_read_6050_accel_bias) refers to stm32_mpu9250_i2c_fixed.o(i.stm32_i2c_read) for stm32_i2c_read
    inv_mpu.o(i.mpu_read_6050_accel_bias) refers to inv_mpu.o(.data) for .data
    inv_mpu.o(i.mpu_read_6500_accel_bias) refers to stm32_mpu9250_i2c_fixed.o(i.stm32_i2c_read) for stm32_i2c_read
    inv_mpu.o(i.mpu_read_6500_accel_bias) refers to inv_mpu.o(.data) for .data
    inv_mpu.o(i.mpu_read_6500_gyro_bias) refers to stm32_mpu9250_i2c_fixed.o(i.stm32_i2c_read) for stm32_i2c_read
    inv_mpu.o(i.mpu_read_6500_gyro_bias) refers to inv_mpu.o(.data) for .data
    inv_mpu.o(i.mpu_read_fifo) refers to stm32_mpu9250_i2c_fixed.o(i.stm32_i2c_read) for stm32_i2c_read
    inv_mpu.o(i.mpu_read_fifo) refers to inv_mpu.o(i.mpu_reset_fifo) for mpu_reset_fifo
    inv_mpu.o(i.mpu_read_fifo) refers to stm32_mpu9250_clk.o(i.stm32_get_clock_ms) for stm32_get_clock_ms
    inv_mpu.o(i.mpu_read_fifo) refers to inv_mpu.o(.data) for .data
    inv_mpu.o(i.mpu_read_fifo_stream) refers to stm32_mpu9250_i2c_fixed.o(i.stm32_i2c_read) for stm32_i2c_read
    inv_mpu.o(i.mpu_read_fifo_stream) refers to inv_mpu.o(i.mpu_reset_fifo) for mpu_reset_fifo
    inv_mpu.o(i.mpu_read_fifo_stream) refers to inv_mpu.o(.data) for .data
    inv_mpu.o(i.mpu_read_mem) refers to stm32_mpu9250_i2c_fixed.o(i.stm32_i2c_write) for stm32_i2c_write
    inv_mpu.o(i.mpu_read_mem) refers to stm32_mpu9250_i2c_fixed.o(i.stm32_i2c_read) for stm32_i2c_read
    inv_mpu.o(i.mpu_read_mem) refers to inv_mpu.o(.data) for .data
    inv_mpu.o(i.mpu_read_reg) refers to stm32_mpu9250_i2c_fixed.o(i.stm32_i2c_read) for stm32_i2c_read
    inv_mpu.o(i.mpu_read_reg) refers to inv_mpu.o(.data) for .data
    inv_mpu.o(i.mpu_reg_dump) refers to stm32_mpu9250_i2c_fixed.o(i.stm32_i2c_read) for stm32_i2c_read
    inv_mpu.o(i.mpu_reg_dump) refers to inv_mpu.o(.data) for .data
    inv_mpu.o(i.mpu_reset_fifo) refers to stm32_mpu9250_i2c_fixed.o(i.stm32_i2c_write) for stm32_i2c_write
    inv_mpu.o(i.mpu_reset_fifo) refers to stm32_mpu9250_clk.o(i.stm32_delay_ms) for stm32_delay_ms
    inv_mpu.o(i.mpu_reset_fifo) refers to inv_mpu.o(.data) for .data
    inv_mpu.o(i.mpu_run_6500_self_test) refers to inv_mpu.o(i.mpu_set_dmp_state) for mpu_set_dmp_state
    inv_mpu.o(i.mpu_run_6500_self_test) refers to inv_mpu.o(i.mpu_get_gyro_fsr) for mpu_get_gyro_fsr
    inv_mpu.o(i.mpu_run_6500_self_test) refers to inv_mpu.o(i.mpu_get_accel_fsr) for mpu_get_accel_fsr
    inv_mpu.o(i.mpu_run_6500_self_test) refers to inv_mpu.o(i.mpu_get_lpf) for mpu_get_lpf
    inv_mpu.o(i.mpu_run_6500_self_test) refers to inv_mpu.o(i.mpu_get_sample_rate) for mpu_get_sample_rate
    inv_mpu.o(i.mpu_run_6500_self_test) refers to inv_mpu.o(i.get_st_6500_biases) for get_st_6500_biases
    inv_mpu.o(i.mpu_run_6500_self_test) refers to inv_mpu.o(i.accel_6500_self_test) for accel_6500_self_test
    inv_mpu.o(i.mpu_run_6500_self_test) refers to inv_mpu.o(i.gyro_6500_self_test) for gyro_6500_self_test
    inv_mpu.o(i.mpu_run_6500_self_test) refers to inv_mpu.o(i.compass_self_test) for compass_self_test
    inv_mpu.o(i.mpu_run_6500_self_test) refers to inv_mpu.o(i.mpu_set_gyro_fsr) for mpu_set_gyro_fsr
    inv_mpu.o(i.mpu_run_6500_self_test) refers to inv_mpu.o(i.mpu_set_accel_fsr) for mpu_set_accel_fsr
    inv_mpu.o(i.mpu_run_6500_self_test) refers to inv_mpu.o(i.mpu_set_lpf) for mpu_set_lpf
    inv_mpu.o(i.mpu_run_6500_self_test) refers to inv_mpu.o(i.mpu_set_sample_rate) for mpu_set_sample_rate
    inv_mpu.o(i.mpu_run_6500_self_test) refers to inv_mpu.o(i.mpu_set_sensors) for mpu_set_sensors
    inv_mpu.o(i.mpu_run_6500_self_test) refers to inv_mpu.o(i.mpu_configure_fifo) for mpu_configure_fifo
    inv_mpu.o(i.mpu_run_6500_self_test) refers to inv_mpu.o(.data) for .data
    inv_mpu.o(i.mpu_run_self_test) refers to inv_mpu.o(i.mpu_set_dmp_state) for mpu_set_dmp_state
    inv_mpu.o(i.mpu_run_self_test) refers to inv_mpu.o(i.mpu_get_gyro_fsr) for mpu_get_gyro_fsr
    inv_mpu.o(i.mpu_run_self_test) refers to inv_mpu.o(i.mpu_get_accel_fsr) for mpu_get_accel_fsr
    inv_mpu.o(i.mpu_run_self_test) refers to inv_mpu.o(i.mpu_get_lpf) for mpu_get_lpf
    inv_mpu.o(i.mpu_run_self_test) refers to inv_mpu.o(i.mpu_get_sample_rate) for mpu_get_sample_rate
    inv_mpu.o(i.mpu_run_self_test) refers to inv_mpu.o(i.get_st_biases) for get_st_biases
    inv_mpu.o(i.mpu_run_self_test) refers to inv_mpu.o(i.mpu_set_gyro_fsr) for mpu_set_gyro_fsr
    inv_mpu.o(i.mpu_run_self_test) refers to inv_mpu.o(i.mpu_set_accel_fsr) for mpu_set_accel_fsr
    inv_mpu.o(i.mpu_run_self_test) refers to inv_mpu.o(i.mpu_set_lpf) for mpu_set_lpf
    inv_mpu.o(i.mpu_run_self_test) refers to inv_mpu.o(i.mpu_set_sample_rate) for mpu_set_sample_rate
    inv_mpu.o(i.mpu_run_self_test) refers to inv_mpu.o(i.mpu_set_sensors) for mpu_set_sensors
    inv_mpu.o(i.mpu_run_self_test) refers to inv_mpu.o(i.mpu_configure_fifo) for mpu_configure_fifo
    inv_mpu.o(i.mpu_run_self_test) refers to inv_mpu.o(.data) for .data
    inv_mpu.o(i.mpu_set_accel_bias_6050_reg) refers to inv_mpu.o(i.mpu_read_6050_accel_bias) for mpu_read_6050_accel_bias
    inv_mpu.o(i.mpu_set_accel_bias_6050_reg) refers to stm32_mpu9250_i2c_fixed.o(i.stm32_i2c_write) for stm32_i2c_write
    inv_mpu.o(i.mpu_set_accel_bias_6050_reg) refers to inv_mpu.o(.data) for .data
    inv_mpu.o(i.mpu_set_accel_bias_6500_reg) refers to inv_mpu.o(i.mpu_read_6500_accel_bias) for mpu_read_6500_accel_bias
    inv_mpu.o(i.mpu_set_accel_bias_6500_reg) refers to stm32_mpu9250_i2c_fixed.o(i.stm32_i2c_write) for stm32_i2c_write
    inv_mpu.o(i.mpu_set_accel_bias_6500_reg) refers to inv_mpu.o(.data) for .data
    inv_mpu.o(i.mpu_set_accel_fsr) refers to stm32_mpu9250_i2c_fixed.o(i.stm32_i2c_write) for stm32_i2c_write
    inv_mpu.o(i.mpu_set_accel_fsr) refers to inv_mpu.o(.data) for .data
    inv_mpu.o(i.mpu_set_bypass) refers to stm32_mpu9250_i2c_fixed.o(i.stm32_i2c_read) for stm32_i2c_read
    inv_mpu.o(i.mpu_set_bypass) refers to stm32_mpu9250_i2c_fixed.o(i.stm32_i2c_write) for stm32_i2c_write
    inv_mpu.o(i.mpu_set_bypass) refers to stm32_mpu9250_clk.o(i.stm32_delay_ms) for stm32_delay_ms
    inv_mpu.o(i.mpu_set_bypass) refers to inv_mpu.o(.data) for .data
    inv_mpu.o(i.mpu_set_compass_sample_rate) refers to stm32_mpu9250_i2c_fixed.o(i.stm32_i2c_write) for stm32_i2c_write
    inv_mpu.o(i.mpu_set_compass_sample_rate) refers to inv_mpu.o(.data) for .data
    inv_mpu.o(i.mpu_set_dmp_state) refers to inv_mpu.o(i.set_int_enable) for set_int_enable
    inv_mpu.o(i.mpu_set_dmp_state) refers to inv_mpu.o(i.mpu_set_bypass) for mpu_set_bypass
    inv_mpu.o(i.mpu_set_dmp_state) refers to inv_mpu.o(i.mpu_set_sample_rate) for mpu_set_sample_rate
    inv_mpu.o(i.mpu_set_dmp_state) refers to stm32_mpu9250_i2c_fixed.o(i.stm32_i2c_write) for stm32_i2c_write
    inv_mpu.o(i.mpu_set_dmp_state) refers to inv_mpu.o(i.mpu_reset_fifo) for mpu_reset_fifo
    inv_mpu.o(i.mpu_set_dmp_state) refers to inv_mpu.o(.data) for .data
    inv_mpu.o(i.mpu_set_gyro_bias_reg) refers to stm32_mpu9250_i2c_fixed.o(i.stm32_i2c_write) for stm32_i2c_write
    inv_mpu.o(i.mpu_set_gyro_bias_reg) refers to inv_mpu.o(.data) for .data
    inv_mpu.o(i.mpu_set_gyro_fsr) refers to stm32_mpu9250_i2c_fixed.o(i.stm32_i2c_write) for stm32_i2c_write
    inv_mpu.o(i.mpu_set_gyro_fsr) refers to inv_mpu.o(.data) for .data
    inv_mpu.o(i.mpu_set_int_latched) refers to stm32_mpu9250_i2c_fixed.o(i.stm32_i2c_write) for stm32_i2c_write
    inv_mpu.o(i.mpu_set_int_latched) refers to inv_mpu.o(.data) for .data
    inv_mpu.o(i.mpu_set_int_level) refers to inv_mpu.o(.data) for .data
    inv_mpu.o(i.mpu_set_lpf) refers to stm32_mpu9250_i2c_fixed.o(i.stm32_i2c_write) for stm32_i2c_write
    inv_mpu.o(i.mpu_set_lpf) refers to inv_mpu.o(.data) for .data
    inv_mpu.o(i.mpu_set_sample_rate) refers to inv_mpu.o(i.mpu_lp_accel_mode) for mpu_lp_accel_mode
    inv_mpu.o(i.mpu_set_sample_rate) refers to stm32_mpu9250_i2c_fixed.o(i.stm32_i2c_write) for stm32_i2c_write
    inv_mpu.o(i.mpu_set_sample_rate) refers to inv_mpu.o(i.min) for min
    inv_mpu.o(i.mpu_set_sample_rate) refers to inv_mpu.o(i.mpu_set_compass_sample_rate) for mpu_set_compass_sample_rate
    inv_mpu.o(i.mpu_set_sample_rate) refers to inv_mpu.o(i.mpu_set_lpf) for mpu_set_lpf
    inv_mpu.o(i.mpu_set_sample_rate) refers to inv_mpu.o(.data) for .data
    inv_mpu.o(i.mpu_set_sensors) refers to stm32_mpu9250_i2c_fixed.o(i.stm32_i2c_write) for stm32_i2c_write
    inv_mpu.o(i.mpu_set_sensors) refers to inv_mpu.o(i.mpu_set_int_latched) for mpu_set_int_latched
    inv_mpu.o(i.mpu_set_sensors) refers to stm32_mpu9250_i2c_fixed.o(i.stm32_i2c_read) for stm32_i2c_read
    inv_mpu.o(i.mpu_set_sensors) refers to stm32_mpu9250_clk.o(i.stm32_delay_ms) for stm32_delay_ms
    inv_mpu.o(i.mpu_set_sensors) refers to inv_mpu.o(.data) for .data
    inv_mpu.o(i.mpu_write_mem) refers to stm32_mpu9250_i2c_fixed.o(i.stm32_i2c_write) for stm32_i2c_write
    inv_mpu.o(i.mpu_write_mem) refers to inv_mpu.o(.data) for .data
    inv_mpu.o(i.set_int_enable) refers to stm32_mpu9250_i2c_fixed.o(i.stm32_i2c_write) for stm32_i2c_write
    inv_mpu.o(i.set_int_enable) refers to inv_mpu.o(.data) for .data
    inv_mpu.o(i.setup_compass) refers to inv_mpu.o(i.mpu_set_bypass) for mpu_set_bypass
    inv_mpu.o(i.setup_compass) refers to stm32_mpu9250_i2c_fixed.o(i.stm32_i2c_read) for stm32_i2c_read
    inv_mpu.o(i.setup_compass) refers to stm32_mpu9250_i2c_fixed.o(i.stm32_i2c_write) for stm32_i2c_write
    inv_mpu.o(i.setup_compass) refers to stm32_mpu9250_clk.o(i.stm32_delay_ms) for stm32_delay_ms
    inv_mpu.o(i.setup_compass) refers to inv_mpu.o(.data) for .data
    inv_mpu.o(.data) refers to inv_mpu.o(.constdata) for reg
    inv_mpu.o(.data) refers to inv_mpu.o(.constdata) for hw
    inv_mpu.o(.data) refers to inv_mpu.o(.constdata) for test
    inv_mpu_dmp_motion_driver.o(i.dmp_enable_6x_lp_quat) refers to aeabi_memset.o(.text) for __aeabi_memset
    inv_mpu_dmp_motion_driver.o(i.dmp_enable_6x_lp_quat) refers to inv_mpu.o(i.mpu_write_mem) for mpu_write_mem
    inv_mpu_dmp_motion_driver.o(i.dmp_enable_6x_lp_quat) refers to inv_mpu.o(i.mpu_reset_fifo) for mpu_reset_fifo
    inv_mpu_dmp_motion_driver.o(i.dmp_enable_feature) refers to inv_mpu.o(i.mpu_write_mem) for mpu_write_mem
    inv_mpu_dmp_motion_driver.o(i.dmp_enable_feature) refers to inv_mpu_dmp_motion_driver.o(i.dmp_enable_gyro_cal) for dmp_enable_gyro_cal
    inv_mpu_dmp_motion_driver.o(i.dmp_enable_feature) refers to inv_mpu_dmp_motion_driver.o(i.dmp_set_tap_thresh) for dmp_set_tap_thresh
    inv_mpu_dmp_motion_driver.o(i.dmp_enable_feature) refers to inv_mpu_dmp_motion_driver.o(i.dmp_set_tap_axes) for dmp_set_tap_axes
    inv_mpu_dmp_motion_driver.o(i.dmp_enable_feature) refers to inv_mpu_dmp_motion_driver.o(i.dmp_set_tap_count) for dmp_set_tap_count
    inv_mpu_dmp_motion_driver.o(i.dmp_enable_feature) refers to inv_mpu_dmp_motion_driver.o(i.dmp_set_tap_time) for dmp_set_tap_time
    inv_mpu_dmp_motion_driver.o(i.dmp_enable_feature) refers to inv_mpu_dmp_motion_driver.o(i.dmp_set_tap_time_multi) for dmp_set_tap_time_multi
    inv_mpu_dmp_motion_driver.o(i.dmp_enable_feature) refers to inv_mpu_dmp_motion_driver.o(i.dmp_set_shake_reject_thresh) for dmp_set_shake_reject_thresh
    inv_mpu_dmp_motion_driver.o(i.dmp_enable_feature) refers to inv_mpu_dmp_motion_driver.o(i.dmp_set_shake_reject_time) for dmp_set_shake_reject_time
    inv_mpu_dmp_motion_driver.o(i.dmp_enable_feature) refers to inv_mpu_dmp_motion_driver.o(i.dmp_set_shake_reject_timeout) for dmp_set_shake_reject_timeout
    inv_mpu_dmp_motion_driver.o(i.dmp_enable_feature) refers to inv_mpu_dmp_motion_driver.o(i.dmp_enable_lp_quat) for dmp_enable_lp_quat
    inv_mpu_dmp_motion_driver.o(i.dmp_enable_feature) refers to inv_mpu_dmp_motion_driver.o(i.dmp_enable_6x_lp_quat) for dmp_enable_6x_lp_quat
    inv_mpu_dmp_motion_driver.o(i.dmp_enable_feature) refers to inv_mpu.o(i.mpu_reset_fifo) for mpu_reset_fifo
    inv_mpu_dmp_motion_driver.o(i.dmp_enable_feature) refers to inv_mpu_dmp_motion_driver.o(.bss) for .bss
    inv_mpu_dmp_motion_driver.o(i.dmp_enable_gyro_cal) refers to inv_mpu.o(i.mpu_write_mem) for mpu_write_mem
    inv_mpu_dmp_motion_driver.o(i.dmp_enable_lp_quat) refers to aeabi_memset.o(.text) for __aeabi_memset
    inv_mpu_dmp_motion_driver.o(i.dmp_enable_lp_quat) refers to inv_mpu.o(i.mpu_write_mem) for mpu_write_mem
    inv_mpu_dmp_motion_driver.o(i.dmp_enable_lp_quat) refers to inv_mpu.o(i.mpu_reset_fifo) for mpu_reset_fifo
    inv_mpu_dmp_motion_driver.o(i.dmp_get_enabled_features) refers to inv_mpu_dmp_motion_driver.o(.bss) for .bss
    inv_mpu_dmp_motion_driver.o(i.dmp_get_fifo_rate) refers to inv_mpu_dmp_motion_driver.o(.bss) for .bss
    inv_mpu_dmp_motion_driver.o(i.dmp_get_pedometer_step_count) refers to inv_mpu.o(i.mpu_read_mem) for mpu_read_mem
    inv_mpu_dmp_motion_driver.o(i.dmp_get_pedometer_walk_time) refers to inv_mpu.o(i.mpu_read_mem) for mpu_read_mem
    inv_mpu_dmp_motion_driver.o(i.dmp_load_motion_driver_firmware) refers to inv_mpu.o(i.mpu_load_firmware) for mpu_load_firmware
    inv_mpu_dmp_motion_driver.o(i.dmp_load_motion_driver_firmware) refers to inv_mpu_dmp_motion_driver.o(.constdata) for .constdata
    inv_mpu_dmp_motion_driver.o(i.dmp_read_fifo) refers to inv_mpu.o(i.mpu_read_fifo_stream) for mpu_read_fifo_stream
    inv_mpu_dmp_motion_driver.o(i.dmp_read_fifo) refers to inv_mpu.o(i.mpu_reset_fifo) for mpu_reset_fifo
    inv_mpu_dmp_motion_driver.o(i.dmp_read_fifo) refers to stm32_mpu9250_clk.o(i.stm32_get_clock_ms) for stm32_get_clock_ms
    inv_mpu_dmp_motion_driver.o(i.dmp_read_fifo) refers to inv_mpu_dmp_motion_driver.o(.bss) for .bss
    inv_mpu_dmp_motion_driver.o(i.dmp_register_android_orient_cb) refers to inv_mpu_dmp_motion_driver.o(.bss) for .bss
    inv_mpu_dmp_motion_driver.o(i.dmp_register_tap_cb) refers to inv_mpu_dmp_motion_driver.o(.bss) for .bss
    inv_mpu_dmp_motion_driver.o(i.dmp_set_accel_bias) refers to inv_mpu.o(i.mpu_get_accel_sens) for mpu_get_accel_sens
    inv_mpu_dmp_motion_driver.o(i.dmp_set_accel_bias) refers to inv_mpu.o(i.mpu_write_mem) for mpu_write_mem
    inv_mpu_dmp_motion_driver.o(i.dmp_set_accel_bias) refers to inv_mpu_dmp_motion_driver.o(.bss) for .bss
    inv_mpu_dmp_motion_driver.o(i.dmp_set_fifo_rate) refers to inv_mpu.o(i.mpu_write_mem) for mpu_write_mem
    inv_mpu_dmp_motion_driver.o(i.dmp_set_fifo_rate) refers to inv_mpu_dmp_motion_driver.o(.bss) for .bss
    inv_mpu_dmp_motion_driver.o(i.dmp_set_gyro_bias) refers to inv_mpu.o(i.mpu_write_mem) for mpu_write_mem
    inv_mpu_dmp_motion_driver.o(i.dmp_set_gyro_bias) refers to inv_mpu_dmp_motion_driver.o(.bss) for .bss
    inv_mpu_dmp_motion_driver.o(i.dmp_set_interrupt_mode) refers to inv_mpu.o(i.mpu_write_mem) for mpu_write_mem
    inv_mpu_dmp_motion_driver.o(i.dmp_set_orientation) refers to inv_mpu.o(i.mpu_write_mem) for mpu_write_mem
    inv_mpu_dmp_motion_driver.o(i.dmp_set_orientation) refers to inv_mpu_dmp_motion_driver.o(.bss) for .bss
    inv_mpu_dmp_motion_driver.o(i.dmp_set_pedometer_step_count) refers to inv_mpu.o(i.mpu_write_mem) for mpu_write_mem
    inv_mpu_dmp_motion_driver.o(i.dmp_set_pedometer_walk_time) refers to inv_mpu.o(i.mpu_write_mem) for mpu_write_mem
    inv_mpu_dmp_motion_driver.o(i.dmp_set_shake_reject_thresh) refers to inv_mpu.o(i.mpu_write_mem) for mpu_write_mem
    inv_mpu_dmp_motion_driver.o(i.dmp_set_shake_reject_time) refers to inv_mpu.o(i.mpu_write_mem) for mpu_write_mem
    inv_mpu_dmp_motion_driver.o(i.dmp_set_shake_reject_timeout) refers to inv_mpu.o(i.mpu_write_mem) for mpu_write_mem
    inv_mpu_dmp_motion_driver.o(i.dmp_set_tap_axes) refers to inv_mpu.o(i.mpu_write_mem) for mpu_write_mem
    inv_mpu_dmp_motion_driver.o(i.dmp_set_tap_count) refers to inv_mpu.o(i.mpu_write_mem) for mpu_write_mem
    inv_mpu_dmp_motion_driver.o(i.dmp_set_tap_thresh) refers to inv_mpu.o(i.mpu_get_accel_fsr) for mpu_get_accel_fsr
    inv_mpu_dmp_motion_driver.o(i.dmp_set_tap_thresh) refers to inv_mpu.o(i.mpu_write_mem) for mpu_write_mem
    inv_mpu_dmp_motion_driver.o(i.dmp_set_tap_time) refers to inv_mpu.o(i.mpu_write_mem) for mpu_write_mem
    inv_mpu_dmp_motion_driver.o(i.dmp_set_tap_time_multi) refers to inv_mpu.o(i.mpu_write_mem) for mpu_write_mem
    stm32_mpu9250_clk.o(i.stm32_delay_ms) refers to stm32f4xx_hal.o(i.HAL_Delay) for HAL_Delay
    stm32_mpu9250_clk.o(i.stm32_get_clock_ms) refers to stm32f4xx_hal.o(i.HAL_GetTick) for HAL_GetTick
    stm32_mpu9250_i2c_fixed.o(i.stm32_i2c_read) refers to stm32f4xx_hal_i2c.o(i.HAL_I2C_Master_Transmit) for HAL_I2C_Master_Transmit
    stm32_mpu9250_i2c_fixed.o(i.stm32_i2c_read) refers to stm32f4xx_hal_i2c.o(i.HAL_I2C_Master_Receive) for HAL_I2C_Master_Receive
    stm32_mpu9250_i2c_fixed.o(i.stm32_i2c_read) refers to i2c.o(.bss) for hi2c1
    stm32_mpu9250_i2c_fixed.o(i.stm32_i2c_read) refers to system_stm32f4xx.o(.data) for SystemCoreClock
    stm32_mpu9250_i2c_fixed.o(i.stm32_i2c_write) refers to stm32f4xx_hal_i2c.o(i.HAL_I2C_Master_Transmit) for HAL_I2C_Master_Transmit
    stm32_mpu9250_i2c_fixed.o(i.stm32_i2c_write) refers to i2c.o(.bss) for hi2c1
    lcd_task.o(i.LcdTask_Entry) refers to lcd_init.o(i.LCD_Init) for LCD_Init
    lcd_task.o(i.LcdTask_Entry) refers to lv_obj.o(i.lv_init) for lv_init
    lcd_task.o(i.LcdTask_Entry) refers to lv_port_disp.o(i.lv_port_disp_init) for lv_port_disp_init
    lcd_task.o(i.LcdTask_Entry) refers to lcd_task.o(i.lv_scr_act) for lv_scr_act
    lcd_task.o(i.LcdTask_Entry) refers to lv_btn.o(i.lv_btn_create) for lv_btn_create
    lcd_task.o(i.LcdTask_Entry) refers to lv_obj_pos.o(i.lv_obj_set_pos) for lv_obj_set_pos
    lcd_task.o(i.LcdTask_Entry) refers to lv_obj_pos.o(i.lv_obj_set_size) for lv_obj_set_size
    lcd_task.o(i.LcdTask_Entry) refers to lv_label.o(i.lv_label_create) for lv_label_create
    lcd_task.o(i.LcdTask_Entry) refers to lv_obj_pos.o(i.lv_obj_align) for lv_obj_align
    lcd_task.o(i.LcdTask_Entry) refers to lv_label.o(i.lv_label_set_text) for lv_label_set_text
    lcd_task.o(i.LcdTask_Entry) refers to lv_obj_pos.o(i.lv_obj_align_to) for lv_obj_align_to
    lcd_task.o(i.LcdTask_Entry) refers to cmsis_os2.o(i.osDelay) for osDelay
    lcd_task.o(i.lv_scr_act) refers to lv_hal_disp.o(i.lv_disp_get_default) for lv_disp_get_default
    lcd_task.o(i.lv_scr_act) refers to lv_disp.o(i.lv_disp_get_scr_act) for lv_disp_get_scr_act
    malloc.o(.text) refers (Special) to hguard.o(.text) for __heap$guard
    malloc.o(.text) refers (Special) to init_alloc.o(.text) for _init_alloc
    malloc.o(.text) refers to rt_heap_descriptor_intlibspace.o(.text) for __rt_heap_descriptor
    malloc.o(.text) refers to heapstubs.o(.text) for __Heap_Alloc
    free.o(.text) refers (Special) to hguard.o(.text) for __heap$guard
    free.o(.text) refers to rt_heap_descriptor_intlibspace.o(.text) for __rt_heap_descriptor
    free.o(.text) refers to heapstubs.o(.text) for __Heap_Free
    h1_alloc.o(.text) refers (Special) to h1_init.o(.text) for __Heap_Initialize
    h1_alloc.o(.text) refers to rt_heap_descriptor_intlibspace.o(.text) for __rt_heap_descriptor
    h1_alloc.o(.text) refers to init_alloc.o(.text) for __Heap_Full
    h1_free.o(.text) refers to rt_heap_descriptor_intlibspace.o(.text) for __rt_heap_descriptor
    h1_alloc_mt.o(.text) refers (Special) to h1_init.o(.text) for __Heap_Initialize
    h1_alloc_mt.o(.text) refers to init_alloc.o(.text) for __Heap_Full
    h1_alloc_mt.o(.text) refers to rt_heap_descriptor_intlibspace.o(.text) for __rt_heap_descriptor
    h1_free_mt.o(.text) refers to rt_heap_descriptor_intlibspace.o(.text) for __rt_heap_descriptor
    heap2.o(i._FDIterate) refers to heap2.o(.conststring) for .conststring
    heap2.o(i.___Heap_ProvideMemory$realtime) refers to fdtree.o(i._FDTree_Delete) for _FDTree_Delete
    heap2.o(i.___Heap_ProvideMemory$realtime) refers to fdtree.o(i._FDTree_Insert) for _FDTree_Insert
    heap2.o(i.___Heap_Stats$realtime) refers to heap2.o(i._Heap2_StatsIterate) for _Heap2_StatsIterate
    heap2.o(i.___Heap_Valid$realtime) refers to heap2.o(i._FDIterate) for _FDIterate
    heap2.o(i.___Heap_Valid$realtime) refers to heap2.o(.conststring) for .conststring
    heap2.o(i._free$realtime) refers to rt_heap_descriptor_intlibspace.o(.text) for __rt_heap_descriptor
    heap2.o(i._free$realtime) refers to fdtree.o(i._FDTree_Delete) for _FDTree_Delete
    heap2.o(i._free$realtime) refers to fdtree.o(i._FDTree_Insert) for _FDTree_Insert
    heap2.o(i._malloc$realtime) refers to rt_heap_descriptor_intlibspace.o(.text) for __rt_heap_descriptor
    heap2.o(i._malloc$realtime) refers to fdtree.o(i._FDTree_FindFirst) for _FDTree_FindFirst
    heap2.o(i._malloc$realtime) refers to init_alloc.o(.text) for __Heap_Full
    heap2.o(i._malloc$realtime) refers to fdtree.o(i._FDTree_RemoveNode) for _FDTree_RemoveNode
    heap2.o(i._malloc$realtime) refers to fdtree.o(i._FDTree_Insert) for _FDTree_Insert
    heap2.o(i._posix_memalign$realtime) refers to rt_heap_descriptor_intlibspace.o(.text) for __rt_heap_descriptor
    heap2.o(i._posix_memalign$realtime) refers to fdtree.o(i._FDTree_FindFirst) for _FDTree_FindFirst
    heap2.o(i._posix_memalign$realtime) refers to init_alloc.o(.text) for __Heap_Full
    heap2.o(i._posix_memalign$realtime) refers to fdtree.o(i._FDTree_RemoveNode) for _FDTree_RemoveNode
    heap2.o(i._posix_memalign$realtime) refers to fdtree.o(i._FDTree_Insert) for _FDTree_Insert
    heap2.o(i._realloc$realtime) refers to rt_heap_descriptor_intlibspace.o(.text) for __rt_heap_descriptor
    heap2.o(i._realloc$realtime) refers to fdtree.o(i._FDTree_Insert) for _FDTree_Insert
    heap2.o(i._realloc$realtime) refers to h1_free.o(.text) for free
    heap2.o(i._realloc$realtime) refers to h1_alloc.o(.text) for malloc
    heap2.o(i._realloc$realtime) refers to fdtree.o(i._FDTree_Delete) for _FDTree_Delete
    heap2.o(i._realloc$realtime) refers to rt_memcpy_w.o(.text) for __aeabi_memcpy4
    heap2mt.o(i._FDIterate) refers to heap2mt.o(.conststring) for .conststring
    heap2mt.o(i.___Heap_Initialize$realtime$concurrent) refers to mutex_dummy.o(.text) for _mutex_initialize
    heap2mt.o(i.___Heap_ProvideMemory$realtime$concurrent) refers to fdtree.o(i._FDTree_Delete) for _FDTree_Delete
    heap2mt.o(i.___Heap_ProvideMemory$realtime$concurrent) refers to fdtree.o(i._FDTree_Insert) for _FDTree_Insert
    heap2mt.o(i.___Heap_Stats$realtime$concurrent) refers to heap2mt.o(i._Heap2_StatsIterate) for _Heap2_StatsIterate
    heap2mt.o(i.___Heap_Valid$realtime$concurrent) refers to heap2mt.o(i._FDIterate) for _FDIterate
    heap2mt.o(i.___Heap_Valid$realtime$concurrent) refers to heap2mt.o(.conststring) for .conststring
    heap2mt.o(i._free$realtime$concurrent) refers to rt_heap_descriptor_intlibspace.o(.text) for __rt_heap_descriptor
    heap2mt.o(i._free$realtime$concurrent) refers to fdtree.o(i._FDTree_Delete) for _FDTree_Delete
    heap2mt.o(i._free$realtime$concurrent) refers to fdtree.o(i._FDTree_Insert) for _FDTree_Insert
    heap2mt.o(i._malloc$realtime$concurrent) refers to rt_heap_descriptor_intlibspace.o(.text) for __rt_heap_descriptor
    heap2mt.o(i._malloc$realtime$concurrent) refers to fdtree.o(i._FDTree_FindFirst) for _FDTree_FindFirst
    heap2mt.o(i._malloc$realtime$concurrent) refers to init_alloc.o(.text) for __Heap_Full
    heap2mt.o(i._malloc$realtime$concurrent) refers to fdtree.o(i._FDTree_RemoveNode) for _FDTree_RemoveNode
    heap2mt.o(i._malloc$realtime$concurrent) refers to fdtree.o(i._FDTree_Insert) for _FDTree_Insert
    heap2mt.o(i._posix_memalign$realtime$concurrent) refers to rt_heap_descriptor_intlibspace.o(.text) for __rt_heap_descriptor
    heap2mt.o(i._posix_memalign$realtime$concurrent) refers to fdtree.o(i._FDTree_FindFirst) for _FDTree_FindFirst
    heap2mt.o(i._posix_memalign$realtime$concurrent) refers to init_alloc.o(.text) for __Heap_Full
    heap2mt.o(i._posix_memalign$realtime$concurrent) refers to fdtree.o(i._FDTree_RemoveNode) for _FDTree_RemoveNode
    heap2mt.o(i._posix_memalign$realtime$concurrent) refers to fdtree.o(i._FDTree_Insert) for _FDTree_Insert
    heap2mt.o(i._realloc$realtime$concurrent) refers to rt_heap_descriptor_intlibspace.o(.text) for __rt_heap_descriptor
    heap2mt.o(i._realloc$realtime$concurrent) refers to fdtree.o(i._FDTree_Insert) for _FDTree_Insert
    heap2mt.o(i._realloc$realtime$concurrent) refers to h1_free.o(.text) for free
    heap2mt.o(i._realloc$realtime$concurrent) refers to h1_alloc.o(.text) for malloc
    heap2mt.o(i._realloc$realtime$concurrent) refers to fdtree.o(i._FDTree_Delete) for _FDTree_Delete
    heap2mt.o(i._realloc$realtime$concurrent) refers to rt_memcpy_w.o(.text) for __aeabi_memcpy4
    llsdiv.o(.text) refers to lludivv7m.o(.text) for __aeabi_uldivmod
    __2printf.o(.text) refers to _printf_char_file.o(.text) for _printf_char_file
    __2printf.o(.text) refers to stdio_streams.o(.bss) for __stdout
    noretval__2printf.o(.text) refers to _printf_char_file.o(.text) for _printf_char_file
    noretval__2printf.o(.text) refers to stdio_streams.o(.bss) for __stdout
    __printf.o(.text) refers to _printf_percent.o(.ARM.Collect$$_printf_percent$$00000000) for _printf_percent
    _printf_dec.o(.text) refers to _printf_intcommon.o(.text) for _printf_int_common
    __printf_flags.o(.text) refers to _printf_percent.o(.ARM.Collect$$_printf_percent$$00000000) for _printf_percent
    __printf_flags.o(.text) refers to __printf_flags.o(.constdata) for .constdata
    __printf_ss.o(.text) refers to _printf_percent.o(.ARM.Collect$$_printf_percent$$00000000) for _printf_percent
    __printf_flags_ss.o(.text) refers to _printf_percent.o(.ARM.Collect$$_printf_percent$$00000000) for _printf_percent
    __printf_flags_ss.o(.text) refers to __printf_flags_ss.o(.constdata) for .constdata
    __printf_wp.o(.text) refers to __printf_wp.o(i._is_digit) for _is_digit
    __printf_wp.o(.text) refers to _printf_percent.o(.ARM.Collect$$_printf_percent$$00000000) for _printf_percent
    __printf_flags_wp.o(.text) refers to __printf_wp.o(i._is_digit) for _is_digit
    __printf_flags_wp.o(.text) refers to _printf_percent.o(.ARM.Collect$$_printf_percent$$00000000) for _printf_percent
    __printf_flags_wp.o(.text) refers to __printf_flags_wp.o(.constdata) for .constdata
    __printf_ss_wp.o(.text) refers to __printf_wp.o(i._is_digit) for _is_digit
    __printf_ss_wp.o(.text) refers to _printf_percent.o(.ARM.Collect$$_printf_percent$$00000000) for _printf_percent
    __printf_flags_ss_wp.o(.text) refers to __printf_wp.o(i._is_digit) for _is_digit
    __printf_flags_ss_wp.o(.text) refers to _printf_percent.o(.ARM.Collect$$_printf_percent$$00000000) for _printf_percent
    __printf_flags_ss_wp.o(.text) refers to __printf_flags_ss_wp.o(.constdata) for .constdata
    _printf_d.o(.ARM.Collect$$_printf_percent$$00000009) refers (Weak) to _printf_dec.o(.text) for _printf_int_dec
    _printf_percent.o(.ARM.Collect$$_printf_percent$$00000000) refers (Special) to _printf_percent_end.o(.ARM.Collect$$_printf_percent$$00000017) for _printf_percent_end
    abort.o(.text) refers to defsig_abrt_outer.o(.text) for __rt_SIGABRT
    abort.o(.text) refers (Weak) to libshutdown.o(.ARM.Collect$$libshutdown$$00000000) for __rt_lib_shutdown
    abort.o(.text) refers to sys_exit.o(.text) for _sys_exit
    rt_memcpy_v6.o(.text) refers to rt_memcpy_w.o(.text) for __aeabi_memcpy4
    rt_memmove_v6.o(.text) refers to rt_memcpy_v6.o(.text) for __aeabi_memcpy
    rt_memmove_v6.o(.text) refers to rt_memmove_w.o(.text) for __memmove_aligned
    memset.o(.text) refers to rt_memclr.o(.text) for _memset
    aeabi_memset.o(.text) refers to rt_memclr.o(.text) for _memset
    rt_memclr.o(.text) refers to rt_memclr_w.o(.text) for _memset_w
    __main.o(!!!main) refers to __rtentry.o(.ARM.Collect$$rtentry$$00000000) for __rt_entry
    d2f.o(x$fpl$d2f) refers (Special) to usenofp.o(x$fpl$usenofp) for __I$use$fp
    d2f.o(x$fpl$d2f) refers to fretinf.o(x$fpl$fretinf) for __fpl_fretinf
    d2f.o(x$fpl$d2f) refers to dnaninf.o(x$fpl$dnaninf) for __fpl_dnaninf
    daddsub_clz.o(x$fpl$dadd) refers (Special) to usenofp.o(x$fpl$usenofp) for __I$use$fp
    daddsub_clz.o(x$fpl$dadd) refers to daddsub_clz.o(x$fpl$dsub) for _dsub1
    daddsub_clz.o(x$fpl$dadd) refers to dretinf.o(x$fpl$dretinf) for __fpl_dretinf
    daddsub_clz.o(x$fpl$dadd) refers to dnaninf.o(x$fpl$dnaninf) for __fpl_dnaninf
    daddsub_clz.o(x$fpl$drsb) refers (Special) to usenofp.o(x$fpl$usenofp) for __I$use$fp
    daddsub_clz.o(x$fpl$drsb) refers to daddsub_clz.o(x$fpl$dadd) for _dadd1
    daddsub_clz.o(x$fpl$drsb) refers to daddsub_clz.o(x$fpl$dsub) for _dsub1
    daddsub_clz.o(x$fpl$dsub) refers (Special) to usenofp.o(x$fpl$usenofp) for __I$use$fp
    daddsub_clz.o(x$fpl$dsub) refers to daddsub_clz.o(x$fpl$dadd) for _dadd1
    daddsub_clz.o(x$fpl$dsub) refers to dnaninf.o(x$fpl$dnaninf) for __fpl_dnaninf
    ddiv.o(x$fpl$drdiv) refers (Special) to usenofp.o(x$fpl$usenofp) for __I$use$fp
    ddiv.o(x$fpl$drdiv) refers to ddiv.o(x$fpl$ddiv) for ddiv_entry
    ddiv.o(x$fpl$ddiv) refers (Special) to usenofp.o(x$fpl$usenofp) for __I$use$fp
    ddiv.o(x$fpl$ddiv) refers to dretinf.o(x$fpl$dretinf) for __fpl_dretinf
    ddiv.o(x$fpl$ddiv) refers to dnaninf.o(x$fpl$dnaninf) for __fpl_dnaninf
    dflt_clz.o(x$fpl$dfltu) refers (Special) to usenofp.o(x$fpl$usenofp) for __I$use$fp
    dflt_clz.o(x$fpl$dflt) refers (Special) to usenofp.o(x$fpl$usenofp) for __I$use$fp
    dflt_clz.o(x$fpl$dfltn) refers (Special) to usenofp.o(x$fpl$usenofp) for __I$use$fp
    dmul.o(x$fpl$dmul) refers (Special) to usenofp.o(x$fpl$usenofp) for __I$use$fp
    dmul.o(x$fpl$dmul) refers to dretinf.o(x$fpl$dretinf) for __fpl_dretinf
    dmul.o(x$fpl$dmul) refers to dnaninf.o(x$fpl$dnaninf) for __fpl_dnaninf
    drleqf.o(x$fpl$drleqf) refers (Special) to usenofp.o(x$fpl$usenofp) for __I$use$fp
    drleqf.o(x$fpl$drleqf) refers to dleqf.o(x$fpl$dleqf) for __fpl_dcmple_InfNaN
    f2d.o(x$fpl$f2d) refers (Special) to usenofp.o(x$fpl$usenofp) for __I$use$fp
    f2d.o(x$fpl$f2d) refers to fnaninf.o(x$fpl$fnaninf) for __fpl_fnaninf
    f2d.o(x$fpl$f2d) refers to dretinf.o(x$fpl$dretinf) for __fpl_dretinf
    asin.o(i.__hardfp_asin) refers (Special) to usenofp.o(x$fpl$usenofp) for __I$use$fp
    asin.o(i.__hardfp_asin) refers to dunder.o(i.__mathlib_dbl_infnan) for __mathlib_dbl_infnan
    asin.o(i.__hardfp_asin) refers to dmul.o(x$fpl$dmul) for __aeabi_dmul
    asin.o(i.__hardfp_asin) refers to daddsub_clz.o(x$fpl$dadd) for __aeabi_dadd
    asin.o(i.__hardfp_asin) refers to _rserrno.o(.text) for __set_errno
    asin.o(i.__hardfp_asin) refers to dunder.o(i.__mathlib_dbl_invalid) for __mathlib_dbl_invalid
    asin.o(i.__hardfp_asin) refers to fpclassify.o(i.__ARM_fpclassify) for __ARM_fpclassify
    asin.o(i.__hardfp_asin) refers to dunder.o(i.__mathlib_dbl_underflow) for __mathlib_dbl_underflow
    asin.o(i.__hardfp_asin) refers to poly.o(i.__kernel_poly) for __kernel_poly
    asin.o(i.__hardfp_asin) refers to ddiv.o(x$fpl$ddiv) for __aeabi_ddiv
    asin.o(i.__hardfp_asin) refers to fabs.o(i.fabs) for fabs
    asin.o(i.__hardfp_asin) refers to daddsub_clz.o(x$fpl$drsb) for __aeabi_drsub
    asin.o(i.__hardfp_asin) refers to sqrt.o(i.sqrt) for sqrt
    asin.o(i.__hardfp_asin) refers to daddsub_clz.o(x$fpl$dsub) for __aeabi_dsub
    asin.o(i.__hardfp_asin) refers to basic.o(x$fpl$basic) for __aeabi_dneg
    asin.o(i.__hardfp_asin) refers to asin.o(.constdata) for .constdata
    asin.o(i.__softfp_asin) refers (Special) to usenofp.o(x$fpl$usenofp) for __I$use$fp
    asin.o(i.__softfp_asin) refers to asin.o(i.__hardfp_asin) for __hardfp_asin
    asin.o(i.asin) refers (Special) to usenofp.o(x$fpl$usenofp) for __I$use$fp
    asin.o(i.asin) refers to asin.o(i.__hardfp_asin) for __hardfp_asin
    asin.o(.constdata) refers (Special) to usenofp.o(x$fpl$usenofp) for __I$use$fp
    asin_x.o(i.____hardfp_asin$lsc) refers (Special) to usenofp.o(x$fpl$usenofp) for __I$use$fp
    asin_x.o(i.____hardfp_asin$lsc) refers to dunder.o(i.__mathlib_dbl_infnan) for __mathlib_dbl_infnan
    asin_x.o(i.____hardfp_asin$lsc) refers to dmul.o(x$fpl$dmul) for __aeabi_dmul
    asin_x.o(i.____hardfp_asin$lsc) refers to daddsub_clz.o(x$fpl$dadd) for __aeabi_dadd
    asin_x.o(i.____hardfp_asin$lsc) refers to _rserrno.o(.text) for __set_errno
    asin_x.o(i.____hardfp_asin$lsc) refers to poly.o(i.__kernel_poly) for __kernel_poly
    asin_x.o(i.____hardfp_asin$lsc) refers to ddiv.o(x$fpl$ddiv) for __aeabi_ddiv
    asin_x.o(i.____hardfp_asin$lsc) refers to fabs.o(i.fabs) for fabs
    asin_x.o(i.____hardfp_asin$lsc) refers to daddsub_clz.o(x$fpl$drsb) for __aeabi_drsub
    asin_x.o(i.____hardfp_asin$lsc) refers to sqrt.o(i.sqrt) for sqrt
    asin_x.o(i.____hardfp_asin$lsc) refers to daddsub_clz.o(x$fpl$dsub) for __aeabi_dsub
    asin_x.o(i.____hardfp_asin$lsc) refers to basic.o(x$fpl$basic) for __aeabi_dneg
    asin_x.o(i.____hardfp_asin$lsc) refers to asin_x.o(.constdata) for .constdata
    asin_x.o(i.____softfp_asin$lsc) refers (Special) to usenofp.o(x$fpl$usenofp) for __I$use$fp
    asin_x.o(i.____softfp_asin$lsc) refers to asin_x.o(i.____hardfp_asin$lsc) for ____hardfp_asin$lsc
    asin_x.o(i.__asin$lsc) refers (Special) to usenofp.o(x$fpl$usenofp) for __I$use$fp
    asin_x.o(i.__asin$lsc) refers to asin_x.o(i.____hardfp_asin$lsc) for ____hardfp_asin$lsc
    asin_x.o(.constdata) refers (Special) to usenofp.o(x$fpl$usenofp) for __I$use$fp
    atan2.o(i.__hardfp_atan2) refers (Special) to usenofp.o(x$fpl$usenofp) for __I$use$fp
    atan2.o(i.__hardfp_atan2) refers to dunder.o(i.__mathlib_dbl_infnan2) for __mathlib_dbl_infnan2
    atan2.o(i.__hardfp_atan2) refers to atan.o(i.atan) for atan
    atan2.o(i.__hardfp_atan2) refers to basic.o(x$fpl$basic) for __aeabi_dneg
    atan2.o(i.__hardfp_atan2) refers to ddiv.o(x$fpl$ddiv) for __aeabi_ddiv
    atan2.o(i.__hardfp_atan2) refers to fabs.o(i.fabs) for fabs
    atan2.o(i.__hardfp_atan2) refers to daddsub_clz.o(x$fpl$dsub) for __aeabi_dsub
    atan2.o(i.__hardfp_atan2) refers to daddsub_clz.o(x$fpl$drsb) for __aeabi_drsub
    atan2.o(i.__hardfp_atan2) refers to qnan.o(.constdata) for __mathlib_zero
    atan2.o(i.__softfp_atan2) refers (Special) to usenofp.o(x$fpl$usenofp) for __I$use$fp
    atan2.o(i.__softfp_atan2) refers to atan2.o(i.__hardfp_atan2) for __hardfp_atan2
    atan2.o(i.atan2) refers (Special) to usenofp.o(x$fpl$usenofp) for __I$use$fp
    atan2.o(i.atan2) refers to atan2.o(i.__hardfp_atan2) for __hardfp_atan2
    atan2_x.o(i.____hardfp_atan2$lsc) refers (Special) to usenofp.o(x$fpl$usenofp) for __I$use$fp
    atan2_x.o(i.____hardfp_atan2$lsc) refers to dunder.o(i.__mathlib_dbl_infnan2) for __mathlib_dbl_infnan2
    atan2_x.o(i.____hardfp_atan2$lsc) refers to atan.o(i.atan) for atan
    atan2_x.o(i.____hardfp_atan2$lsc) refers to _rserrno.o(.text) for __set_errno
    atan2_x.o(i.____hardfp_atan2$lsc) refers to basic.o(x$fpl$basic) for __aeabi_dneg
    atan2_x.o(i.____hardfp_atan2$lsc) refers to ddiv.o(x$fpl$ddiv) for __aeabi_ddiv
    atan2_x.o(i.____hardfp_atan2$lsc) refers to fabs.o(i.fabs) for fabs
    atan2_x.o(i.____hardfp_atan2$lsc) refers to daddsub_clz.o(x$fpl$dsub) for __aeabi_dsub
    atan2_x.o(i.____hardfp_atan2$lsc) refers to daddsub_clz.o(x$fpl$drsb) for __aeabi_drsub
    atan2_x.o(i.____hardfp_atan2$lsc) refers to qnan.o(.constdata) for __mathlib_zero
    atan2_x.o(i.____softfp_atan2$lsc) refers (Special) to usenofp.o(x$fpl$usenofp) for __I$use$fp
    atan2_x.o(i.____softfp_atan2$lsc) refers to atan2_x.o(i.____hardfp_atan2$lsc) for ____hardfp_atan2$lsc
    atan2_x.o(i.__atan2$lsc) refers (Special) to usenofp.o(x$fpl$usenofp) for __I$use$fp
    atan2_x.o(i.__atan2$lsc) refers to atan2_x.o(i.____hardfp_atan2$lsc) for ____hardfp_atan2$lsc
    cos.o(i.__hardfp_cos) refers (Special) to usenofp.o(x$fpl$usenofp) for __I$use$fp
    cos.o(i.__hardfp_cos) refers to _rserrno.o(.text) for __set_errno
    cos.o(i.__hardfp_cos) refers to dunder.o(i.__mathlib_dbl_invalid) for __mathlib_dbl_invalid
    cos.o(i.__hardfp_cos) refers to dunder.o(i.__mathlib_dbl_infnan) for __mathlib_dbl_infnan
    cos.o(i.__hardfp_cos) refers to rred.o(i.__ieee754_rem_pio2) for __ieee754_rem_pio2
    cos.o(i.__hardfp_cos) refers to sin_i.o(i.__kernel_sin) for __kernel_sin
    cos.o(i.__hardfp_cos) refers to cos_i.o(i.__kernel_cos) for __kernel_cos
    cos.o(i.__hardfp_cos) refers to basic.o(x$fpl$basic) for __aeabi_dneg
    cos.o(i.__softfp_cos) refers (Special) to usenofp.o(x$fpl$usenofp) for __I$use$fp
    cos.o(i.__softfp_cos) refers to cos.o(i.__hardfp_cos) for __hardfp_cos
    cos.o(i.cos) refers (Special) to usenofp.o(x$fpl$usenofp) for __I$use$fp
    cos.o(i.cos) refers to cos.o(i.__hardfp_cos) for __hardfp_cos
    cos_x.o(i.____hardfp_cos$lsc) refers (Special) to usenofp.o(x$fpl$usenofp) for __I$use$fp
    cos_x.o(i.____hardfp_cos$lsc) refers to _rserrno.o(.text) for __set_errno
    cos_x.o(i.____hardfp_cos$lsc) refers to dunder.o(i.__mathlib_dbl_infnan) for __mathlib_dbl_infnan
    cos_x.o(i.____hardfp_cos$lsc) refers to rred.o(i.__ieee754_rem_pio2) for __ieee754_rem_pio2
    cos_x.o(i.____hardfp_cos$lsc) refers to sin_i.o(i.__kernel_sin) for __kernel_sin
    cos_x.o(i.____hardfp_cos$lsc) refers to cos_i.o(i.__kernel_cos) for __kernel_cos
    cos_x.o(i.____hardfp_cos$lsc) refers to basic.o(x$fpl$basic) for __aeabi_dneg
    cos_x.o(i.____softfp_cos$lsc) refers (Special) to usenofp.o(x$fpl$usenofp) for __I$use$fp
    cos_x.o(i.____softfp_cos$lsc) refers to cos_x.o(i.____hardfp_cos$lsc) for ____hardfp_cos$lsc
    cos_x.o(i.__cos$lsc) refers (Special) to usenofp.o(x$fpl$usenofp) for __I$use$fp
    cos_x.o(i.__cos$lsc) refers to cos_x.o(i.____hardfp_cos$lsc) for ____hardfp_cos$lsc
    fabs.o(i.__hardfp_fabs) refers (Special) to usenofp.o(x$fpl$usenofp) for __I$use$fp
    fabs.o(i.__softfp_fabs) refers (Special) to usenofp.o(x$fpl$usenofp) for __I$use$fp
    fabs.o(i.fabs) refers (Special) to usenofp.o(x$fpl$usenofp) for __I$use$fp
    sin.o(i.__hardfp_sin) refers (Special) to usenofp.o(x$fpl$usenofp) for __I$use$fp
    sin.o(i.__hardfp_sin) refers to _rserrno.o(.text) for __set_errno
    sin.o(i.__hardfp_sin) refers to dunder.o(i.__mathlib_dbl_invalid) for __mathlib_dbl_invalid
    sin.o(i.__hardfp_sin) refers to dunder.o(i.__mathlib_dbl_infnan) for __mathlib_dbl_infnan
    sin.o(i.__hardfp_sin) refers to rred.o(i.__ieee754_rem_pio2) for __ieee754_rem_pio2
    sin.o(i.__hardfp_sin) refers to cos_i.o(i.__kernel_cos) for __kernel_cos
    sin.o(i.__hardfp_sin) refers to basic.o(x$fpl$basic) for __aeabi_dneg
    sin.o(i.__hardfp_sin) refers to sin_i.o(i.__kernel_sin) for __kernel_sin
    sin.o(i.__softfp_sin) refers (Special) to usenofp.o(x$fpl$usenofp) for __I$use$fp
    sin.o(i.__softfp_sin) refers to sin.o(i.__hardfp_sin) for __hardfp_sin
    sin.o(i.sin) refers (Special) to usenofp.o(x$fpl$usenofp) for __I$use$fp
    sin.o(i.sin) refers to sin.o(i.__hardfp_sin) for __hardfp_sin
    sin_x.o(i.____hardfp_sin$lsc) refers (Special) to usenofp.o(x$fpl$usenofp) for __I$use$fp
    sin_x.o(i.____hardfp_sin$lsc) refers to _rserrno.o(.text) for __set_errno
    sin_x.o(i.____hardfp_sin$lsc) refers to dunder.o(i.__mathlib_dbl_infnan) for __mathlib_dbl_infnan
    sin_x.o(i.____hardfp_sin$lsc) refers to rred.o(i.__ieee754_rem_pio2) for __ieee754_rem_pio2
    sin_x.o(i.____hardfp_sin$lsc) refers to cos_i.o(i.__kernel_cos) for __kernel_cos
    sin_x.o(i.____hardfp_sin$lsc) refers to basic.o(x$fpl$basic) for __aeabi_dneg
    sin_x.o(i.____hardfp_sin$lsc) refers to sin_i.o(i.__kernel_sin) for __kernel_sin
    sin_x.o(i.____softfp_sin$lsc) refers (Special) to usenofp.o(x$fpl$usenofp) for __I$use$fp
    sin_x.o(i.____softfp_sin$lsc) refers to sin_x.o(i.____hardfp_sin$lsc) for ____hardfp_sin$lsc
    sin_x.o(i.__sin$lsc) refers (Special) to usenofp.o(x$fpl$usenofp) for __I$use$fp
    sin_x.o(i.__sin$lsc) refers to sin_x.o(i.____hardfp_sin$lsc) for ____hardfp_sin$lsc
    sys_exit.o(.text) refers (Special) to use_no_semi.o(.text) for __I$use$semihosting
    sys_exit.o(.text) refers (Special) to indicate_semi.o(.text) for __semihosting_library_function
    __rtentry.o(.ARM.Collect$$rtentry$$00000000) refers (Special) to __rtentry2.o(.ARM.Collect$$rtentry$$0000000A) for __rt_entry_li
    __rtentry.o(.ARM.Collect$$rtentry$$00000000) refers (Special) to __rtentry2.o(.ARM.Collect$$rtentry$$0000000D) for __rt_entry_main
    __rtentry.o(.ARM.Collect$$rtentry$$00000000) refers (Special) to __rtentry2.o(.ARM.Collect$$rtentry$$0000000C) for __rt_entry_postli_1
    __rtentry.o(.ARM.Collect$$rtentry$$00000000) refers (Special) to __rtentry2.o(.ARM.Collect$$rtentry$$00000009) for __rt_entry_postsh_1
    __rtentry.o(.ARM.Collect$$rtentry$$00000000) refers (Special) to __rtentry2.o(.ARM.Collect$$rtentry$$00000002) for __rt_entry_presh_1
    __rtentry.o(.ARM.Collect$$rtentry$$00000000) refers (Special) to __rtentry4.o(.ARM.Collect$$rtentry$$00000004) for __rt_entry_sh
    aeabi_ldiv0_sigfpe.o(.text) refers to rt_div0.o(.text) for __rt_div0
    rt_heap_descriptor.o(.text) refers to rt_heap_descriptor.o(.bss) for __rt_heap_descriptor_data
    rt_heap_descriptor_intlibspace.o(.text) refers to libspace.o(.bss) for __libspace_start
    init_alloc.o(.text) refers (Special) to hguard.o(.text) for __heap$guard
    init_alloc.o(.text) refers (Special) to libinit2.o(.ARM.Collect$$libinit$$00000005) for __rt_lib_init_heap_2
    init_alloc.o(.text) refers (Special) to maybetermalloc1.o(.emb_text) for _maybe_terminate_alloc
    init_alloc.o(.text) refers to h1_extend.o(.text) for __Heap_ProvideMemory
    init_alloc.o(.text) refers to defsig_rtmem_outer.o(.text) for __rt_SIGRTMEM
    init_alloc.o(.text) refers to rt_heap_descriptor_intlibspace.o(.text) for __rt_heap_descriptor
    init_alloc.o(.text) refers to h1_init.o(.text) for __Heap_Initialize
    h1_init_mt.o(.text) refers to mutex_dummy.o(.text) for _mutex_initialize
    _rserrno.o(.text) refers to rt_errno_addr_intlibspace.o(.text) for __aeabi_errno_addr
    _printf_char_file.o(.text) refers to _printf_char_common.o(.text) for _printf_char_common
    _printf_char_file.o(.text) refers to ferror.o(.text) for ferror
    _printf_char_file.o(.text) refers to fputc.o(i.fputc) for fputc
    stdio_streams.o(.bss) refers (Special) to initio.o(.text) for _initio
    stdio_streams.o(.bss) refers (Special) to initio.o(.text) for _initio
    stdio_streams.o(.bss) refers (Special) to initio.o(.text) for _initio
    stdio_streams.o(.data) refers (Special) to initio.o(.text) for _initio
    stdio_streams.o(.data) refers (Special) to initio.o(.text) for _initio
    stdio_streams.o(.data) refers (Special) to initio.o(.text) for _initio
    defsig_abrt_outer.o(.text) refers to defsig_abrt_inner.o(.text) for __rt_SIGABRT_inner
    defsig_abrt_outer.o(.text) refers to defsig_exit.o(.text) for __sig_exit
    defsig_abrt_formal.o(.text) refers to rt_raise.o(.text) for __rt_raise
    rt_memmove_w.o(.text) refers to rt_memcpy_w.o(.text) for __aeabi_memcpy4
    _get_argv.o(.text) refers (Special) to hrguard.o(.text) for __heap_region$guard
    _get_argv.o(.text) refers to h1_alloc.o(.text) for malloc
    _get_argv.o(.text) refers to defsig_rtmem_outer.o(.text) for __rt_SIGRTMEM
    _get_argv.o(.text) refers to sys_command.o(.text) for _sys_command_string
    libinit2.o(.ARM.Collect$$libinit$$00000001) refers to fpinit.o(x$fpl$fpinit) for _fp_init
    libinit2.o(.ARM.Collect$$libinit$$00000005) refers (Weak) to init_alloc.o(.text) for _init_alloc
    libinit2.o(.ARM.Collect$$libinit$$00000010) refers to libinit2.o(.ARM.Collect$$libinit$$0000000F) for .ARM.Collect$$libinit$$0000000F
    libinit2.o(.ARM.Collect$$libinit$$00000012) refers to libinit2.o(.ARM.Collect$$libinit$$0000000F) for .ARM.Collect$$libinit$$0000000F
    libinit2.o(.ARM.Collect$$libinit$$00000014) refers to libinit2.o(.ARM.Collect$$libinit$$0000000F) for .ARM.Collect$$libinit$$0000000F
    libinit2.o(.ARM.Collect$$libinit$$00000016) refers to libinit2.o(.ARM.Collect$$libinit$$0000000F) for .ARM.Collect$$libinit$$0000000F
    libinit2.o(.ARM.Collect$$libinit$$00000018) refers to libinit2.o(.ARM.Collect$$libinit$$0000000F) for .ARM.Collect$$libinit$$0000000F
    libinit2.o(.ARM.Collect$$libinit$$00000024) refers (Weak) to initio.o(.text) for _initio
    libinit2.o(.ARM.Collect$$libinit$$00000026) refers to argv_veneer.o(.emb_text) for __ARM_argv_veneer
    libinit2.o(.ARM.Collect$$libinit$$00000027) refers to argv_veneer.o(.emb_text) for __ARM_argv_veneer
    basic.o(x$fpl$basic) refers (Special) to usenofp.o(x$fpl$usenofp) for __I$use$fp
    dleqf.o(x$fpl$dleqf) refers (Special) to usenofp.o(x$fpl$usenofp) for __I$use$fp
    dleqf.o(x$fpl$dleqf) refers to dnaninf.o(x$fpl$dnaninf) for __fpl_dnaninf
    dleqf.o(x$fpl$dleqf) refers to dcmpi.o(x$fpl$dcmpinf) for __fpl_dcmp_Inf
    dnaninf.o(x$fpl$dnaninf) refers (Special) to usenofp.o(x$fpl$usenofp) for __I$use$fp
    dretinf.o(x$fpl$dretinf) refers (Special) to usenofp.o(x$fpl$usenofp) for __I$use$fp
    fnaninf.o(x$fpl$fnaninf) refers (Special) to usenofp.o(x$fpl$usenofp) for __I$use$fp
    fretinf.o(x$fpl$fretinf) refers (Special) to usenofp.o(x$fpl$usenofp) for __I$use$fp
    atan.o(i.__hardfp_atan) refers (Special) to usenofp.o(x$fpl$usenofp) for __I$use$fp
    atan.o(i.__hardfp_atan) refers to dunder.o(i.__mathlib_dbl_infnan) for __mathlib_dbl_infnan
    atan.o(i.__hardfp_atan) refers to fpclassify.o(i.__ARM_fpclassify) for __ARM_fpclassify
    atan.o(i.__hardfp_atan) refers to dunder.o(i.__mathlib_dbl_underflow) for __mathlib_dbl_underflow
    atan.o(i.__hardfp_atan) refers to fabs.o(i.fabs) for fabs
    atan.o(i.__hardfp_atan) refers to daddsub_clz.o(x$fpl$dadd) for __aeabi_dadd
    atan.o(i.__hardfp_atan) refers to dmul.o(x$fpl$dmul) for __aeabi_dmul
    atan.o(i.__hardfp_atan) refers to daddsub_clz.o(x$fpl$dsub) for __aeabi_dsub
    atan.o(i.__hardfp_atan) refers to ddiv.o(x$fpl$ddiv) for __aeabi_ddiv
    atan.o(i.__hardfp_atan) refers to poly.o(i.__kernel_poly) for __kernel_poly
    atan.o(i.__hardfp_atan) refers to daddsub_clz.o(x$fpl$drsb) for __aeabi_drsub
    atan.o(i.__hardfp_atan) refers to basic.o(x$fpl$basic) for __aeabi_dneg
    atan.o(i.__hardfp_atan) refers to atan.o(.constdata) for .constdata
    atan.o(i.__softfp_atan) refers (Special) to usenofp.o(x$fpl$usenofp) for __I$use$fp
    atan.o(i.__softfp_atan) refers to atan.o(i.__hardfp_atan) for __hardfp_atan
    atan.o(i.atan) refers (Special) to usenofp.o(x$fpl$usenofp) for __I$use$fp
    atan.o(i.atan) refers to atan.o(i.__hardfp_atan) for __hardfp_atan
    atan.o(.constdata) refers (Special) to usenofp.o(x$fpl$usenofp) for __I$use$fp
    atan_x.o(i.____hardfp_atan$lsc) refers (Special) to usenofp.o(x$fpl$usenofp) for __I$use$fp
    atan_x.o(i.____hardfp_atan$lsc) refers to dunder.o(i.__mathlib_dbl_infnan) for __mathlib_dbl_infnan
    atan_x.o(i.____hardfp_atan$lsc) refers to fabs.o(i.fabs) for fabs
    atan_x.o(i.____hardfp_atan$lsc) refers to daddsub_clz.o(x$fpl$dadd) for __aeabi_dadd
    atan_x.o(i.____hardfp_atan$lsc) refers to dmul.o(x$fpl$dmul) for __aeabi_dmul
    atan_x.o(i.____hardfp_atan$lsc) refers to daddsub_clz.o(x$fpl$dsub) for __aeabi_dsub
    atan_x.o(i.____hardfp_atan$lsc) refers to ddiv.o(x$fpl$ddiv) for __aeabi_ddiv
    atan_x.o(i.____hardfp_atan$lsc) refers to poly.o(i.__kernel_poly) for __kernel_poly
    atan_x.o(i.____hardfp_atan$lsc) refers to daddsub_clz.o(x$fpl$drsb) for __aeabi_drsub
    atan_x.o(i.____hardfp_atan$lsc) refers to basic.o(x$fpl$basic) for __aeabi_dneg
    atan_x.o(i.____hardfp_atan$lsc) refers to atan_x.o(.constdata) for .constdata
    atan_x.o(i.____softfp_atan$lsc) refers (Special) to usenofp.o(x$fpl$usenofp) for __I$use$fp
    atan_x.o(i.____softfp_atan$lsc) refers to atan_x.o(i.____hardfp_atan$lsc) for ____hardfp_atan$lsc
    atan_x.o(i.__atan$lsc) refers (Special) to usenofp.o(x$fpl$usenofp) for __I$use$fp
    atan_x.o(i.__atan$lsc) refers to atan_x.o(i.____hardfp_atan$lsc) for ____hardfp_atan$lsc
    atan_x.o(.constdata) refers (Special) to usenofp.o(x$fpl$usenofp) for __I$use$fp
    cos_i.o(i.__kernel_cos) refers (Special) to usenofp.o(x$fpl$usenofp) for __I$use$fp
    cos_i.o(i.__kernel_cos) refers to dfix.o(x$fpl$dfix) for __aeabi_d2iz
    cos_i.o(i.__kernel_cos) refers to dmul.o(x$fpl$dmul) for __aeabi_dmul
    cos_i.o(i.__kernel_cos) refers to poly.o(i.__kernel_poly) for __kernel_poly
    cos_i.o(i.__kernel_cos) refers to daddsub_clz.o(x$fpl$dsub) for __aeabi_dsub
    cos_i.o(i.__kernel_cos) refers to daddsub_clz.o(x$fpl$drsb) for __aeabi_drsub
    cos_i.o(i.__kernel_cos) refers to cos_i.o(.constdata) for .constdata
    cos_i.o(.constdata) refers (Special) to usenofp.o(x$fpl$usenofp) for __I$use$fp
    dunder.o(i.__mathlib_dbl_divzero) refers to ddiv.o(x$fpl$ddiv) for __aeabi_ddiv
    dunder.o(i.__mathlib_dbl_infnan) refers to daddsub_clz.o(x$fpl$dadd) for __aeabi_dadd
    dunder.o(i.__mathlib_dbl_infnan2) refers to daddsub_clz.o(x$fpl$dadd) for __aeabi_dadd
    dunder.o(i.__mathlib_dbl_invalid) refers to ddiv.o(x$fpl$ddiv) for __aeabi_ddiv
    dunder.o(i.__mathlib_dbl_overflow) refers to dmul.o(x$fpl$dmul) for __aeabi_dmul
    dunder.o(i.__mathlib_dbl_posinfnan) refers to dmul.o(x$fpl$dmul) for __aeabi_dmul
    dunder.o(i.__mathlib_dbl_underflow) refers to dmul.o(x$fpl$dmul) for __aeabi_dmul
    fpclassify.o(i.__ARM_fpclassify) refers (Special) to usenofp.o(x$fpl$usenofp) for __I$use$fp
    poly.o(i.__kernel_poly) refers (Special) to usenofp.o(x$fpl$usenofp) for __I$use$fp
    poly.o(i.__kernel_poly) refers to dmul.o(x$fpl$dmul) for __aeabi_dmul
    poly.o(i.__kernel_poly) refers to daddsub_clz.o(x$fpl$dadd) for __aeabi_dadd
    qnan.o(.constdata) refers (Special) to usenofp.o(x$fpl$usenofp) for __I$use$fp
    rred.o(i.__ieee754_rem_pio2) refers (Special) to usenofp.o(x$fpl$usenofp) for __I$use$fp
    rred.o(i.__ieee754_rem_pio2) refers to daddsub_clz.o(x$fpl$dsub) for __aeabi_dsub
    rred.o(i.__ieee754_rem_pio2) refers to daddsub_clz.o(x$fpl$dadd) for __aeabi_dadd
    rred.o(i.__ieee754_rem_pio2) refers to fabs.o(i.fabs) for fabs
    rred.o(i.__ieee754_rem_pio2) refers to dmul.o(x$fpl$dmul) for __aeabi_dmul
    rred.o(i.__ieee754_rem_pio2) refers to dfix.o(x$fpl$dfix) for __aeabi_d2iz
    rred.o(i.__ieee754_rem_pio2) refers to dflt_clz.o(x$fpl$dflt) for __aeabi_i2d
    rred.o(i.__ieee754_rem_pio2) refers to daddsub_clz.o(x$fpl$drsb) for __aeabi_drsub
    rred.o(i.__ieee754_rem_pio2) refers to basic.o(x$fpl$basic) for __aeabi_dneg
    rred.o(i.__ieee754_rem_pio2) refers to dflt_clz.o(x$fpl$dfltu) for __aeabi_ui2d
    rred.o(i.__ieee754_rem_pio2) refers to rred.o(.constdata) for .constdata
    rred.o(i.__use_accurate_range_reduction) refers (Special) to usenofp.o(x$fpl$usenofp) for __I$use$fp
    rred.o(.constdata) refers (Special) to usenofp.o(x$fpl$usenofp) for __I$use$fp
    sin_i.o(i.__kernel_sin) refers (Special) to usenofp.o(x$fpl$usenofp) for __I$use$fp
    sin_i.o(i.__kernel_sin) refers to fpclassify.o(i.__ARM_fpclassify) for __ARM_fpclassify
    sin_i.o(i.__kernel_sin) refers to dunder.o(i.__mathlib_dbl_underflow) for __mathlib_dbl_underflow
    sin_i.o(i.__kernel_sin) refers to dmul.o(x$fpl$dmul) for __aeabi_dmul
    sin_i.o(i.__kernel_sin) refers to poly.o(i.__kernel_poly) for __kernel_poly
    sin_i.o(i.__kernel_sin) refers to daddsub_clz.o(x$fpl$dsub) for __aeabi_dsub
    sin_i.o(i.__kernel_sin) refers to daddsub_clz.o(x$fpl$drsb) for __aeabi_drsub
    sin_i.o(i.__kernel_sin) refers to daddsub_clz.o(x$fpl$dadd) for __aeabi_dadd
    sin_i.o(i.__kernel_sin) refers to sin_i.o(.constdata) for .constdata
    sin_i.o(.constdata) refers (Special) to usenofp.o(x$fpl$usenofp) for __I$use$fp
    sin_i_x.o(i.____kernel_sin$lsc) refers (Special) to usenofp.o(x$fpl$usenofp) for __I$use$fp
    sin_i_x.o(i.____kernel_sin$lsc) refers to dmul.o(x$fpl$dmul) for __aeabi_dmul
    sin_i_x.o(i.____kernel_sin$lsc) refers to poly.o(i.__kernel_poly) for __kernel_poly
    sin_i_x.o(i.____kernel_sin$lsc) refers to daddsub_clz.o(x$fpl$dsub) for __aeabi_dsub
    sin_i_x.o(i.____kernel_sin$lsc) refers to daddsub_clz.o(x$fpl$drsb) for __aeabi_drsub
    sin_i_x.o(i.____kernel_sin$lsc) refers to daddsub_clz.o(x$fpl$dadd) for __aeabi_dadd
    sin_i_x.o(i.____kernel_sin$lsc) refers to sin_i_x.o(.constdata) for .constdata
    sin_i_x.o(.constdata) refers (Special) to usenofp.o(x$fpl$usenofp) for __I$use$fp
    sqrt.o(i.__hardfp_sqrt) refers (Special) to usenofp.o(x$fpl$usenofp) for __I$use$fp
    sqrt.o(i.__hardfp_sqrt) refers to dsqrt_umaal.o(x$fpl$dsqrt) for _dsqrt
    sqrt.o(i.__hardfp_sqrt) refers to _rserrno.o(.text) for __set_errno
    sqrt.o(i.__softfp_sqrt) refers (Special) to usenofp.o(x$fpl$usenofp) for __I$use$fp
    sqrt.o(i.__softfp_sqrt) refers to dsqrt_umaal.o(x$fpl$dsqrt) for _dsqrt
    sqrt.o(i.__softfp_sqrt) refers to _rserrno.o(.text) for __set_errno
    sqrt.o(i.sqrt) refers (Special) to usenofp.o(x$fpl$usenofp) for __I$use$fp
    sqrt.o(i.sqrt) refers to dsqrt_umaal.o(x$fpl$dsqrt) for _dsqrt
    sqrt.o(i.sqrt) refers to _rserrno.o(.text) for __set_errno
    sqrt_x.o(i.____hardfp_sqrt$lsc) refers (Special) to usenofp.o(x$fpl$usenofp) for __I$use$fp
    sqrt_x.o(i.____hardfp_sqrt$lsc) refers to dleqf.o(x$fpl$dleqf) for __aeabi_cdcmple
    sqrt_x.o(i.____hardfp_sqrt$lsc) refers to _rserrno.o(.text) for __set_errno
    sqrt_x.o(i.____hardfp_sqrt$lsc) refers to dsqrt_umaal.o(x$fpl$dsqrt) for _dsqrt
    sqrt_x.o(i.____softfp_sqrt$lsc) refers (Special) to usenofp.o(x$fpl$usenofp) for __I$use$fp
    sqrt_x.o(i.____softfp_sqrt$lsc) refers to dleqf.o(x$fpl$dleqf) for __aeabi_cdcmple
    sqrt_x.o(i.____softfp_sqrt$lsc) refers to _rserrno.o(.text) for __set_errno
    sqrt_x.o(i.____softfp_sqrt$lsc) refers to dsqrt_umaal.o(x$fpl$dsqrt) for _dsqrt
    sqrt_x.o(i.__sqrt$lsc) refers (Special) to usenofp.o(x$fpl$usenofp) for __I$use$fp
    sqrt_x.o(i.__sqrt$lsc) refers to dleqf.o(x$fpl$dleqf) for __aeabi_cdcmple
    sqrt_x.o(i.__sqrt$lsc) refers to _rserrno.o(.text) for __set_errno
    sqrt_x.o(i.__sqrt$lsc) refers to dsqrt_umaal.o(x$fpl$dsqrt) for _dsqrt
    sys_command.o(.text) refers (Special) to use_no_semi.o(.text) for __I$use$semihosting
    sys_command.o(.text) refers (Special) to indicate_semi.o(.text) for __semihosting_library_function
    libspace.o(.text) refers to libspace.o(.bss) for __libspace_start
    __rtentry2.o(.ARM.Collect$$rtentry$$00000008) refers to boardinit2.o(.text) for _platform_post_stackheap_init
    __rtentry2.o(.ARM.Collect$$rtentry$$0000000A) refers to libinit.o(.ARM.Collect$$libinit$$00000000) for __rt_lib_init
    __rtentry2.o(.ARM.Collect$$rtentry$$0000000B) refers to boardinit3.o(.text) for _platform_post_lib_init
    __rtentry2.o(.ARM.Collect$$rtentry$$0000000D) refers to main.o(i.main) for main
    __rtentry2.o(.ARM.Collect$$rtentry$$0000000D) refers to exit.o(.text) for exit
    __rtentry2.o(.ARM.exidx) refers to __rtentry2.o(.ARM.Collect$$rtentry$$00000001) for .ARM.Collect$$rtentry$$00000001
    __rtentry2.o(.ARM.exidx) refers to __rtentry2.o(.ARM.Collect$$rtentry$$00000008) for .ARM.Collect$$rtentry$$00000008
    __rtentry2.o(.ARM.exidx) refers to __rtentry2.o(.ARM.Collect$$rtentry$$0000000A) for .ARM.Collect$$rtentry$$0000000A
    __rtentry2.o(.ARM.exidx) refers to __rtentry2.o(.ARM.Collect$$rtentry$$0000000B) for .ARM.Collect$$rtentry$$0000000B
    __rtentry2.o(.ARM.exidx) refers to __rtentry2.o(.ARM.Collect$$rtentry$$0000000D) for .ARM.Collect$$rtentry$$0000000D
    __rtentry4.o(.ARM.Collect$$rtentry$$00000004) refers to sys_stackheap_outer.o(.text) for __user_setup_stackheap
    __rtentry4.o(.ARM.exidx) refers to __rtentry4.o(.ARM.Collect$$rtentry$$00000004) for .ARM.Collect$$rtentry$$00000004
    rt_div0.o(.text) refers to defsig_fpe_outer.o(.text) for __rt_SIGFPE
    rt_raise.o(.text) refers to __raise.o(.text) for __raise
    rt_raise.o(.text) refers to sys_exit.o(.text) for _sys_exit
    rt_errno_addr.o(.text) refers to rt_errno_addr.o(.bss) for __aeabi_errno_addr_data
    rt_errno_addr_intlibspace.o(.text) refers to libspace.o(.bss) for __libspace_start
    maybetermalloc2.o(.emb_text) refers (Special) to term_alloc.o(.text) for _terminate_alloc
    h1_extend.o(.text) refers to h1_free.o(.text) for free
    h1_extend_mt.o(.text) refers to h1_free_mt.o(.text) for _free_internal
    _printf_char_common.o(.text) refers to __printf.o(.text) for __printf
    fputc.o(i.fputc) refers to flsbuf.o(.text) for __flsbuf_byte
    initio.o(.text) refers (Special) to libinit2.o(.ARM.Collect$$libinit$$00000024) for __rt_lib_init_stdio_2
    initio.o(.text) refers (Special) to libshutdown2.o(.ARM.Collect$$libshutdown$$00000003) for __rt_lib_shutdown_stdio_2
    initio.o(.text) refers to rt_memclr_w.o(.text) for __aeabi_memclr4
    initio.o(.text) refers to fopen.o(.text) for freopen
    initio.o(.text) refers to defsig_rtred_outer.o(.text) for __rt_SIGRTRED
    initio.o(.text) refers to setvbuf.o(.text) for setvbuf
    initio.o(.text) refers to fclose.o(.text) for _fclose_internal
    initio.o(.text) refers to h1_free.o(.text) for free
    initio.o(.text) refers to stdio_streams.o(.bss) for __stdin
    initio.o(.text) refers to stdio_streams.o(.bss) for __stdout
    initio.o(.text) refers to stdio_streams.o(.bss) for __stderr
    initio.o(.text) refers to stdio_streams.o(.data) for __aeabi_stdin
    initio.o(.text) refers to stdio_streams.o(.data) for __aeabi_stdout
    initio.o(.text) refers to stdio_streams.o(.data) for __aeabi_stderr
    initio.o(.text) refers to sys_io.o(.constdata) for __stdin_name
    initio.o(.text) refers to sys_io.o(.constdata) for __stdout_name
    initio.o(.text) refers to sys_io.o(.constdata) for __stderr_name
    initio_locked.o(.text) refers (Special) to libinit2.o(.ARM.Collect$$libinit$$00000024) for __rt_lib_init_stdio_2
    initio_locked.o(.text) refers (Special) to libshutdown2.o(.ARM.Collect$$libshutdown$$00000003) for __rt_lib_shutdown_stdio_2
    initio_locked.o(.text) refers to rt_memclr_w.o(.text) for __aeabi_memclr4
    initio_locked.o(.text) refers to fopen.o(.text) for freopen
    initio_locked.o(.text) refers to defsig_rtred_outer.o(.text) for __rt_SIGRTRED
    initio_locked.o(.text) refers to setvbuf.o(.text) for setvbuf
    initio_locked.o(.text) refers to fclose.o(.text) for _fclose_internal
    initio_locked.o(.text) refers to h1_free.o(.text) for free
    initio_locked.o(.text) refers to stdio_streams.o(.bss) for __stdin
    initio_locked.o(.text) refers to stdio_streams.o(.bss) for __stdout
    initio_locked.o(.text) refers to stdio_streams.o(.bss) for __stderr
    initio_locked.o(.text) refers to stdio_streams.o(.data) for __aeabi_stdin
    initio_locked.o(.text) refers to stdio_streams.o(.data) for __aeabi_stdout
    initio_locked.o(.text) refers to stdio_streams.o(.data) for __aeabi_stderr
    initio_locked.o(.text) refers to streamlock.o(.data) for _stream_list_lock
    initio_locked.o(.text) refers to sys_io.o(.constdata) for __stdin_name
    initio_locked.o(.text) refers to sys_io.o(.constdata) for __stdout_name
    initio_locked.o(.text) refers to sys_io.o(.constdata) for __stderr_name
    defsig_exit.o(.text) refers to sys_exit.o(.text) for _sys_exit
    defsig_abrt_inner.o(.text) refers to defsig_general.o(.text) for __default_signal_display
    defsig_rtmem_outer.o(.text) refers to defsig_rtmem_inner.o(.text) for __rt_SIGRTMEM_inner
    defsig_rtmem_outer.o(.text) refers to defsig_exit.o(.text) for __sig_exit
    defsig_rtmem_formal.o(.text) refers to rt_raise.o(.text) for __rt_raise
    heapauxa.o(.text) refers to heapauxa.o(.data) for .data
    argv_veneer.o(.emb_text) refers to no_argv.o(.text) for __ARM_get_argv
    dcmpi.o(x$fpl$dcmpinf) refers (Special) to usenofp.o(x$fpl$usenofp) for __I$use$fp
    dfix.o(x$fpl$dfix) refers (Special) to usenofp.o(x$fpl$usenofp) for __I$use$fp
    dfix.o(x$fpl$dfix) refers to dnaninf.o(x$fpl$dnaninf) for __fpl_dnaninf
    dfix.o(x$fpl$dfixr) refers (Special) to usenofp.o(x$fpl$usenofp) for __I$use$fp
    dfix.o(x$fpl$dfixr) refers to dnaninf.o(x$fpl$dnaninf) for __fpl_dnaninf
    dsqrt_umaal.o(x$fpl$dsqrt) refers (Special) to usenofp.o(x$fpl$usenofp) for __I$use$fp
    dsqrt_umaal.o(x$fpl$dsqrt) refers to dnaninf.o(x$fpl$dnaninf) for __fpl_dnaninf
    sys_io.o(.text) refers (Special) to use_no_semi.o(.text) for __I$use$semihosting
    sys_io.o(.text) refers (Special) to indicate_semi.o(.text) for __semihosting_library_function
    sys_io.o(.text) refers to strlen.o(.text) for strlen
    sys_io.o(.constdata) refers (Special) to use_no_semi.o(.text) for __I$use$semihosting
    sys_io.o(.constdata) refers (Special) to indicate_semi.o(.text) for __semihosting_library_function
    sys_io.o(.constdata) refers (Special) to use_no_semi.o(.text) for __I$use$semihosting
    sys_io.o(.constdata) refers (Special) to indicate_semi.o(.text) for __semihosting_library_function
    sys_io.o(.constdata) refers (Special) to use_no_semi.o(.text) for __I$use$semihosting
    sys_io.o(.constdata) refers (Special) to indicate_semi.o(.text) for __semihosting_library_function
    sys_stackheap_outer.o(.text) refers to libspace.o(.text) for __user_perproc_libspace
    sys_stackheap_outer.o(.text) refers to startup_stm32f407xx.o(.text) for __user_initial_stackheap
    term_alloc.o(.text) refers (Special) to libshutdown2.o(.ARM.Collect$$libshutdown$$0000000E) for __rt_lib_shutdown_heap_2
    term_alloc.o(.text) refers to rt_heap_descriptor_intlibspace.o(.text) for __rt_heap_descriptor
    term_alloc.o(.text) refers to h1_final.o(.text) for __Heap_Finalize
    flsbuf.o(.text) refers to stdio.o(.text) for _deferredlazyseek
    flsbuf.o(.text) refers to sys_io.o(.text) for _sys_flen
    flsbuf.o(.text) refers to h1_alloc.o(.text) for malloc
    streamlock.o(.data) refers (Special) to initio.o(.text) for _initio
    fopen.o(.text) refers to fclose.o(.text) for _fclose_internal
    fopen.o(.text) refers to sys_io.o(.text) for _sys_open
    fopen.o(.text) refers to fseek.o(.text) for _fseek
    fopen.o(.text) refers to h1_alloc.o(.text) for malloc
    fopen.o(.text) refers to rt_memclr_w.o(.text) for __aeabi_memclr4
    fopen.o(.text) refers to stdio_streams.o(.bss) for __stdin
    fclose.o(.text) refers to stdio.o(.text) for _fflush
    fclose.o(.text) refers to sys_io.o(.text) for _sys_close
    fclose.o(.text) refers to h1_free.o(.text) for free
    fclose.o(.text) refers to rt_memclr_w.o(.text) for __aeabi_memclr4
    fopen_locked.o(.text) refers to fclose.o(.text) for _fclose_internal
    fopen_locked.o(.text) refers to sys_io.o(.text) for _sys_open
    fopen_locked.o(.text) refers to fseek.o(.text) for _fseek
    fopen_locked.o(.text) refers to h1_alloc.o(.text) for malloc
    fopen_locked.o(.text) refers to rt_memclr_w.o(.text) for __aeabi_memclr4
    fopen_locked.o(.text) refers to streamlock.o(.data) for _stream_list_lock
    fopen_locked.o(.text) refers to stdio_streams.o(.bss) for __stdin
    exit.o(.text) refers to rtexit.o(.ARM.Collect$$rtexit$$00000000) for __rt_exit
    __raise.o(.text) refers to defsig.o(CL$$defsig) for __default_signal_handler
    defsig_general.o(.text) refers to sys_wrch.o(.text) for _ttywrch
    defsig_fpe_outer.o(.text) refers to defsig_fpe_inner.o(.text) for __rt_SIGFPE_inner
    defsig_fpe_outer.o(.text) refers to defsig_exit.o(.text) for __sig_exit
    defsig_fpe_formal.o(.text) refers to rt_raise.o(.text) for __rt_raise
    defsig_rtred_outer.o(.text) refers to defsig_rtred_inner.o(.text) for __rt_SIGRTRED_inner
    defsig_rtred_outer.o(.text) refers to defsig_exit.o(.text) for __sig_exit
    defsig_rtred_formal.o(.text) refers to rt_raise.o(.text) for __rt_raise
    defsig_rtmem_inner.o(.text) refers to defsig_general.o(.text) for __default_signal_display
    _get_argv_nomalloc.o(.text) refers (Special) to hrguard.o(.text) for __heap_region$guard
    _get_argv_nomalloc.o(.text) refers to defsig_rtmem_outer.o(.text) for __rt_SIGRTMEM
    _get_argv_nomalloc.o(.text) refers to sys_command.o(.text) for _sys_command_string
    libinit.o(.ARM.Collect$$libinit$$00000000) refers (Special) to libinit2.o(.ARM.Collect$$libinit$$0000002E) for __rt_lib_init_alloca_1
    libinit.o(.ARM.Collect$$libinit$$00000000) refers (Special) to libinit2.o(.ARM.Collect$$libinit$$0000002C) for __rt_lib_init_argv_1
    libinit.o(.ARM.Collect$$libinit$$00000000) refers (Special) to libinit2.o(.ARM.Collect$$libinit$$0000001B) for __rt_lib_init_atexit_1
    libinit.o(.ARM.Collect$$libinit$$00000000) refers (Special) to libinit2.o(.ARM.Collect$$libinit$$00000021) for __rt_lib_init_clock_1
    libinit.o(.ARM.Collect$$libinit$$00000000) refers (Special) to libinit2.o(.ARM.Collect$$libinit$$00000032) for __rt_lib_init_cpp_1
    libinit.o(.ARM.Collect$$libinit$$00000000) refers (Special) to libinit2.o(.ARM.Collect$$libinit$$00000030) for __rt_lib_init_exceptions_1
    libinit.o(.ARM.Collect$$libinit$$00000000) refers (Special) to libinit2.o(.ARM.Collect$$libinit$$00000001) for __rt_lib_init_fp_1
    libinit.o(.ARM.Collect$$libinit$$00000000) refers (Special) to libinit2.o(.ARM.Collect$$libinit$$0000001F) for __rt_lib_init_fp_trap_1
    libinit.o(.ARM.Collect$$libinit$$00000000) refers (Special) to libinit2.o(.ARM.Collect$$libinit$$00000023) for __rt_lib_init_getenv_1
    libinit.o(.ARM.Collect$$libinit$$00000000) refers (Special) to libinit2.o(.ARM.Collect$$libinit$$0000000A) for __rt_lib_init_heap_1
    libinit.o(.ARM.Collect$$libinit$$00000000) refers (Special) to libinit2.o(.ARM.Collect$$libinit$$00000011) for __rt_lib_init_lc_collate_1
    libinit.o(.ARM.Collect$$libinit$$00000000) refers (Special) to libinit2.o(.ARM.Collect$$libinit$$00000013) for __rt_lib_init_lc_ctype_1
    libinit.o(.ARM.Collect$$libinit$$00000000) refers (Special) to libinit2.o(.ARM.Collect$$libinit$$00000015) for __rt_lib_init_lc_monetary_1
    libinit.o(.ARM.Collect$$libinit$$00000000) refers (Special) to libinit2.o(.ARM.Collect$$libinit$$00000017) for __rt_lib_init_lc_numeric_1
    libinit.o(.ARM.Collect$$libinit$$00000000) refers (Special) to libinit2.o(.ARM.Collect$$libinit$$00000019) for __rt_lib_init_lc_time_1
    libinit.o(.ARM.Collect$$libinit$$00000000) refers (Special) to libinit2.o(.ARM.Collect$$libinit$$00000004) for __rt_lib_init_preinit_1
    libinit.o(.ARM.Collect$$libinit$$00000000) refers (Special) to libinit2.o(.ARM.Collect$$libinit$$0000000E) for __rt_lib_init_rand_1
    libinit.o(.ARM.Collect$$libinit$$00000000) refers (Special) to libinit2.o(.ARM.Collect$$libinit$$00000033) for __rt_lib_init_return
    libinit.o(.ARM.Collect$$libinit$$00000000) refers (Special) to libinit2.o(.ARM.Collect$$libinit$$0000001D) for __rt_lib_init_signal_1
    libinit.o(.ARM.Collect$$libinit$$00000000) refers (Special) to libinit2.o(.ARM.Collect$$libinit$$00000025) for __rt_lib_init_stdio_1
    libinit.o(.ARM.Collect$$libinit$$00000000) refers (Special) to libinit2.o(.ARM.Collect$$libinit$$0000000C) for __rt_lib_init_user_alloc_1
    libshutdown2.o(.ARM.Collect$$libshutdown$$00000003) refers (Weak) to initio.o(.text) for _terminateio
    libshutdown2.o(.ARM.Collect$$libshutdown$$0000000D) refers (Weak) to term_alloc.o(.text) for _terminate_alloc
    flsbuf_fwide.o(.text) refers to flsbuf.o(.text) for __flsbuf
    sys_wrch.o(.text) refers (Special) to use_no_semi.o(.text) for __I$use$semihosting
    sys_wrch.o(.text) refers (Special) to indicate_semi.o(.text) for __semihosting_library_function
    rtexit.o(.ARM.Collect$$rtexit$$00000000) refers (Special) to rtexit2.o(.ARM.Collect$$rtexit$$00000004) for __rt_exit_exit
    rtexit.o(.ARM.Collect$$rtexit$$00000000) refers (Special) to rtexit2.o(.ARM.Collect$$rtexit$$00000003) for __rt_exit_ls
    rtexit.o(.ARM.Collect$$rtexit$$00000000) refers (Special) to rtexit2.o(.ARM.Collect$$rtexit$$00000002) for __rt_exit_prels_1
    rtexit.o(.ARM.exidx) refers (Special) to rtexit2.o(.ARM.Collect$$rtexit$$00000004) for __rt_exit_exit
    rtexit.o(.ARM.exidx) refers (Special) to rtexit2.o(.ARM.Collect$$rtexit$$00000003) for __rt_exit_ls
    rtexit.o(.ARM.exidx) refers (Special) to rtexit2.o(.ARM.Collect$$rtexit$$00000002) for __rt_exit_prels_1
    rtexit.o(.ARM.exidx) refers to rtexit.o(.ARM.Collect$$rtexit$$00000000) for .ARM.Collect$$rtexit$$00000000
    _printf_char_file_locked.o(.text) refers to _printf_char_common.o(.text) for _printf_char_common
    _printf_char_file_locked.o(.text) refers to fputc.o(i._fputc$unlocked) for _fputc$unlocked
    fseek.o(.text) refers to sys_io.o(.text) for _sys_istty
    fseek.o(.text) refers to ftell.o(.text) for _ftell_internal
    fseek.o(.text) refers to stdio.o(.text) for _seterr
    stdio.o(.text) refers to sys_io.o(.text) for _sys_seek
    fwritefast.o(.text) refers to stdio.o(.text) for _writebuf
    fwritefast.o(.text) refers to flsbuf.o(.text) for __flsbuf_byte
    fwritefast.o(.text) refers to rt_memcpy_v6.o(.text) for __aeabi_memcpy
    fwritefast_locked.o(.text) refers to stdio.o(.text) for _writebuf
    fwritefast_locked.o(.text) refers to flsbuf.o(.text) for __flsbuf_byte
    fwritefast_locked.o(.text) refers to rt_memcpy_v6.o(.text) for __aeabi_memcpy
    defsig_fpe_inner.o(.text) refers to defsig_general.o(.text) for __default_signal_display
    defsig_rtred_inner.o(.text) refers to defsig_general.o(.text) for __default_signal_display
    defsig.o(CL$$defsig) refers to defsig_abrt_inner.o(.text) for __rt_SIGABRT_inner
    defsig.o(CL$$defsig) refers to defsig_fpe_inner.o(.text) for __rt_SIGFPE_inner
    defsig.o(CL$$defsig) refers to defsig_rtred_inner.o(.text) for __rt_SIGRTRED_inner
    defsig.o(CL$$defsig) refers to defsig_rtmem_inner.o(.text) for __rt_SIGRTMEM_inner
    assert_stdio.o(.text) refers to fputs.o(.text) for fputs
    assert_stdio.o(.text) refers to fflush.o(.text) for fflush
    assert_stdio.o(.text) refers to stdio_streams.o(.bss) for __stderr
    rtexit2.o(.ARM.Collect$$rtexit$$00000003) refers to libshutdown.o(.ARM.Collect$$libshutdown$$00000000) for __rt_lib_shutdown
    rtexit2.o(.ARM.Collect$$rtexit$$00000004) refers to sys_exit.o(.text) for _sys_exit
    rtexit2.o(.ARM.exidx) refers to rtexit2.o(.ARM.Collect$$rtexit$$00000001) for .ARM.Collect$$rtexit$$00000001
    rtexit2.o(.ARM.exidx) refers to rtexit2.o(.ARM.Collect$$rtexit$$00000003) for .ARM.Collect$$rtexit$$00000003
    rtexit2.o(.ARM.exidx) refers to rtexit2.o(.ARM.Collect$$rtexit$$00000004) for .ARM.Collect$$rtexit$$00000004
    fflush.o(.text) refers to stdio.o(.text) for _fflush
    fflush.o(.text) refers to fseek.o(.text) for _fseek
    fflush.o(.text) refers to stdio_streams.o(.bss) for __stdin
    fputs.o(.text) refers to fputc.o(i.fputc) for fputc
    ftell.o(.text) refers to rt_errno_addr_intlibspace.o(.text) for __aeabi_errno_addr
    fflush_locked.o(.text) refers to stdio.o(.text) for _fflush
    fflush_locked.o(.text) refers to fseek.o(.text) for _fseek
    fflush_locked.o(.text) refers to fflush.o(.text) for _do_fflush
    fflush_locked.o(.text) refers to streamlock.o(.data) for _stream_list_lock
    fflush_locked.o(.text) refers to stdio_streams.o(.bss) for __stdin
    defsig_stak_inner.o(.text) refers to defsig_general.o(.text) for __default_signal_display
    defsig_pvfn_inner.o(.text) refers to defsig_general.o(.text) for __default_signal_display
    defsig_cppl_inner.o(.text) refers to defsig_general.o(.text) for __default_signal_display
    defsig_segv_inner.o(.text) refers to defsig_general.o(.text) for __default_signal_display
    defsig_other.o(.text) refers to defsig_general.o(.text) for __default_signal_display
    libshutdown.o(.ARM.Collect$$libshutdown$$00000000) refers (Special) to libshutdown2.o(.ARM.Collect$$libshutdown$$00000002) for __rt_lib_shutdown_cpp_1
    libshutdown.o(.ARM.Collect$$libshutdown$$00000000) refers (Special) to libshutdown2.o(.ARM.Collect$$libshutdown$$00000007) for __rt_lib_shutdown_fp_trap_1
    libshutdown.o(.ARM.Collect$$libshutdown$$00000000) refers (Special) to libshutdown2.o(.ARM.Collect$$libshutdown$$0000000F) for __rt_lib_shutdown_heap_1
    libshutdown.o(.ARM.Collect$$libshutdown$$00000000) refers (Special) to libshutdown2.o(.ARM.Collect$$libshutdown$$00000010) for __rt_lib_shutdown_return
    libshutdown.o(.ARM.Collect$$libshutdown$$00000000) refers (Special) to libshutdown2.o(.ARM.Collect$$libshutdown$$0000000A) for __rt_lib_shutdown_signal_1
    libshutdown.o(.ARM.Collect$$libshutdown$$00000000) refers (Special) to libshutdown2.o(.ARM.Collect$$libshutdown$$00000004) for __rt_lib_shutdown_stdio_1
    libshutdown.o(.ARM.Collect$$libshutdown$$00000000) refers (Special) to libshutdown2.o(.ARM.Collect$$libshutdown$$0000000C) for __rt_lib_shutdown_user_alloc_1

