Component: ARM Compiler 5.06 update 4 (build 422) Tool: armlink [4d35d2]

==============================================================================

Section Cross References

    startup_stm32f407xx.o(STACK) refers (Special) to heapauxi.o(.text) for __use_two_region_memory
    startup_stm32f407xx.o(HEAP) refers (Special) to heapauxi.o(.text) for __use_two_region_memory
    startup_stm32f407xx.o(RESET) refers (Special) to heapauxi.o(.text) for __use_two_region_memory
    startup_stm32f407xx.o(RESET) refers to startup_stm32f407xx.o(STACK) for __initial_sp
    startup_stm32f407xx.o(RESET) refers to startup_stm32f407xx.o(.text) for Reset_Handler
    startup_stm32f407xx.o(RESET) refers to stm32f4xx_it.o(i.NMI_Handler) for NMI_Handler
    startup_stm32f407xx.o(RESET) refers to stm32f4xx_it.o(i.HardFault_Handler) for HardFault_Handler
    startup_stm32f407xx.o(RESET) refers to stm32f4xx_it.o(i.MemManage_Handler) for MemManage_Handler
    startup_stm32f407xx.o(RESET) refers to stm32f4xx_it.o(i.BusFault_Handler) for BusFault_Handler
    startup_stm32f407xx.o(RESET) refers to stm32f4xx_it.o(i.UsageFault_Handler) for UsageFault_Handler
    startup_stm32f407xx.o(RESET) refers to port.o(.emb_text) for SVC_Handler
    startup_stm32f407xx.o(RESET) refers to stm32f4xx_it.o(i.DebugMon_Handler) for DebugMon_Handler
    startup_stm32f407xx.o(RESET) refers to cmsis_os2.o(i.SysTick_Handler) for SysTick_Handler
    startup_stm32f407xx.o(RESET) refers to stm32f4xx_it.o(i.TIM5_IRQHandler) for TIM5_IRQHandler
    startup_stm32f407xx.o(.text) refers (Special) to heapauxi.o(.text) for __use_two_region_memory
    startup_stm32f407xx.o(.text) refers to system_stm32f4xx.o(i.SystemInit) for SystemInit
    startup_stm32f407xx.o(.text) refers to __main.o(!!!main) for __main
    startup_stm32f407xx.o(.text) refers to startup_stm32f407xx.o(HEAP) for Heap_Mem
    startup_stm32f407xx.o(.text) refers to startup_stm32f407xx.o(STACK) for Stack_Mem
    main.o(i.HAL_TIM_PeriodElapsedCallback) refers to stm32f4xx_hal.o(i.HAL_IncTick) for HAL_IncTick
    main.o(i.SystemClock_Config) refers to rt_memclr_w.o(.text) for __aeabi_memclr4
    main.o(i.SystemClock_Config) refers to stm32f4xx_hal_rcc.o(i.HAL_RCC_OscConfig) for HAL_RCC_OscConfig
    main.o(i.SystemClock_Config) refers to stm32f4xx_hal_rcc.o(i.HAL_RCC_ClockConfig) for HAL_RCC_ClockConfig
    main.o(i.main) refers to stm32f4xx_hal.o(i.HAL_Init) for HAL_Init
    main.o(i.main) refers to main.o(i.SystemClock_Config) for SystemClock_Config
    main.o(i.main) refers to gpio.o(i.MX_GPIO_Init) for MX_GPIO_Init
    main.o(i.main) refers to adc.o(i.MX_ADC1_Init) for MX_ADC1_Init
    main.o(i.main) refers to adc.o(i.MX_ADC2_Init) for MX_ADC2_Init
    main.o(i.main) refers to can.o(i.MX_CAN1_Init) for MX_CAN1_Init
    main.o(i.main) refers to can.o(i.MX_CAN2_Init) for MX_CAN2_Init
    main.o(i.main) refers to i2c.o(i.MX_I2C1_Init) for MX_I2C1_Init
    main.o(i.main) refers to i2c.o(i.MX_I2C2_Init) for MX_I2C2_Init
    main.o(i.main) refers to i2c.o(i.MX_I2C3_Init) for MX_I2C3_Init
    main.o(i.main) refers to spi.o(i.MX_SPI1_Init) for MX_SPI1_Init
    main.o(i.main) refers to spi.o(i.MX_SPI2_Init) for MX_SPI2_Init
    main.o(i.main) refers to tim.o(i.MX_TIM1_Init) for MX_TIM1_Init
    main.o(i.main) refers to tim.o(i.MX_TIM2_Init) for MX_TIM2_Init
    main.o(i.main) refers to tim.o(i.MX_TIM3_Init) for MX_TIM3_Init
    main.o(i.main) refers to usart.o(i.MX_UART4_Init) for MX_UART4_Init
    main.o(i.main) refers to usart.o(i.MX_UART5_Init) for MX_UART5_Init
    main.o(i.main) refers to usart.o(i.MX_USART1_UART_Init) for MX_USART1_UART_Init
    main.o(i.main) refers to usart.o(i.MX_USART2_UART_Init) for MX_USART2_UART_Init
    main.o(i.main) refers to usart.o(i.MX_USART3_UART_Init) for MX_USART3_UART_Init
    main.o(i.main) refers to usart.o(i.MX_USART6_UART_Init) for MX_USART6_UART_Init
    main.o(i.main) refers to cmsis_os2.o(i.osKernelInitialize) for osKernelInitialize
    main.o(i.main) refers to freertos.o(i.MX_FREERTOS_Init) for MX_FREERTOS_Init
    main.o(i.main) refers to cmsis_os2.o(i.osKernelStart) for osKernelStart
    gpio.o(i.MX_GPIO_Init) refers to rt_memclr_w.o(.text) for __aeabi_memclr4
    gpio.o(i.MX_GPIO_Init) refers to stm32f4xx_hal_gpio.o(i.HAL_GPIO_WritePin) for HAL_GPIO_WritePin
    gpio.o(i.MX_GPIO_Init) refers to stm32f4xx_hal_gpio.o(i.HAL_GPIO_Init) for HAL_GPIO_Init
    freertos.o(i.MX_FREERTOS_Init) refers to cmsis_os2.o(i.osThreadNew) for osThreadNew
    freertos.o(i.MX_FREERTOS_Init) refers to freertos.o(.constdata) for .constdata
    freertos.o(i.MX_FREERTOS_Init) refers to freertos.o(i.StartDefaultTask) for StartDefaultTask
    freertos.o(i.MX_FREERTOS_Init) refers to freertos.o(.data) for .data
    freertos.o(i.StartDefaultTask) refers to cmsis_os2.o(i.osDelay) for osDelay
    freertos.o(.constdata) refers to freertos.o(.conststring) for .conststring
    adc.o(i.HAL_ADC_MspDeInit) refers to stm32f4xx_hal_gpio.o(i.HAL_GPIO_DeInit) for HAL_GPIO_DeInit
[...]
    i.MX_I2C1_Init                           0x080023f4   Section        0  i2c.o(i.MX_I2C1_Init)
    i.MX_I2C2_Init                           0x08002434   Section        0  i2c.o(i.MX_I2C2_Init)
    i.MX_I2C3_Init                           0x08002474   Section        0  i2c.o(i.MX_I2C3_Init)
    i.MX_SPI1_Init                           0x080024b4   Section        0  spi.o(i.MX_SPI1_Init)
    i.MX_SPI2_Init                           0x080024f8   Section        0  spi.o(i.MX_SPI2_Init)
    i.MX_TIM1_Init                           0x0800253c   Section        0  tim.o(i.MX_TIM1_Init)
    i.MX_TIM2_Init                           0x08002634   Section        0  tim.o(i.MX_TIM2_Init)
    i.MX_TIM3_Init                           0x080026fc   Section        0  tim.o(i.MX_TIM3_Init)
    i.MX_UART4_Init                          0x080027c4   Section        0  usart.o(i.MX_UART4_Init)
    i.MX_UART5_Init                          0x080027fc   Section        0  usart.o(i.MX_UART5_Init)
    i.MX_USART1_UART_Init                    0x08002834   Section        0  usart.o(i.MX_USART1_UART_Init)
    i.MX_USART2_UART_Init                    0x0800286c   Section        0  usart.o(i.MX_USART2_UART_Init)
    i.MX_USART3_UART_Init                    0x080028a4   Section        0  usart.o(i.MX_USART3_UART_Init)
    i.MX_USART6_UART_Init                    0x080028dc   Section        0  usart.o(i.MX_USART6_UART_Init)
    i.MemManage_Handler                      0x08002914   Section        0  stm32f4xx_it.o(i.MemManage_Handler)
    i.NMI_Handler                            0x08002916   Section        0  stm32f4xx_it.o(i.NMI_Handler)
    i.StartDefaultTask                       0x08002918   Section        0  freertos.o(i.StartDefaultTask)
    i.SysTick_Handler                        0x08002920   Section        0  cmsis_os2.o(i.SysTick_Handler)
    i.SystemClock_Config                     0x0800293c   Section        0  main.o(i.SystemClock_Config)
    i.SystemInit                             0x080029d0   Section        0  system_stm32f4xx.o(i.SystemInit)
    i.TIM5_IRQHandler                        0x080029e0   Section        0  stm32f4xx_it.o(i.TIM5_IRQHandler)
    i.TIM_Base_SetConfig                     0x080029ec   Section        0  stm32f4xx_hal_tim.o(i.TIM_Base_SetConfig)
    i.TIM_ETR_SetConfig                      0x08002abc   Section        0  stm32f4xx_hal_tim.o(i.TIM_ETR_SetConfig)
    i.TIM_ITRx_SetConfig                     0x08002ad0   Section        0  stm32f4xx_hal_tim.o(i.TIM_ITRx_SetConfig)
    TIM_ITRx_SetConfig                       0x08002ad1   Thumb Code    16  stm32f4xx_hal_tim.o(i.TIM_ITRx_SetConfig)
    i.TIM_OC1_SetConfig                      0x08002ae0   Section        0  stm32f4xx_hal_tim.o(i.TIM_OC1_SetConfig)
    TIM_OC1_SetConfig                        0x08002ae1   Thumb Code    88  stm32f4xx_hal_tim.o(i.TIM_OC1_SetConfig)
    i.TIM_OC2_SetConfig                      0x08002b40   Section        0  stm32f4xx_hal_tim.o(i.TIM_OC2_SetConfig)
    i.TIM_OC3_SetConfig                      0x08002bac   Section        0  stm32f4xx_hal_tim.o(i.TIM_OC3_SetConfig)
    TIM_OC3_SetConfig                        0x08002bad   Thumb Code    96  stm32f4xx_hal_tim.o(i.TIM_OC3_SetConfig)
    i.TIM_OC4_SetConfig                      0x08002c14   Section        0  stm32f4xx_hal_tim.o(i.TIM_OC4_SetConfig)
    TIM_OC4_SetConfig                        0x08002c15   Thumb Code    70  stm32f4xx_hal_tim.o(i.TIM_OC4_SetConfig)
    i.TIM_TI1_ConfigInputStage               0x08002c64   Section        0  stm32f4xx_hal_tim.o(i.TIM_TI1_ConfigInputStage)
    TIM_TI1_ConfigInputStage                 0x08002c65   Thumb Code    34  stm32f4xx_hal_tim.o(i.TIM_TI1_ConfigInputStage)
    i.TIM_TI2_ConfigInputStage               0x08002c86   Section        0  stm32f4xx_hal_tim.o(i.TIM_TI2_ConfigInputStage)
    TIM_TI2_ConfigInputStage                 0x08002c87   Thumb Code    36  stm32f4xx_hal_tim.o(i.TIM_TI2_ConfigInputStage)
    i.UART_SetConfig                         0x08002cac   Section        0  stm32f4xx_hal_uart.o(i.UART_SetConfig)
    UART_SetConfig                           0x08002cad   Thumb Code   258  stm32f4xx_hal_uart.o(i.UART_SetConfig)
    i.UsageFault_Handler                     0x08002db8   Section        0  stm32f4xx_it.o(i.UsageFault_Handler)
    i.__NVIC_SetPriority                     0x08002dba   Section        0  stm32f4xx_hal_cortex.o(i.__NVIC_SetPriority)
    __NVIC_SetPriority                       0x08002dbb   Thumb Code    32  stm32f4xx_hal_cortex.o(i.__NVIC_SetPriority)
    i.main                                   0x08002dda   Section        0  main.o(i.main)
    i.osDelay                                0x08002e3c   Section        0  cmsis_os2.o(i.osDelay)
    i.osKernelInitialize                     0x08002e58   Section        0  cmsis_os2.o(i.osKernelInitialize)
    i.osKernelStart                          0x08002e7c   Section        0  cmsis_os2.o(i.osKernelStart)
    i.osThreadNew                            0x08002eb4   Section        0  cmsis_os2.o(i.osThreadNew)
    i.prvAddCurrentTaskToDelayedList         0x08002f40   Section        0  tasks.o(i.prvAddCurrentTaskToDelayedList)
    prvAddCurrentTaskToDelayedList           0x08002f41   Thumb Code    84  tasks.o(i.prvAddCurrentTaskToDelayedList)
    i.prvAddNewTaskToReadyList               0x08002f9c   Section        0  tasks.o(i.prvAddNewTaskToReadyList)
    prvAddNewTaskToReadyList                 0x08002f9d   Thumb Code   190  tasks.o(i.prvAddNewTaskToReadyList)
    i.prvCheckForValidListAndQueue           0x0800306c   Section        0  timers.o(i.prvCheckForValidListAndQueue)
    prvCheckForValidListAndQueue             0x0800306d   Thumb Code    72  timers.o(i.prvCheckForValidListAndQueue)
    i.prvCopyDataFromQueue                   0x080030c4   Section        0  queue.o(i.prvCopyDataFromQueue)
    prvCopyDataFromQueue                     0x080030c5   Thumb Code    38  queue.o(i.prvCopyDataFromQueue)
    i.prvCopyDataToQueue                     0x080030ea   Section        0  queue.o(i.prvCopyDataToQueue)
    prvCopyDataToQueue                       0x080030eb   Thumb Code   108  queue.o(i.prvCopyDataToQueue)
    i.prvDeleteTCB                           0x08003156   Section        0  tasks.o(i.prvDeleteTCB)
    prvDeleteTCB                             0x08003157   Thumb Code    52  tasks.o(i.prvDeleteTCB)
    i.prvHeapInit                            0x0800318c   Section        0  heap_4.o(i.prvHeapInit)
    prvHeapInit                              0x0800318d   Thumb Code    66  heap_4.o(i.prvHeapInit)
    i.prvIdleTask                            0x080031d8   Section        0  tasks.o(i.prvIdleTask)
    prvIdleTask                              0x080031d9   Thumb Code    82  tasks.o(i.prvIdleTask)
    i.prvInitialiseNewQueue                  0x08003238   Section        0  queue.o(i.prvInitialiseNewQueue)
    prvInitialiseNewQueue                    0x08003239   Thumb Code    34  queue.o(i.prvInitialiseNewQueue)
    i.prvInitialiseNewTask                   0x0800325c   Section        0  tasks.o(i.prvInitialiseNewTask)
    prvInitialiseNewTask                     0x0800325d   Thumb Code   176  tasks.o(i.prvInitialiseNewTask)
    i.prvInsertBlockIntoFreeList             0x0800330c   Section        0  heap_4.o(i.prvInsertBlockIntoFreeList)
    prvInsertBlockIntoFreeList               0x0800330d   Thumb Code    72  heap_4.o(i.prvInsertBlockIntoFreeList)
    i.prvInsertTimerInActiveList             0x08003358   Section        0  timers.o(i.prvInsertTimerInActiveList)
    prvInsertTimerInActiveList               0x08003359   Thumb Code    52  timers.o(i.prvInsertTimerInActiveList)
    i.prvIsQueueEmpty                        0x08003390   Section        0  queue.o(i.prvIsQueueEmpty)
    prvIsQueueEmpty                          0x08003391   Thumb Code    28  queue.o(i.prvIsQueueEmpty)
    i.prvProcessReceivedCommands             0x080033ac   Section        0  timers.o(i.prvProcessReceivedCommands)
    prvProcessReceivedCommands               0x080033ad   Thumb Code   248  timers.o(i.prvProcessReceivedCommands)
    i.prvProcessTimerOrBlockTask             0x080034a8   Section        0  timers.o(i.prvProcessTimerOrBlockTask)
    prvProcessTimerOrBlockTask               0x080034a9   Thumb Code   182  timers.o(i.prvProcessTimerOrBlockTask)
    i.prvResetNextTaskUnblockTime            0x08003568   Section        0  tasks.o(i.prvResetNextTaskUnblockTime)
    prvResetNextTaskUnblockTime              0x08003569   Thumb Code    26  tasks.o(i.prvResetNextTaskUnblockTime)
    i.prvSampleTimeNow                       0x08003588   Section        0  timers.o(i.prvSampleTimeNow)
    prvSampleTimeNow                         0x08003589   Thumb Code    36  timers.o(i.prvSampleTimeNow)
    i.prvSwitchTimerLists                    0x080035b0   Section        0  timers.o(i.prvSwitchTimerLists)
    prvSwitchTimerLists                      0x080035b1   Thumb Code   104  timers.o(i.prvSwitchTimerLists)
    i.prvTaskExitError                       0x0800361c   Section        0  port.o(i.prvTaskExitError)
    prvTaskExitError                         0x0800361d   Thumb Code    36  port.o(i.prvTaskExitError)
    i.prvTimerTask                           0x08003644   Section        0  timers.o(i.prvTimerTask)
    prvTimerTask                             0x08003645   Thumb Code    32  timers.o(i.prvTimerTask)
    i.prvUnlockQueue                         0x08003668   Section        0  queue.o(i.prvUnlockQueue)
    prvUnlockQueue                           0x08003669   Thumb Code   106  queue.o(i.prvUnlockQueue)
    i.pvPortMalloc                           0x080036d4   Section        0  heap_4.o(i.pvPortMalloc)
    i.pxPortInitialiseStack                  0x080037b0   Section        0  port.o(i.pxPortInitialiseStack)
    i.uxListRemove                           0x080037dc   Section        0  list.o(i.uxListRemove)
    i.vApplicationGetIdleTaskMemory          0x08003804   Section        0  cmsis_os2.o(i.vApplicationGetIdleTaskMemory)
    i.vApplicationGetTimerTaskMemory         0x08003818   Section        0  cmsis_os2.o(i.vApplicationGetTimerTaskMemory)
    i.vListInitialise                        0x08003830   Section        0  list.o(i.vListInitialise)
    i.vListInitialiseItem                    0x08003846   Section        0  list.o(i.vListInitialiseItem)
    i.vListInsert                            0x0800384c   Section        0  list.o(i.vListInsert)
    i.vListInsertEnd                         0x0800387c   Section        0  list.o(i.vListInsertEnd)
    i.vPortEnterCritical                     0x08003894   Section        0  port.o(i.vPortEnterCritical)
    i.vPortExitCritical                      0x080038d4   Section        0  port.o(i.vPortExitCritical)
    i.vPortFree                              0x080038fc   Section        0  heap_4.o(i.vPortFree)
    i.vPortSetupTimerInterrupt               0x08003960   Section        0  port.o(i.vPortSetupTimerInterrupt)
    i.vPortValidateInterruptPriority         0x08003984   Section        0  port.o(i.vPortValidateInterruptPriority)
    i.vQueueAddToRegistry                    0x080039d8   Section        0  queue.o(i.vQueueAddToRegistry)
    i.vQueueWaitForMessageRestricted         0x08003a00   Section        0  queue.o(i.vQueueWaitForMessageRestricted)
    i.vTaskDelay                             0x08003a44   Section        0  tasks.o(i.vTaskDelay)
    i.vTaskInternalSetTimeOutState           0x08003a90   Section        0  tasks.o(i.vTaskInternalSetTimeOutState)
    i.vTaskMissedYield                       0x08003aa0   Section        0  tasks.o(i.vTaskMissedYield)
    i.vTaskPlaceOnEventList                  0x08003aac   Section        0  tasks.o(i.vTaskPlaceOnEventList)
    i.vTaskPlaceOnEventListRestricted        0x08003adc   Section        0  tasks.o(i.vTaskPlaceOnEventListRestricted)
    i.vTaskStartScheduler                    0x08003b14   Section        0  tasks.o(i.vTaskStartScheduler)
    i.vTaskSuspendAll                        0x08003b9c   Section        0  tasks.o(i.vTaskSuspendAll)
    i.vTaskSwitchContext                     0x08003bac   Section        0  tasks.o(i.vTaskSwitchContext)
    i.xPortStartScheduler                    0x08003c10   Section        0  port.o(i.xPortStartScheduler)
    i.xPortSysTickHandler                    0x08003d04   Section        0  port.o(i.xPortSysTickHandler)
    i.xQueueGenericCreateStatic              0x08003d30   Section        0  queue.o(i.xQueueGenericCreateStatic)
    i.xQueueGenericReset                     0x08003d98   Section        0  queue.o(i.xQueueGenericReset)
    i.xQueueGenericSend                      0x08003e20   Section        0  queue.o(i.xQueueGenericSend)
    i.xQueueGenericSendFromISR               0x08003f80   Section        0  queue.o(i.xQueueGenericSendFromISR)
    i.xQueueReceive                          0x08004040   Section        0  queue.o(i.xQueueReceive)
    i.xTaskCheckForTimeOut                   0x08004178   Section        0  tasks.o(i.xTaskCheckForTimeOut)
    i.xTaskCreate                            0x080041ec   Section        0  tasks.o(i.xTaskCreate)
    i.xTaskCreateStatic                      0x08004246   Section        0  tasks.o(i.xTaskCreateStatic)
    i.xTaskGetSchedulerState                 0x0800429c   Section        0  tasks.o(i.xTaskGetSchedulerState)
    i.xTaskGetTickCount                      0x080042b8   Section        0  tasks.o(i.xTaskGetTickCount)
    i.xTaskIncrementTick                     0x080042c4   Section        0  tasks.o(i.xTaskIncrementTick)
    i.xTaskPriorityDisinherit                0x0800438c   Section        0  tasks.o(i.xTaskPriorityDisinherit)
    i.xTaskRemoveFromEventList               0x0800440c   Section        0  tasks.o(i.xTaskRemoveFromEventList)
    i.xTaskResumeAll                         0x0800447c   Section        0  tasks.o(i.xTaskResumeAll)
    i.xTimerCreateTimerTask                  0x08004540   Section        0  timers.o(i.xTimerCreateTimerTask)
    i.xTimerGenericCommand                   0x080045a0   Section        0  timers.o(i.xTimerGenericCommand)
    x$fpl$fpinit                             0x08004608   Section       10  fpinit.o(x$fpl$fpinit)
    $v0                                      0x08004608   Number         0  fpinit.o(x$fpl$fpinit)
    .constdata                               0x08004614   Section       36  freertos.o(.constdata)
    .constdata                               0x08004638   Section       16  system_stm32f4xx.o(.constdata)
    .constdata                               0x08004648   Section        8  system_stm32f4xx.o(.constdata)
    .conststring                             0x08004650   Section       12  freertos.o(.conststring)
    .data                                    0x20000000   Section        4  freertos.o(.data)
    .data                                    0x20000004   Section        4  can.o(.data)
    HAL_RCC_CAN1_CLK_ENABLED                 0x20000004   Data           4  can.o(.data)
    .data                                    0x20000008   Section       12  stm32f4xx_hal.o(.data)
    .data                                    0x20000014   Section        4  system_stm32f4xx.o(.data)
    .data                                    0x20000018   Section       60  tasks.o(.data)
    uxDeletedTasksWaitingCleanUp             0x2000001c   Data           4  tasks.o(.data)
    uxCurrentNumberOfTasks                   0x20000020   Data           4  tasks.o(.data)
    xTickCount                               0x20000024   Data           4  tasks.o(.data)
    uxTopReadyPriority                       0x20000028   Data           4  tasks.o(.data)
    xSchedulerRunning                        0x2000002c   Data           4  tasks.o(.data)
    xPendedTicks                             0x20000030   Data           4  tasks.o(.data)
    xYieldPending                            0x20000034   Data           4  tasks.o(.data)
    xNumOfOverflows                          0x20000038   Data           4  tasks.o(.data)
    uxTaskNumber                             0x2000003c   Data           4  tasks.o(.data)
    xNextTaskUnblockTime                     0x20000040   Data           4  tasks.o(.data)
    xIdleTaskHandle                          0x20000044   Data           4  tasks.o(.data)
    uxSchedulerSuspended                     0x20000048   Data           4  tasks.o(.data)
    pxDelayedTaskList                        0x2000004c   Data           4  tasks.o(.data)
    pxOverflowDelayedTaskList                0x20000050   Data           4  tasks.o(.data)
    .data                                    0x20000054   Section       20  timers.o(.data)
    xTimerQueue                              0x20000054   Data           4  timers.o(.data)
    xTimerTaskHandle                         0x20000058   Data           4  timers.o(.data)
    xLastTime                                0x2000005c   Data           4  timers.o(.data)
    pxCurrentTimerList                       0x20000060   Data           4  timers.o(.data)
    pxOverflowTimerList                      0x20000064   Data           4  timers.o(.data)
    .data                                    0x20000068   Section        4  cmsis_os2.o(.data)
    KernelState                              0x20000068   Data           4  cmsis_os2.o(.data)
    .data                                    0x2000006c   Section       32  heap_4.o(.data)
    pxEnd                                    0x2000006c   Data           4  heap_4.o(.data)
    xFreeBytesRemaining                      0x20000070   Data           4  heap_4.o(.data)
    xMinimumEverFreeBytesRemaining           0x20000074   Data           4  heap_4.o(.data)
    xNumberOfSuccessfulAllocations           0x20000078   Data           4  heap_4.o(.data)
    xNumberOfSuccessfulFrees                 0x2000007c   Data           4  heap_4.o(.data)
    xBlockAllocatedBit                       0x20000080   Data           4  heap_4.o(.data)
    xStart                                   0x20000084   Data           8  heap_4.o(.data)
    .data                                    0x2000008c   Section       12  port.o(.data)
    ucMaxSysCallPriority                     0x2000008c   Data           1  port.o(.data)
    uxCriticalNesting                        0x20000090   Data           4  port.o(.data)
    ulMaxPRIGROUPValue                       0x20000094   Data           4  port.o(.data)
    .bss                                     0x20000098   Section      144  adc.o(.bss)
    .bss                                     0x20000128   Section       80  can.o(.bss)
    .bss                                     0x20000178   Section      252  i2c.o(.bss)
    .bss                                     0x20000274   Section      176  spi.o(.bss)
    .bss                                     0x20000324   Section      216  tim.o(.bss)
    .bss                                     0x200003fc   Section      432  usart.o(.bss)
    .bss                                     0x200005ac   Section       72  stm32f4xx_hal_timebase_tim.o(.bss)
    .bss                                     0x200005f4   Section       64  queue.o(.bss)
    .bss                                     0x20000634   Section     1220  tasks.o(.bss)
    pxReadyTasksLists                        0x20000634   Data        1120  tasks.o(.bss)
    xDelayedTaskList1                        0x20000a94   Data          20  tasks.o(.bss)
    xDelayedTaskList2                        0x20000aa8   Data          20  tasks.o(.bss)
    xPendingReadyList                        0x20000abc   Data          20  tasks.o(.bss)
    xTasksWaitingTermination                 0x20000ad0   Data          20  tasks.o(.bss)
    xSuspendedTaskList                       0x20000ae4   Data          20  tasks.o(.bss)
    .bss                                     0x20000af8   Section      280  timers.o(.bss)
    xStaticTimerQueue                        0x20000af8   Data          80  timers.o(.bss)
    ucStaticTimerQueueStorage                0x20000b48   Data         160  timers.o(.bss)
    xActiveTimerList1                        0x20000be8   Data          20  timers.o(.bss)
    xActiveTimerList2                        0x20000bfc   Data          20  timers.o(.bss)
    .bss                                     0x20000c10   Section     1720  cmsis_os2.o(.bss)
    Idle_TCB                                 0x20000c10   Data          92  cmsis_os2.o(.bss)
    Idle_Stack                               0x20000c6c   Data         512  cmsis_os2.o(.bss)
    Timer_TCB                                0x20000e6c   Data          92  cmsis_os2.o(.bss)
    Timer_Stack                              0x20000ec8   Data        1024  cmsis_os2.o(.bss)
    .bss                                     0x200012c8   Section    15360  heap_4.o(.bss)
    ucHeap                                   0x200012c8   Data       15360  heap_4.o(.bss)
    .bss                                     0x20004ec8   Section       96  libspace.o(.bss)
    HEAP                                     0x20004f28   Section     8192  startup_stm32f407xx.o(HEAP)
    Heap_Mem                                 0x20004f28   Data        8192  startup_stm32f407xx.o(HEAP)
    STACK                                    0x20006f28   Section    16384  startup_stm32f407xx.o(STACK)
    Stack_Mem                                0x20006f28   Data       16384  startup_stm32f407xx.o(STACK)
    __initial_sp                             0x2000af28   Data           0  startup_stm32f407xx.o(STACK)

    Global Symbols

    Symbol Name                              Value     Ov Type        Size  Object(Section)

    BuildAttributes$$THM_ISAv4$E$P$D$K$B$S$7EM$VFPi3$EXTD16$VFPS$VFMA$PE$A:L22UL41UL21$X:L11$S22US41US21$IEEE1$IW$USESV6$~STKCKD$USESV7$~SHL$OSPACE$ROPI$EBA8$UX$STANDARDLIB$REQ8$PRES8$EABIv2 0x00000000   Number         0  anon$$obj.o ABSOLUTE
    __ARM_use_no_argv                        0x00000000   Number         0  main.o ABSOLUTE
    __ARM_exceptions_init                     - Undefined Weak Reference
    __alloca_initialize                       - Undefined Weak Reference
    __arm_preinit_                            - Undefined Weak Reference
    __cpp_initialize__aeabi_                  - Undefined Weak Reference
    __cxa_finalize                            - Undefined Weak Reference
    __rt_locale                               - Undefined Weak Reference
    __sigvec_lookup                           - Undefined Weak Reference
    _atexit_init                              - Undefined Weak Reference
    _call_atexit_fns                          - Undefined Weak Reference
    _clock_init                               - Undefined Weak Reference
    _fp_trap_init                             - Undefined Weak Reference
    _fp_trap_shutdown                         - Undefined Weak Reference
    _get_lc_collate                           - Undefined Weak Reference
    _get_lc_ctype                             - Undefined Weak Reference
    _get_lc_monetary                          - Undefined Weak Reference
    _get_lc_numeric                           - Undefined Weak Reference
    _get_lc_time                              - Undefined Weak Reference
    _getenv_init                              - Undefined Weak Reference
    _handle_redirection                       - Undefined Weak Reference
    _init_alloc                               - Undefined Weak Reference
    _init_user_alloc                          - Undefined Weak Reference
    _initio                                   - Undefined Weak Reference
    _rand_init                                - Undefined Weak Reference
    _signal_finish                            - Undefined Weak Reference
    _signal_init                              - Undefined Weak Reference
    _terminate_alloc                          - Undefined Weak Reference
    _terminate_user_alloc                     - Undefined Weak Reference
    _terminateio                              - Undefined Weak Reference
    __Vectors_Size                           0x00000188   Number         0  startup_stm32f407xx.o ABSOLUTE
    __Vectors                                0x08000000   Data           4  startup_stm32f407xx.o(RESET)
    __Vectors_End                            0x08000188   Data           0  startup_stm32f407xx.o(RESET)
    __main                                   0x08000189   Thumb Code     8  __main.o(!!!main)
    __scatterload                            0x08000191   Thumb Code     0  __scatter.o(!!!scatter)
    __scatterload_rt2                        0x08000191   Thumb Code    44  __scatter.o(!!!scatter)
    __scatterload_rt2_thumb_only             0x08000191   Thumb Code     0  __scatter.o(!!!scatter)
    __scatterload_null                       0x0800019f   Thumb Code     0  __scatter.o(!!!scatter)
    __scatterload_copy                       0x080001c5   Thumb Code    26  __scatter_copy.o(!!handler_copy)
    __scatterload_zeroinit                   0x080001e1   Thumb Code    28  __scatter_zi.o(!!handler_zi)
    __rt_lib_init                            0x080001fd   Thumb Code     0  libinit.o(.ARM.Collect$$libinit$$00000000)
    __rt_lib_init_fp_1                       0x080001ff   Thumb Code     0  libinit2.o(.ARM.Collect$$libinit$$00000001)
    __rt_lib_init_alloca_1                   0x08000203   Thumb Code     0  libinit2.o(.ARM.Collect$$libinit$$0000002E)
    __rt_lib_init_argv_1                     0x08000203   Thumb Code     0  libinit2.o(.ARM.Collect$$libinit$$0000002C)
    __rt_lib_init_atexit_1                   0x08000203   Thumb Code     0  libinit2.o(.ARM.Collect$$libinit$$0000001B)
    __rt_lib_init_clock_1                    0x08000203   Thumb Code     0  libinit2.o(.ARM.Collect$$libinit$$00000021)
    __rt_lib_init_cpp_1                      0x08000203   Thumb Code     0  libinit2.o(.ARM.Collect$$libinit$$00000032)
    __rt_lib_init_exceptions_1               0x08000203   Thumb Code     0  libinit2.o(.ARM.Collect$$libinit$$00000030)
    __rt_lib_init_fp_trap_1                  0x08000203   Thumb Code     0  libinit2.o(.ARM.Collect$$libinit$$0000001F)
    __rt_lib_init_getenv_1                   0x08000203   Thumb Code     0  libinit2.o(.ARM.Collect$$libinit$$00000023)
    __rt_lib_init_heap_1                     0x08000203   Thumb Code     0  libinit2.o(.ARM.Collect$$libinit$$0000000A)
    __rt_lib_init_lc_collate_1               0x08000203   Thumb Code     0  libinit2.o(.ARM.Collect$$libinit$$00000011)
    __rt_lib_init_lc_ctype_1                 0x08000203   Thumb Code     0  libinit2.o(.ARM.Collect$$libinit$$00000013)
    __rt_lib_init_lc_monetary_1              0x08000203   Thumb Code     0  libinit2.o(.ARM.Collect$$libinit$$00000015)
    __rt_lib_init_lc_numeric_1               0x08000203   Thumb Code     0  libinit2.o(.ARM.Collect$$libinit$$00000017)
    __rt_lib_init_lc_time_1                  0x08000203   Thumb Code     0  libinit2.o(.ARM.Collect$$libinit$$00000019)
    __rt_lib_init_preinit_1                  0x08000203   Thumb Code     0  libinit2.o(.ARM.Collect$$libinit$$00000004)
    __rt_lib_init_rand_1                     0x08000203   Thumb Code     0  libinit2.o(.ARM.Collect$$libinit$$0000000E)
    __rt_lib_init_return                     0x08000203   Thumb Code     0  libinit2.o(.ARM.Collect$$libinit$$00000033)
    __rt_lib_init_signal_1                   0x08000203   Thumb Code     0  libinit2.o(.ARM.Collect$$libinit$$0000001D)
    __rt_lib_init_stdio_1                    0x08000203   Thumb Code     0  libinit2.o(.ARM.Collect$$libinit$$00000025)
    __rt_lib_init_user_alloc_1               0x08000203   Thumb Code     0  libinit2.o(.ARM.Collect$$libinit$$0000000C)
    __rt_lib_shutdown                        0x08000205   Thumb Code     0  libshutdown.o(.ARM.Collect$$libshutdown$$00000000)
    __rt_lib_shutdown_cpp_1                  0x08000207   Thumb Code     0  libshutdown2.o(.ARM.Collect$$libshutdown$$00000002)
    __rt_lib_shutdown_fp_trap_1              0x08000207   Thumb Code     0  libshutdown2.o(.ARM.Collect$$libshutdown$$00000007)
    __rt_lib_shutdown_heap_1                 0x08000207   Thumb Code     0  libshutdown2.o(.ARM.Collect$$libshutdown$$0000000F)
    __rt_lib_shutdown_return                 0x08000207   Thumb Code     0  libshutdown2.o(.ARM.Collect$$libshutdown$$00000010)
    __rt_lib_shutdown_signal_1               0x08000207   Thumb Code     0  libshutdown2.o(.ARM.Collect$$libshutdown$$0000000A)
    __rt_lib_shutdown_stdio_1                0x08000207   Thumb Code     0  libshutdown2.o(.ARM.Collect$$libshutdown$$00000004)
    __rt_lib_shutdown_user_alloc_1           0x08000207   Thumb Code     0  libshutdown2.o(.ARM.Collect$$libshutdown$$0000000C)
    __rt_entry                               0x08000209   Thumb Code     0  __rtentry.o(.ARM.Collect$$rtentry$$00000000)
    __rt_entry_presh_1                       0x08000209   Thumb Code     0  __rtentry2.o(.ARM.Collect$$rtentry$$00000002)
    __rt_entry_sh                            0x08000209   Thumb Code     0  __rtentry4.o(.ARM.Collect$$rtentry$$00000004)
    __rt_entry_li                            0x0800020f   Thumb Code     0  __rtentry2.o(.ARM.Collect$$rtentry$$0000000A)
    __rt_entry_postsh_1                      0x0800020f   Thumb Code     0  __rtentry2.o(.ARM.Collect$$rtentry$$00000009)
    __rt_entry_main                          0x08000213   Thumb Code     0  __rtentry2.o(.ARM.Collect$$rtentry$$0000000D)
    __rt_entry_postli_1                      0x08000213   Thumb Code     0  __rtentry2.o(.ARM.Collect$$rtentry$$0000000C)
    __rt_exit                                0x0800021b   Thumb Code     0  rtexit.o(.ARM.Collect$$rtexit$$00000000)
    __rt_exit_ls                             0x0800021d   Thumb Code     0  rtexit2.o(.ARM.Collect$$rtexit$$00000003)
    __rt_exit_prels_1                        0x0800021d   Thumb Code     0  rtexit2.o(.ARM.Collect$$rtexit$$00000002)
    __rt_exit_exit                           0x08000221   Thumb Code     0  rtexit2.o(.ARM.Collect$$rtexit$$00000004)
    SVC_Handler                              0x08000229   Thumb Code    28  port.o(.emb_text)
    __asm___6_port_c_39a90d8d__prvStartFirstTask 0x08000249   Thumb Code    36  port.o(.emb_text)
    __asm___6_port_c_39a90d8d__prvEnableVFP  0x08000271   Thumb Code    16  port.o(.emb_text)
    PendSV_Handler                           0x08000285   Thumb Code    88  port.o(.emb_text)
    vPortGetIPSR                             0x080002e1   Thumb Code     6  port.o(.emb_text)
    Reset_Handler                            0x080002e9   Thumb Code     8  startup_stm32f407xx.o(.text)
    ADC_IRQHandler                           0x08000303   Thumb Code     0  startup_stm32f407xx.o(.text)
    CAN1_RX0_IRQHandler                      0x08000303   Thumb Code     0  startup_stm32f407xx.o(.text)
    CAN1_RX1_IRQHandler                      0x08000303   Thumb Code     0  startup_stm32f407xx.o(.text)
    CAN1_SCE_IRQHandler                      0x08000303   Thumb Code     0  startup_stm32f407xx.o(.text)
    CAN1_TX_IRQHandler                       0x08000303   Thumb Code     0  startup_stm32f407xx.o(.text)
    CAN2_RX0_IRQHandler                      0x08000303   Thumb Code     0  startup_stm32f407xx.o(.text)
    CAN2_RX1_IRQHandler                      0x08000303   Thumb Code     0  startup_stm32f407xx.o(.text)
    CAN2_SCE_IRQHandler                      0x08000303   Thumb Code     0  startup_stm32f407xx.o(.text)
    CAN2_TX_IRQHandler                       0x08000303   Thumb Code     0  startup_stm32f407xx.o(.text)
    DCMI_IRQHandler                          0x08000303   Thumb Code     0  startup_stm32f407xx.o(.text)
    DMA1_Stream0_IRQHandler                  0x08000303   Thumb Code     0  startup_stm32f407xx.o(.text)
    DMA1_Stream1_IRQHandler                  0x08000303   Thumb Code     0  startup_stm32f407xx.o(.text)
    DMA1_Stream2_IRQHandler                  0x08000303   Thumb Code     0  startup_stm32f407xx.o(.text)
    DMA1_Stream3_IRQHandler                  0x08000303   Thumb Code     0  startup_stm32f407xx.o(.text)
    DMA1_Stream4_IRQHandler                  0x08000303   Thumb Code     0  startup_stm32f407xx.o(.text)
    DMA1_Stream5_IRQHandler                  0x08000303   Thumb Code     0  startup_stm32f407xx.o(.text)
    DMA1_Stream6_IRQHandler                  0x08000303   Thumb Code     0  startup_stm32f407xx.o(.text)
    DMA1_Stream7_IRQHandler                  0x08000303   Thumb Code     0  startup_stm32f407xx.o(.text)
    DMA2_Stream0_IRQHandler                  0x08000303   Thumb Code     0  startup_stm32f407xx.o(.text)
    DMA2_Stream1_IRQHandler                  0x08000303   Thumb Code     0  startup_stm32f407xx.o(.text)
    DMA2_Stream2_IRQHandler                  0x08000303   Thumb Code     0  startup_stm32f407xx.o(.text)
    DMA2_Stream3_IRQHandler                  0x08000303   Thumb Code     0  startup_stm32f407xx.o(.text)
    DMA2_Stream4_IRQHandler                  0x08000303   Thumb Code     0  startup_stm32f407xx.o(.text)
    DMA2_Stream5_IRQHandler                  0x08000303   Thumb Code     0  startup_stm32f407xx.o(.text)
    DMA2_Stream6_IRQHandler                  0x08000303   Thumb Code     0  startup_stm32f407xx.o(.text)
    DMA2_Stream7_IRQHandler                  0x08000303   Thumb Code     0  startup_stm32f407xx.o(.text)
    ETH_IRQHandler                           0x08000303   Thumb Code     0  startup_stm32f407xx.o(.text)
    ETH_WKUP_IRQHandler                      0x08000303   Thumb Code     0  startup_stm32f407xx.o(.text)
    EXTI0_IRQHandler                         0x08000303   Thumb Code     0  startup_stm32f407xx.o(.text)
    EXTI15_10_IRQHandler                     0x08000303   Thumb Code     0  startup_stm32f407xx.o(.text)
    EXTI1_IRQHandler                         0x08000303   Thumb Code     0  startup_stm32f407xx.o(.text)
    EXTI2_IRQHandler                         0x08000303   Thumb Code     0  startup_stm32f407xx.o(.text)
    EXTI3_IRQHandler                         0x08000303   Thumb Code     0  startup_stm32f407xx.o(.text)
    EXTI4_IRQHandler                         0x08000303   Thumb Code     0  startup_stm32f407xx.o(.text)
    EXTI9_5_IRQHandler                       0x08000303   Thumb Code     0  startup_stm32f407xx.o(.text)
    FLASH_IRQHandler                         0x08000303   Thumb Code     0  startup_stm32f407xx.o(.text)
    FMC_IRQHandler                           0x08000303   Thumb Code     0  startup_stm32f407xx.o(.text)
    FPU_IRQHandler                           0x08000303   Thumb Code     0  startup_stm32f407xx.o(.text)
    HASH_RNG_IRQHandler                      0x08000303   Thumb Code     0  startup_stm32f407xx.o(.text)
    I2C1_ER_IRQHandler                       0x08000303   Thumb Code     0  startup_stm32f407xx.o(.text)
    I2C1_EV_IRQHandler                       0x08000303   Thumb Code     0  startup_stm32f407xx.o(.text)
    I2C2_ER_IRQHandler                       0x08000303   Thumb Code     0  startup_stm32f407xx.o(.text)
    I2C2_EV_IRQHandler                       0x08000303   Thumb Code     0  startup_stm32f407xx.o(.text)
    I2C3_ER_IRQHandler                       0x08000303   Thumb Code     0  startup_stm32f407xx.o(.text)
    I2C3_EV_IRQHandler                       0x08000303   Thumb Code     0  startup_stm32f407xx.o(.text)
    OTG_FS_IRQHandler                        0x08000303   Thumb Code     0  startup_stm32f407xx.o(.text)
    OTG_FS_WKUP_IRQHandler                   0x08000303   Thumb Code     0  startup_stm32f407xx.o(.text)
    OTG_HS_EP1_IN_IRQHandler                 0x08000303   Thumb Code     0  startup_stm32f407xx.o(.text)
    OTG_HS_EP1_OUT_IRQHandler                0x08000303   Thumb Code     0  startup_stm32f407xx.o(.text)
    OTG_HS_IRQHandler                        0x08000303   Thumb Code     0  startup_stm32f407xx.o(.text)
    OTG_HS_WKUP_IRQHandler                   0x08000303   Thumb Code     0  startup_stm32f407xx.o(.text)
    PVD_IRQHandler                           0x08000303   Thumb Code     0  startup_stm32f407xx.o(.text)
    RCC_IRQHandler                           0x08000303   Thumb Code     0  startup_stm32f407xx.o(.text)
    RTC_Alarm_IRQHandler                     0x08000303   Thumb Code     0  startup_stm32f407xx.o(.text)
    RTC_WKUP_IRQHandler                      0x08000303   Thumb Code     0  startup_stm32f407xx.o(.text)
    SDIO_IRQHandler                          0x08000303   Thumb Code     0  startup_stm32f407xx.o(.text)
    SPI1_IRQHandler                          0x08000303   Thumb Code     0  startup_stm32f407xx.o(.text)
    SPI2_IRQHandler                          0x08000303   Thumb Code     0  startup_stm32f407xx.o(.text)
    SPI3_IRQHandler                          0x08000303   Thumb Code     0  startup_stm32f407xx.o(.text)
    TAMP_STAMP_IRQHandler                    0x08000303   Thumb Code     0  startup_stm32f407xx.o(.text)
    TIM1_BRK_TIM9_IRQHandler                 0x08000303   Thumb Code     0  startup_stm32f407xx.o(.text)
    TIM1_CC_IRQHandler                       0x08000303   Thumb Code     0  startup_stm32f407xx.o(.text)
    TIM1_TRG_COM_TIM11_IRQHandler            0x08000303   Thumb Code     0  startup_stm32f407xx.o(.text)
    TIM1_UP_TIM10_IRQHandler                 0x08000303   Thumb Code     0  startup_stm32f407xx.o(.text)
    TIM2_IRQHandler                          0x08000303   Thumb Code     0  startup_stm32f407xx.o(.text)
    TIM3_IRQHandler                          0x08000303   Thumb Code     0  startup_stm32f407xx.o(.text)
    TIM4_IRQHandler                          0x08000303   Thumb Code     0  startup_stm32f407xx.o(.text)
    TIM6_DAC_IRQHandler                      0x08000303   Thumb Code     0  startup_stm32f407xx.o(.text)
    TIM7_IRQHandler                          0x08000303   Thumb Code     0  startup_stm32f407xx.o(.text)
    TIM8_BRK_TIM12_IRQHandler                0x08000303   Thumb Code     0  startup_stm32f407xx.o(.text)
    TIM8_CC_IRQHandler                       0x08000303   Thumb Code     0  startup_stm32f407xx.o(.text)
    TIM8_TRG_COM_TIM14_IRQHandler            0x08000303   Thumb Code     0  startup_stm32f407xx.o(.text)
    TIM8_UP_TIM13_IRQHandler                 0x08000303   Thumb Code     0  startup_stm32f407xx.o(.text)
    UART4_IRQHandler                         0x08000303   Thumb Code     0  startup_stm32f407xx.o(.text)
    UART5_IRQHandler                         0x08000303   Thumb Code     0  startup_stm32f407xx.o(.text)
    USART1_IRQHandler                        0x08000303   Thumb Code     0  startup_stm32f407xx.o(.text)
    USART2_IRQHandler                        0x08000303   Thumb Code     0  startup_stm32f407xx.o(.text)
    USART3_IRQHandler                        0x08000303   Thumb Code     0  startup_stm32f407xx.o(.text)
    USART6_IRQHandler                        0x08000303   Thumb Code     0  startup_stm32f407xx.o(.text)
    WWDG_IRQHandler                          0x08000303   Thumb Code     0  startup_stm32f407xx.o(.text)
    __user_initial_stackheap                 0x08000305   Thumb Code     0  startup_stm32f407xx.o(.text)
    __aeabi_uldivmod                         0x08000329   Thumb Code     0  lludivv7m.o(.text)
    _ll_udiv                                 0x08000329   Thumb Code   238  lludivv7m.o(.text)
    __aeabi_memcpy                           0x08000417   Thumb Code     0  rt_memcpy_v6.o(.text)
    __rt_memcpy                              0x08000417   Thumb Code   138  rt_memcpy_v6.o(.text)
    _memcpy_lastbytes                        0x0800047d   Thumb Code     0  rt_memcpy_v6.o(.text)
    __aeabi_memset                           0x080004a1   Thumb Code    16  aeabi_memset.o(.text)
    __aeabi_memclr4                          0x080004b1   Thumb Code     0  rt_memclr_w.o(.text)
    __aeabi_memclr8                          0x080004b1   Thumb Code     0  rt_memclr_w.o(.text)
    __rt_memclr_w                            0x080004b1   Thumb Code    78  rt_memclr_w.o(.text)
    _memset_w                                0x080004b5   Thumb Code     0  rt_memclr_w.o(.text)
    __use_two_region_memory                  0x080004ff   Thumb Code     2  heapauxi.o(.text)
    __rt_heap_escrow$2region                 0x08000501   Thumb Code     2  heapauxi.o(.text)
    __rt_heap_expand$2region                 0x08000503   Thumb Code     2  heapauxi.o(.text)
    __aeabi_memcpy4                          0x08000505   Thumb Code     0  rt_memcpy_w.o(.text)
    __aeabi_memcpy8                          0x08000505   Thumb Code     0  rt_memcpy_w.o(.text)
    __rt_memcpy_w                            0x08000505   Thumb Code   100  rt_memcpy_w.o(.text)
    _memcpy_lastbytes_aligned                0x0800054d   Thumb Code     0  rt_memcpy_w.o(.text)
    __aeabi_memclr                           0x08000569   Thumb Code     0  rt_memclr.o(.text)
    __rt_memclr                              0x08000569   Thumb Code    68  rt_memclr.o(.text)
    _memset                                  0x0800056d   Thumb Code     0  rt_memclr.o(.text)
    __user_setup_stackheap                   0x080005ad   Thumb Code    74  sys_stackheap_outer.o(.text)
    exit                                     0x080005f7   Thumb Code    18  exit.o(.text)
    __user_libspace                          0x08000609   Thumb Code     8  libspace.o(.text)
    __user_perproc_libspace                  0x08000609   Thumb Code     0  libspace.o(.text)
    __user_perthread_libspace                0x08000609   Thumb Code     0  libspace.o(.text)
    _sys_exit                                0x08000611   Thumb Code     8  sys_exit.o(.text)
    __I$use$semihosting                      0x0800061d   Thumb Code     0  use_no_semi.o(.text)
    __use_no_semihosting_swi                 0x0800061d   Thumb Code     2  use_no_semi.o(.text)
    __semihosting_library_function           0x0800061f   Thumb Code     0  indicate_semi.o(.text)
    BusFault_Handler                         0x08000749   Thumb Code     2  stm32f4xx_it.o(i.BusFault_Handler)
    DebugMon_Handler                         0x0800074b   Thumb Code     2  stm32f4xx_it.o(i.DebugMon_Handler)
    Error_Handler                            0x0800074d   Thumb Code     4  main.o(i.Error_Handler)
    HAL_ADC_ConfigChannel                    0x08000751   Thumb Code   316  stm32f4xx_hal_adc.o(i.HAL_ADC_ConfigChannel)
    HAL_ADC_Init                             0x0800089d   Thumb Code    84  stm32f4xx_hal_adc.o(i.HAL_ADC_Init)
    HAL_ADC_MspInit                          0x080008f1   Thumb Code   136  adc.o(i.HAL_ADC_MspInit)
    HAL_CAN_Init                             0x0800098d   Thumb Code   282  stm32f4xx_hal_can.o(i.HAL_CAN_Init)
    HAL_CAN_MspInit                          0x08000aa9   Thumb Code   194  can.o(i.HAL_CAN_MspInit)
    HAL_GPIO_Init                            0x08000b85   Thumb Code   450  stm32f4xx_hal_gpio.o(i.HAL_GPIO_Init)
    HAL_GPIO_WritePin                        0x08000d75   Thumb Code    10  stm32f4xx_hal_gpio.o(i.HAL_GPIO_WritePin)
    HAL_GetTick                              0x08000d81   Thumb Code     6  stm32f4xx_hal.o(i.HAL_GetTick)
    HAL_I2C_Init                             0x08000d8d   Thumb Code   376  stm32f4xx_hal_i2c.o(i.HAL_I2C_Init)
    HAL_I2C_MspInit                          0x08000f15   Thumb Code   246  i2c.o(i.HAL_I2C_MspInit)
    HAL_IncTick                              0x0800102d   Thumb Code    12  stm32f4xx_hal.o(i.HAL_IncTick)
    HAL_Init                                 0x0800103d   Thumb Code    48  stm32f4xx_hal.o(i.HAL_Init)
    HAL_InitTick                             0x08001071   Thumb Code   132  stm32f4xx_hal_timebase_tim.o(i.HAL_InitTick)
    HAL_MspInit                              0x08001109   Thumb Code    52  stm32f4xx_hal_msp.o(i.HAL_MspInit)
    HAL_NVIC_EnableIRQ                       0x08001141   Thumb Code    26  stm32f4xx_hal_cortex.o(i.HAL_NVIC_EnableIRQ)
    HAL_NVIC_SetPriority                     0x0800115d   Thumb Code    60  stm32f4xx_hal_cortex.o(i.HAL_NVIC_SetPriority)
    HAL_NVIC_SetPriorityGrouping             0x0800119d   Thumb Code    26  stm32f4xx_hal_cortex.o(i.HAL_NVIC_SetPriorityGrouping)
    HAL_RCC_ClockConfig                      0x080011c1   Thumb Code   288  stm32f4xx_hal_rcc.o(i.HAL_RCC_ClockConfig)
    HAL_RCC_GetClockConfig                   0x080012f5   Thumb Code    54  stm32f4xx_hal_rcc.o(i.HAL_RCC_GetClockConfig)
    HAL_RCC_GetPCLK1Freq                     0x08001335   Thumb Code    20  stm32f4xx_hal_rcc.o(i.HAL_RCC_GetPCLK1Freq)
    HAL_RCC_GetPCLK2Freq                     0x08001355   Thumb Code    20  stm32f4xx_hal_rcc.o(i.HAL_RCC_GetPCLK2Freq)
    HAL_RCC_GetSysClockFreq                  0x08001375   Thumb Code    88  stm32f4xx_hal_rcc.o(i.HAL_RCC_GetSysClockFreq)
    HAL_RCC_OscConfig                        0x080013d9   Thumb Code   856  stm32f4xx_hal_rcc.o(i.HAL_RCC_OscConfig)
    HAL_SPI_Init                             0x08001745   Thumb Code   188  stm32f4xx_hal_spi.o(i.HAL_SPI_Init)
    HAL_SPI_MspInit                          0x08001801   Thumb Code   184  spi.o(i.HAL_SPI_MspInit)
    HAL_TIMEx_BreakCallback                  0x080018cd   Thumb Code     2  stm32f4xx_hal_tim_ex.o(i.HAL_TIMEx_BreakCallback)
    HAL_TIMEx_CommutCallback                 0x080018cf   Thumb Code     2  stm32f4xx_hal_tim_ex.o(i.HAL_TIMEx_CommutCallback)
    HAL_TIMEx_ConfigBreakDeadTime            0x080018d1   Thumb Code    84  stm32f4xx_hal_tim_ex.o(i.HAL_TIMEx_ConfigBreakDeadTime)
    HAL_TIMEx_MasterConfigSynchronization    0x08001925   Thumb Code   116  stm32f4xx_hal_tim_ex.o(i.HAL_TIMEx_MasterConfigSynchronization)
    HAL_TIM_Base_Init                        0x080019b5   Thumb Code    90  stm32f4xx_hal_tim.o(i.HAL_TIM_Base_Init)
    HAL_TIM_Base_MspInit                     0x08001a11   Thumb Code    64  tim.o(i.HAL_TIM_Base_MspInit)
    HAL_TIM_Base_Start_IT                    0x08001a5d   Thumb Code   100  stm32f4xx_hal_tim.o(i.HAL_TIM_Base_Start_IT)
    HAL_TIM_ConfigClockSource                0x08001add   Thumb Code   220  stm32f4xx_hal_tim.o(i.HAL_TIM_ConfigClockSource)
    HAL_TIM_IC_CaptureCallback               0x08001bb9   Thumb Code     2  stm32f4xx_hal_tim.o(i.HAL_TIM_IC_CaptureCallback)
    HAL_TIM_IRQHandler                       0x08001bbb   Thumb Code   304  stm32f4xx_hal_tim.o(i.HAL_TIM_IRQHandler)
    HAL_TIM_MspPostInit                      0x08001ced   Thumb Code   230  tim.o(i.HAL_TIM_MspPostInit)
    HAL_TIM_OC_DelayElapsedCallback          0x08001ded   Thumb Code     2  stm32f4xx_hal_tim.o(i.HAL_TIM_OC_DelayElapsedCallback)
    HAL_TIM_PWM_ConfigChannel                0x08001def   Thumb Code   204  stm32f4xx_hal_tim.o(i.HAL_TIM_PWM_ConfigChannel)
    HAL_TIM_PWM_Init                         0x08001ebb   Thumb Code    90  stm32f4xx_hal_tim.o(i.HAL_TIM_PWM_Init)
    HAL_TIM_PWM_MspInit                      0x08001f15   Thumb Code     2  stm32f4xx_hal_tim.o(i.HAL_TIM_PWM_MspInit)
    HAL_TIM_PWM_PulseFinishedCallback        0x08001f17   Thumb Code     2  stm32f4xx_hal_tim.o(i.HAL_TIM_PWM_PulseFinishedCallback)
    HAL_TIM_PeriodElapsedCallback            0x08001f19   Thumb Code    14  main.o(i.HAL_TIM_PeriodElapsedCallback)
    HAL_TIM_TriggerCallback                  0x08001f2d   Thumb Code     2  stm32f4xx_hal_tim.o(i.HAL_TIM_TriggerCallback)
    HAL_UART_Init                            0x08001f2f   Thumb Code   100  stm32f4xx_hal_uart.o(i.HAL_UART_Init)
    HAL_UART_MspInit                         0x08001f95   Thumb Code   420  usart.o(i.HAL_UART_MspInit)
    HardFault_Handler                        0x08002165   Thumb Code     2  stm32f4xx_it.o(i.HardFault_Handler)
    MX_ADC1_Init                             0x08002169   Thumb Code    88  adc.o(i.MX_ADC1_Init)
    MX_ADC2_Init                             0x080021cd   Thumb Code    88  adc.o(i.MX_ADC2_Init)
    MX_CAN1_Init                             0x08002231   Thumb Code    52  can.o(i.MX_CAN1_Init)
    MX_CAN2_Init                             0x0800226d   Thumb Code    52  can.o(i.MX_CAN2_Init)
    MX_FREERTOS_Init                         0x080022a9   Thumb Code    18  freertos.o(i.MX_FREERTOS_Init)
    MX_GPIO_Init                             0x080022c9   Thumb Code   282  gpio.o(i.MX_GPIO_Init)
    MX_I2C1_Init                             0x080023f5   Thumb Code    50  i2c.o(i.MX_I2C1_Init)
    MX_I2C2_Init                             0x08002435   Thumb Code    50  i2c.o(i.MX_I2C2_Init)
    MX_I2C3_Init                             0x08002475   Thumb Code    50  i2c.o(i.MX_I2C3_Init)
    MX_SPI1_Init                             0x080024b5   Thumb Code    60  spi.o(i.MX_SPI1_Init)
    MX_SPI2_Init                             0x080024f9   Thumb Code    60  spi.o(i.MX_SPI2_Init)
    MX_TIM1_Init                             0x0800253d   Thumb Code   238  tim.o(i.MX_TIM1_Init)
    MX_TIM2_Init                             0x08002635   Thumb Code   194  tim.o(i.MX_TIM2_Init)
    MX_TIM3_Init                             0x080026fd   Thumb Code   190  tim.o(i.MX_TIM3_Init)
    MX_UART4_Init                            0x080027c5   Thumb Code    48  usart.o(i.MX_UART4_Init)
    MX_UART5_Init                            0x080027fd   Thumb Code    48  usart.o(i.MX_UART5_Init)
    MX_USART1_UART_Init                      0x08002835   Thumb Code    48  usart.o(i.MX_USART1_UART_Init)
    MX_USART2_UART_Init                      0x0800286d   Thumb Code    48  usart.o(i.MX_USART2_UART_Init)
    MX_USART3_UART_Init                      0x080028a5   Thumb Code    48  usart.o(i.MX_USART3_UART_Init)
    MX_USART6_UART_Init                      0x080028dd   Thumb Code    48  usart.o(i.MX_USART6_UART_Init)
    MemManage_Handler                        0x08002915   Thumb Code     2  stm32f4xx_it.o(i.MemManage_Handler)
    NMI_Handler                              0x08002917   Thumb Code     2  stm32f4xx_it.o(i.NMI_Handler)
    StartDefaultTask                         0x08002919   Thumb Code     8  freertos.o(i.StartDefaultTask)
    SysTick_Handler                          0x08002921   Thumb Code    26  cmsis_os2.o(i.SysTick_Handler)
    SystemClock_Config                       0x0800293d   Thumb Code   140  main.o(i.SystemClock_Config)
    SystemInit                               0x080029d1   Thumb Code    12  system_stm32f4xx.o(i.SystemInit)
    TIM5_IRQHandler                          0x080029e1   Thumb Code     6  stm32f4xx_it.o(i.TIM5_IRQHandler)
    TIM_Base_SetConfig                       0x080029ed   Thumb Code   164  stm32f4xx_hal_tim.o(i.TIM_Base_SetConfig)
    TIM_ETR_SetConfig                        0x08002abd   Thumb Code    20  stm32f4xx_hal_tim.o(i.TIM_ETR_SetConfig)
    TIM_OC2_SetConfig                        0x08002b41   Thumb Code    98  stm32f4xx_hal_tim.o(i.TIM_OC2_SetConfig)
    UsageFault_Handler                       0x08002db9   Thumb Code     2  stm32f4xx_it.o(i.UsageFault_Handler)
    main                                     0x08002ddb   Thumb Code    98  main.o(i.main)
    osDelay                                  0x08002e3d   Thumb Code    26  cmsis_os2.o(i.osDelay)
    osKernelInitialize                       0x08002e59   Thumb Code    32  cmsis_os2.o(i.osKernelInitialize)
    osKernelStart                            0x08002e7d   Thumb Code    48  cmsis_os2.o(i.osKernelStart)
    osThreadNew                              0x08002eb5   Thumb Code   138  cmsis_os2.o(i.osThreadNew)
    pvPortMalloc                             0x080036d5   Thumb Code   216  heap_4.o(i.pvPortMalloc)
    pxPortInitialiseStack                    0x080037b1   Thumb Code    40  port.o(i.pxPortInitialiseStack)
    uxListRemove                             0x080037dd   Thumb Code    38  list.o(i.uxListRemove)
    vApplicationGetIdleTaskMemory            0x08003805   Thumb Code    16  cmsis_os2.o(i.vApplicationGetIdleTaskMemory)
    vApplicationGetTimerTaskMemory           0x08003819   Thumb Code    18  cmsis_os2.o(i.vApplicationGetTimerTaskMemory)
    vListInitialise                          0x08003831   Thumb Code    22  list.o(i.vListInitialise)
    vListInitialiseItem                      0x08003847   Thumb Code     6  list.o(i.vListInitialiseItem)
    vListInsert                              0x0800384d   Thumb Code    48  list.o(i.vListInsert)
    vListInsertEnd                           0x0800387d   Thumb Code    24  list.o(i.vListInsertEnd)
    vPortEnterCritical                       0x08003895   Thumb Code    54  port.o(i.vPortEnterCritical)
    vPortExitCritical                        0x080038d5   Thumb Code    34  port.o(i.vPortExitCritical)
    vPortFree                                0x080038fd   Thumb Code    94  heap_4.o(i.vPortFree)
    vPortSetupTimerInterrupt                 0x08003961   Thumb Code    32  port.o(i.vPortSetupTimerInterrupt)
    vPortValidateInterruptPriority           0x08003985   Thumb Code    74  port.o(i.vPortValidateInterruptPriority)
    vQueueAddToRegistry                      0x080039d9   Thumb Code    34  queue.o(i.vQueueAddToRegistry)
    vQueueWaitForMessageRestricted           0x08003a01   Thumb Code    68  queue.o(i.vQueueWaitForMessageRestricted)
    vTaskDelay                               0x08003a45   Thumb Code    66  tasks.o(i.vTaskDelay)
    vTaskInternalSetTimeOutState             0x08003a91   Thumb Code    12  tasks.o(i.vTaskInternalSetTimeOutState)
    vTaskMissedYield                         0x08003aa1   Thumb Code     8  tasks.o(i.vTaskMissedYield)
    vTaskPlaceOnEventList                    0x08003aad   Thumb Code    44  tasks.o(i.vTaskPlaceOnEventList)
    vTaskPlaceOnEventListRestricted          0x08003add   Thumb Code    52  tasks.o(i.vTaskPlaceOnEventListRestricted)
    vTaskStartScheduler                      0x08003b15   Thumb Code   118  tasks.o(i.vTaskStartScheduler)
    vTaskSuspendAll                          0x08003b9d   Thumb Code    10  tasks.o(i.vTaskSuspendAll)
    vTaskSwitchContext                       0x08003bad   Thumb Code    90  tasks.o(i.vTaskSwitchContext)
    xPortStartScheduler                      0x08003c11   Thumb Code   222  port.o(i.xPortStartScheduler)
    xPortSysTickHandler                      0x08003d05   Thumb Code    38  port.o(i.xPortSysTickHandler)
    xQueueGenericCreateStatic                0x08003d31   Thumb Code   102  queue.o(i.xQueueGenericCreateStatic)
    xQueueGenericReset                       0x08003d99   Thumb Code   132  queue.o(i.xQueueGenericReset)
    xQueueGenericSend                        0x08003e21   Thumb Code   346  queue.o(i.xQueueGenericSend)
    xQueueGenericSendFromISR                 0x08003f81   Thumb Code   190  queue.o(i.xQueueGenericSendFromISR)
    xQueueReceive                            0x08004041   Thumb Code   308  queue.o(i.xQueueReceive)
    xTaskCheckForTimeOut                     0x08004179   Thumb Code   112  tasks.o(i.xTaskCheckForTimeOut)
    xTaskCreate                              0x080041ed   Thumb Code    90  tasks.o(i.xTaskCreate)
    xTaskCreateStatic                        0x08004247   Thumb Code    86  tasks.o(i.xTaskCreateStatic)
    xTaskGetSchedulerState                   0x0800429d   Thumb Code    22  tasks.o(i.xTaskGetSchedulerState)
    xTaskGetTickCount                        0x080042b9   Thumb Code     6  tasks.o(i.xTaskGetTickCount)
    xTaskIncrementTick                       0x080042c5   Thumb Code   192  tasks.o(i.xTaskIncrementTick)
    xTaskPriorityDisinherit                  0x0800438d   Thumb Code   118  tasks.o(i.xTaskPriorityDisinherit)
    xTaskRemoveFromEventList                 0x0800440d   Thumb Code    98  tasks.o(i.xTaskRemoveFromEventList)
    xTaskResumeAll                           0x0800447d   Thumb Code   182  tasks.o(i.xTaskResumeAll)
    xTimerCreateTimerTask                    0x08004541   Thumb Code    78  timers.o(i.xTimerCreateTimerTask)
    xTimerGenericCommand                     0x080045a1   Thumb Code    98  timers.o(i.xTimerGenericCommand)
    _fp_init                                 0x08004609   Thumb Code    10  fpinit.o(x$fpl$fpinit)
    __fplib_config_fpu_vfp                   0x08004611   Thumb Code     0  fpinit.o(x$fpl$fpinit)
    __fplib_config_pureend_doubles           0x08004611   Thumb Code     0  fpinit.o(x$fpl$fpinit)
    defaultTask_attributes                   0x08004614   Data          36  freertos.o(.constdata)
    AHBPrescTable                            0x08004638   Data          16  system_stm32f4xx.o(.constdata)
    APBPrescTable                            0x08004648   Data           8  system_stm32f4xx.o(.constdata)
    Region$$Table$$Base                      0x0800465c   Number         0  anon$$obj.o(Region$$Table)
    Region$$Table$$Limit                     0x0800467c   Number         0  anon$$obj.o(Region$$Table)
    defaultTaskHandle                        0x20000000   Data           4  freertos.o(.data)
    uwTickFreq                               0x20000008   Data           1  stm32f4xx_hal.o(.data)
    uwTickPrio                               0x2000000c   Data           4  stm32f4xx_hal.o(.data)
    uwTick                                   0x20000010   Data           4  stm32f4xx_hal.o(.data)
    SystemCoreClock                          0x20000014   Data           4  system_stm32f4xx.o(.data)
    pxCurrentTCB                             0x20000018   Data           4  tasks.o(.data)
    hadc1                                    0x20000098   Data          72  adc.o(.bss)
    hadc2                                    0x200000e0   Data          72  adc.o(.bss)
    hcan1                                    0x20000128   Data          40  can.o(.bss)
    hcan2                                    0x20000150   Data          40  can.o(.bss)
    hi2c1                                    0x20000178   Data          84  i2c.o(.bss)
    hi2c2                                    0x200001cc   Data          84  i2c.o(.bss)
    hi2c3                                    0x20000220   Data          84  i2c.o(.bss)
    hspi1                                    0x20000274   Data          88  spi.o(.bss)
    hspi2                                    0x200002cc   Data          88  spi.o(.bss)
    htim1                                    0x20000324   Data          72  tim.o(.bss)
    htim2                                    0x2000036c   Data          72  tim.o(.bss)
    htim3                                    0x200003b4   Data          72  tim.o(.bss)
    huart4                                   0x200003fc   Data          72  usart.o(.bss)
    huart5                                   0x20000444   Data          72  usart.o(.bss)
    huart1                                   0x2000048c   Data          72  usart.o(.bss)
    huart2                                   0x200004d4   Data          72  usart.o(.bss)
    huart3                                   0x2000051c   Data          72  usart.o(.bss)
    huart6                                   0x20000564   Data          72  usart.o(.bss)
    htim5                                    0x200005ac   Data          72  stm32f4xx_hal_timebase_tim.o(.bss)
    xQueueRegistry                           0x200005f4   Data          64  queue.o(.bss)
    __libspace_start                         0x20004ec8   Data          96  libspace.o(.bss)
    __temporary_stack_top$libspace           0x20004f28   Data           0  libspace.o(.bss)



==============================================================================

Memory Map of the image

  Image Entry point : 0x08000189

  Load Region LR_IROM1 (Base: 0x08000000, Size: 0x00004714, Max: 0x00080000, ABSOLUTE)

    Execution Region ER_IROM1 (Exec base: 0x08000000, Load base: 0x08000000, Size: 0x0000467c, Max: 0x00080000, ABSOLUTE)

    Exec Addr    Load Addr    Size         Type   Attr      Idx    E Section Name        Object

    0x08000000   0x08000000   0x00000188   Data   RO            3    RESET               startup_stm32f407xx.o
    0x08000188   0x08000188   0x00000008   Code   RO         6340  * !!!main             c_w.l(__main.o)
    0x08000190   0x08000190   0x00000034   Code   RO         6511    !!!scatter          c_w.l(__scatter.o)
    0x080001c4   0x080001c4   0x0000001a   Code   RO         6513    !!handler_copy      c_w.l(__scatter_copy.o)
    0x080001de   0x080001de   0x00000002   PAD
    0x080001e0   0x080001e0   0x0000001c   Code   RO         6515    !!handler_zi        c_w.l(__scatter_zi.o)
    0x080001fc   0x080001fc   0x00000002   Code   RO         6381    .ARM.Collect$$libinit$$00000000  c_w.l(libinit.o)
    0x080001fe   0x080001fe   0x00000004   Code   RO         6393    .ARM.Collect$$libinit$$00000001  c_w.l(libinit2.o)
    0x08000202   0x08000202   0x00000000   Code   RO         6396    .ARM.Collect$$libinit$$00000004  c_w.l(libinit2.o)
    0x08000202   0x08000202   0x00000000   Code   RO         6399    .ARM.Collect$$libinit$$0000000A  c_w.l(libinit2.o)
    0x08000202   0x08000202   0x00000000   Code   RO         6401    .ARM.Collect$$libinit$$0000000C  c_w.l(libinit2.o)
    0x08000202   0x08000202   0x00000000   Code   RO         6403    .ARM.Collect$$libinit$$0000000E  c_w.l(libinit2.o)
    0x08000202   0x08000202   0x00000000   Code   RO         6406    .ARM.Collect$$libinit$$00000011  c_w.l(libinit2.o)
    0x08000202   0x08000202   0x00000000   Code   RO         6408    .ARM.Collect$$libinit$$00000013  c_w.l(libinit2.o)
    0x08000202   0x08000202   0x00000000   Code   RO         6410    .ARM.Collect$$libinit$$00000015  c_w.l(libinit2.o)
    0x08000202   0x08000202   0x00000000   Code   RO         6412    .ARM.Collect$$libinit$$00000017  c_w.l(libinit2.o)
    0x08000202   0x08000202   0x00000000   Code   RO         6414    .ARM.Collect$$libinit$$00000019  c_w.l(libinit2.o)
    0x08000202   0x08000202   0x00000000   Code   RO         6416    .ARM.Collect$$libinit$$0000001B  c_w.l(libinit2.o)
    0x08000202   0x08000202   0x00000000   Code   RO         6418    .ARM.Collect$$libinit$$0000001D  c_w.l(libinit2.o)
    0x08000202   0x08000202   0x00000000   Code   RO         6420    .ARM.Collect$$libinit$$0000001F  c_w.l(libinit2.o)
    0x08000202   0x08000202   0x00000000   Code   RO         6422    .ARM.Collect$$libinit$$00000021  c_w.l(libinit2.o)
    0x08000202   0x08000202   0x00000000   Code   RO         6424    .ARM.Collect$$libinit$$00000023  c_w.l(libinit2.o)
    0x08000202   0x08000202   0x00000000   Code   RO         6426    .ARM.Collect$$libinit$$00000025  c_w.l(libinit2.o)
    0x08000202   0x08000202   0x00000000   Code   RO         6430    .ARM.Collect$$libinit$$0000002C  c_w.l(libinit2.o)
    0x08000202   0x08000202   0x00000000   Code   RO         6432    .ARM.Collect$$libinit$$0000002E  c_w.l(libinit2.o)
    0x08000202   0x08000202   0x00000000   Code   RO         6434    .ARM.Collect$$libinit$$00000030  c_w.l(libinit2.o)
    0x08000202   0x08000202   0x00000000   Code   RO         6436    .ARM.Collect$$libinit$$00000032  c_w.l(libinit2.o)
    0x08000202   0x08000202   0x00000002   Code   RO         6437    .ARM.Collect$$libinit$$00000033  c_w.l(libinit2.o)
    0x08000204   0x08000204   0x00000002   Code   RO         6468    .ARM.Collect$$libshutdown$$00000000  c_w.l(libshutdown.o)
    0x08000206   0x08000206   0x00000000   Code   RO         6494    .ARM.Collect$$libshutdown$$00000002  c_w.l(libshutdown2.o)
    0x08000206   0x08000206   0x00000000   Code   RO         6496    .ARM.Collect$$libshutdown$$00000004  c_w.l(libshutdown2.o)
    0x08000206   0x08000206   0x00000000   Code   RO         6499    .ARM.Collect$$libshutdown$$00000007  c_w.l(libshutdown2.o)
    0x08000206   0x08000206   0x00000000   Code   RO         6502    .ARM.Collect$$libshutdown$$0000000A  c_w.l(libshutdown2.o)
    0x08000206   0x08000206   0x00000000   Code   RO         6504    .ARM.Collect$$libshutdown$$0000000C  c_w.l(libshutdown2.o)
    0x08000206   0x08000206   0x00000000   Code   RO         6507    .ARM.Collect$$libshutdown$$0000000F  c_w.l(libshutdown2.o)
    0x08000206   0x08000206   0x00000002   Code   RO         6508    .ARM.Collect$$libshutdown$$00000010  c_w.l(libshutdown2.o)
    0x08000208   0x08000208   0x00000000   Code   RO         6342    .ARM.Collect$$rtentry$$00000000  c_w.l(__rtentry.o)
    0x08000208   0x08000208   0x00000000   Code   RO         6352    .ARM.Collect$$rtentry$$00000002  c_w.l(__rtentry2.o)
    0x08000208   0x08000208   0x00000006   Code   RO         6364    .ARM.Collect$$rtentry$$00000004  c_w.l(__rtentry4.o)
    0x0800020e   0x0800020e   0x00000000   Code   RO         6354    .ARM.Collect$$rtentry$$00000009  c_w.l(__rtentry2.o)
    0x0800020e   0x0800020e   0x00000004   Code   RO         6355    .ARM.Collect$$rtentry$$0000000A  c_w.l(__rtentry2.o)
    0x08000212   0x08000212   0x00000000   Code   RO         6357    .ARM.Collect$$rtentry$$0000000C  c_w.l(__rtentry2.o)
    0x08000212   0x08000212   0x00000008   Code   RO         6358    .ARM.Collect$$rtentry$$0000000D  c_w.l(__rtentry2.o)
    0x0800021a   0x0800021a   0x00000002   Code   RO         6385    .ARM.Collect$$rtexit$$00000000  c_w.l(rtexit.o)
    0x0800021c   0x0800021c   0x00000000   Code   RO         6441    .ARM.Collect$$rtexit$$00000002  c_w.l(rtexit2.o)
    0x0800021c   0x0800021c   0x00000004   Code   RO         6442    .ARM.Collect$$rtexit$$00000003  c_w.l(rtexit2.o)
    0x08000220   0x08000220   0x00000006   Code   RO         6443    .ARM.Collect$$rtexit$$00000004  c_w.l(rtexit2.o)
    0x08000226   0x08000226   0x00000002   PAD
    0x08000228   0x08000228   0x000000be   Code   RO         6249    .emb_text           port.o
    0x080002e6   0x080002e6   0x00000002   PAD
    0x080002e8   0x080002e8   0x00000040   Code   RO            4    .text               startup_stm32f407xx.o
    0x08000328   0x08000328   0x000000ee   Code   RO         6328    .text               c_w.l(lludivv7m.o)
    0x08000416   0x08000416   0x0000008a   Code   RO         6330    .text               c_w.l(rt_memcpy_v6.o)
    0x080004a0   0x080004a0   0x00000010   Code   RO         6334    .text               c_w.l(aeabi_memset.o)
    0x080004b0   0x080004b0   0x0000004e   Code   RO         6336    .text               c_w.l(rt_memclr_w.o)
    0x080004fe   0x080004fe   0x00000006   Code   RO         6338    .text               c_w.l(heapauxi.o)
    0x08000504   0x08000504   0x00000064   Code   RO         6347    .text               c_w.l(rt_memcpy_w.o)
    0x08000568   0x08000568   0x00000044   Code   RO         6349    .text               c_w.l(rt_memclr.o)
    0x080005ac   0x080005ac   0x0000004a   Code   RO         6368    .text               c_w.l(sys_stackheap_outer.o)
    0x080005f6   0x080005f6   0x00000012   Code   RO         6370    .text               c_w.l(exit.o)
    0x08000608   0x08000608   0x00000008   Code   RO         6382    .text               c_w.l(libspace.o)
    0x08000610   0x08000610   0x0000000c   Code   RO         6438    .text               c_w.l(sys_exit.o)
    0x0800061c   0x0800061c   0x00000002   Code   RO         6457    .text               c_w.l(use_no_semi.o)
    0x0800061e   0x0800061e   0x00000000   Code   RO         6459    .text               c_w.l(indicate_semi.o)
    0x0800061e   0x0800061e   0x00000002   PAD
    0x08000620   0x08000620   0x00000128   Code   RO         1734    i.ADC_Init          stm32f4xx_hal_adc.o
    0x08000748   0x08000748   0x00000002   Code   RO          631    i.BusFault_Handler  stm32f4xx_it.o
    0x0800074a   0x0800074a   0x00000002   Code   RO          632    i.DebugMon_Handler  stm32f4xx_it.o
    0x0800074c   0x0800074c   0x00000004   Code   RO           13    i.Error_Handler     main.o
    0x08000750   0x08000750   0x0000014c   Code   RO         1736    i.HAL_ADC_ConfigChannel  stm32f4xx_hal_adc.o
    0x0800089c   0x0800089c   0x00000054   Code   RO         1745    i.HAL_ADC_Init      stm32f4xx_hal_adc.o
    0x080008f0   0x080008f0   0x0000009c   Code   RO          301    i.HAL_ADC_MspInit   adc.o
    0x0800098c   0x0800098c   0x0000011a   Code   RO         3173    i.HAL_CAN_Init      stm32f4xx_hal_can.o
    0x08000aa6   0x08000aa6   0x00000002   PAD
    0x08000aa8   0x08000aa8   0x000000dc   Code   RO          349    i.HAL_CAN_MspInit   can.o
    0x08000b84   0x08000b84   0x000001f0   Code   RO         2364    i.HAL_GPIO_Init     stm32f4xx_hal_gpio.o
    0x08000d74   0x08000d74   0x0000000a   Code   RO         2368    i.HAL_GPIO_WritePin  stm32f4xx_hal_gpio.o
    0x08000d7e   0x08000d7e   0x00000002   PAD
    0x08000d80   0x08000d80   0x0000000c   Code   RO         2914    i.HAL_GetTick       stm32f4xx_hal.o
    0x08000d8c   0x08000d8c   0x00000188   Code   RO         3404    i.HAL_I2C_Init      stm32f4xx_hal_i2c.o
    0x08000f14   0x08000f14   0x00000118   Code   RO          398    i.HAL_I2C_MspInit   i2c.o
    0x0800102c   0x0800102c   0x00000010   Code   RO         2920    i.HAL_IncTick       stm32f4xx_hal.o
    0x0800103c   0x0800103c   0x00000034   Code   RO         2921    i.HAL_Init          stm32f4xx_hal.o
    0x08001070   0x08001070   0x00000098   Code   RO          719    i.HAL_InitTick      stm32f4xx_hal_timebase_tim.o
    0x08001108   0x08001108   0x00000038   Code   RO          695    i.HAL_MspInit       stm32f4xx_hal_msp.o
    0x08001140   0x08001140   0x0000001a   Code   RO         2756    i.HAL_NVIC_EnableIRQ  stm32f4xx_hal_cortex.o
    0x0800115a   0x0800115a   0x00000002   PAD
    0x0800115c   0x0800115c   0x00000040   Code   RO         2762    i.HAL_NVIC_SetPriority  stm32f4xx_hal_cortex.o
    0x0800119c   0x0800119c   0x00000024   Code   RO         2763    i.HAL_NVIC_SetPriorityGrouping  stm32f4xx_hal_cortex.o
    0x080011c0   0x080011c0   0x00000134   Code   RO         2010    i.HAL_RCC_ClockConfig  stm32f4xx_hal_rcc.o
    0x080012f4   0x080012f4   0x00000040   Code   RO         2014    i.HAL_RCC_GetClockConfig  stm32f4xx_hal_rcc.o
    0x08001334   0x08001334   0x00000020   Code   RO         2017    i.HAL_RCC_GetPCLK1Freq  stm32f4xx_hal_rcc.o
    0x08001354   0x08001354   0x00000020   Code   RO         2018    i.HAL_RCC_GetPCLK2Freq  stm32f4xx_hal_rcc.o
    0x08001374   0x08001374   0x00000064   Code   RO         2019    i.HAL_RCC_GetSysClockFreq  stm32f4xx_hal_rcc.o
    0x080013d8   0x080013d8   0x0000036c   Code   RO         2022    i.HAL_RCC_OscConfig  stm32f4xx_hal_rcc.o
    0x08001744   0x08001744   0x000000bc   Code   RO         3859    i.HAL_SPI_Init      stm32f4xx_hal_spi.o
    0x08001800   0x08001800   0x000000cc   Code   RO          452    i.HAL_SPI_MspInit   spi.o
    0x080018cc   0x080018cc   0x00000002   Code   RO         1464    i.HAL_TIMEx_BreakCallback  stm32f4xx_hal_tim_ex.o
    0x080018ce   0x080018ce   0x00000002   Code   RO         1465    i.HAL_TIMEx_CommutCallback  stm32f4xx_hal_tim_ex.o
    0x080018d0   0x080018d0   0x00000054   Code   RO         1467    i.HAL_TIMEx_ConfigBreakDeadTime  stm32f4xx_hal_tim_ex.o
    0x08001924   0x08001924   0x00000090   Code   RO         1483    i.HAL_TIMEx_MasterConfigSynchronization  stm32f4xx_hal_tim_ex.o
    0x080019b4   0x080019b4   0x0000005a   Code   RO          760    i.HAL_TIM_Base_Init  stm32f4xx_hal_tim.o
    0x08001a0e   0x08001a0e   0x00000002   PAD
    0x08001a10   0x08001a10   0x0000004c   Code   RO          500    i.HAL_TIM_Base_MspInit  tim.o
    0x08001a5c   0x08001a5c   0x00000080   Code   RO          765    i.HAL_TIM_Base_Start_IT  stm32f4xx_hal_tim.o
    0x08001adc   0x08001adc   0x000000dc   Code   RO          769    i.HAL_TIM_ConfigClockSource  stm32f4xx_hal_tim.o
    0x08001bb8   0x08001bb8   0x00000002   Code   RO          794    i.HAL_TIM_IC_CaptureCallback  stm32f4xx_hal_tim.o
    0x08001bba   0x08001bba   0x00000130   Code   RO          808    i.HAL_TIM_IRQHandler  stm32f4xx_hal_tim.o
    0x08001cea   0x08001cea   0x00000002   PAD
    0x08001cec   0x08001cec   0x00000100   Code   RO          501    i.HAL_TIM_MspPostInit  tim.o
    0x08001dec   0x08001dec   0x00000002   Code   RO          811    i.HAL_TIM_OC_DelayElapsedCallback  stm32f4xx_hal_tim.o
    0x08001dee   0x08001dee   0x000000cc   Code   RO          832    i.HAL_TIM_PWM_ConfigChannel  stm32f4xx_hal_tim.o
    0x08001eba   0x08001eba   0x0000005a   Code   RO          835    i.HAL_TIM_PWM_Init  stm32f4xx_hal_tim.o
    0x08001f14   0x08001f14   0x00000002   Code   RO          837    i.HAL_TIM_PWM_MspInit  stm32f4xx_hal_tim.o
    0x08001f16   0x08001f16   0x00000002   Code   RO          838    i.HAL_TIM_PWM_PulseFinishedCallback  stm32f4xx_hal_tim.o
    0x08001f18   0x08001f18   0x00000014   Code   RO           14    i.HAL_TIM_PeriodElapsedCallback  main.o
    0x08001f2c   0x08001f2c   0x00000002   Code   RO          851    i.HAL_TIM_TriggerCallback  stm32f4xx_hal_tim.o
    0x08001f2e   0x08001f2e   0x00000064   Code   RO         4200    i.HAL_UART_Init     stm32f4xx_hal_uart.o
    0x08001f92   0x08001f92   0x00000002   PAD
    0x08001f94   0x08001f94   0x000001d0   Code   RO          560    i.HAL_UART_MspInit  usart.o
    0x08002164   0x08002164   0x00000002   Code   RO          633    i.HardFault_Handler  stm32f4xx_it.o
    0x08002166   0x08002166   0x00000002   PAD
    0x08002168   0x08002168   0x00000064   Code   RO          302    i.MX_ADC1_Init      adc.o
    0x080021cc   0x080021cc   0x00000064   Code   RO          303    i.MX_ADC2_Init      adc.o
    0x08002230   0x08002230   0x0000003c   Code   RO          350    i.MX_CAN1_Init      can.o
    0x0800226c   0x0800226c   0x0000003c   Code   RO          351    i.MX_CAN2_Init      can.o
    0x080022a8   0x080022a8   0x00000020   Code   RO          257    i.MX_FREERTOS_Init  freertos.o
    0x080022c8   0x080022c8   0x0000012c   Code   RO          233    i.MX_GPIO_Init      gpio.o
    0x080023f4   0x080023f4   0x00000040   Code   RO          399    i.MX_I2C1_Init      i2c.o
    0x08002434   0x08002434   0x00000040   Code   RO          400    i.MX_I2C2_Init      i2c.o
    0x08002474   0x08002474   0x00000040   Code   RO          401    i.MX_I2C3_Init      i2c.o
    0x080024b4   0x080024b4   0x00000044   Code   RO          453    i.MX_SPI1_Init      spi.o
    0x080024f8   0x080024f8   0x00000044   Code   RO          454    i.MX_SPI2_Init      spi.o
    0x0800253c   0x0800253c   0x000000f8   Code   RO          502    i.MX_TIM1_Init      tim.o
    0x08002634   0x08002634   0x000000c8   Code   RO          503    i.MX_TIM2_Init      tim.o
    0x080026fc   0x080026fc   0x000000c8   Code   RO          504    i.MX_TIM3_Init      tim.o
    0x080027c4   0x080027c4   0x00000038   Code   RO          561    i.MX_UART4_Init     usart.o
    0x080027fc   0x080027fc   0x00000038   Code   RO          562    i.MX_UART5_Init     usart.o
    0x08002834   0x08002834   0x00000038   Code   RO          563    i.MX_USART1_UART_Init  usart.o
    0x0800286c   0x0800286c   0x00000038   Code   RO          564    i.MX_USART2_UART_Init  usart.o
    0x080028a4   0x080028a4   0x00000038   Code   RO          565    i.MX_USART3_UART_Init  usart.o
    0x080028dc   0x080028dc   0x00000038   Code   RO          566    i.MX_USART6_UART_Init  usart.o
    0x08002914   0x08002914   0x00000002   Code   RO          634    i.MemManage_Handler  stm32f4xx_it.o
    0x08002916   0x08002916   0x00000002   Code   RO          635    i.NMI_Handler       stm32f4xx_it.o
    0x08002918   0x08002918   0x00000008   Code   RO          258    i.StartDefaultTask  freertos.o
    0x08002920   0x08002920   0x0000001a   Code   RO         5681    i.SysTick_Handler   cmsis_os2.o
    0x0800293a   0x0800293a   0x00000002   PAD
    0x0800293c   0x0800293c   0x00000094   Code   RO           15    i.SystemClock_Config  main.o
    0x080029d0   0x080029d0   0x00000010   Code   RO         4534    i.SystemInit        system_stm32f4xx.o
    0x080029e0   0x080029e0   0x0000000c   Code   RO          636    i.TIM5_IRQHandler   stm32f4xx_it.o
    0x080029ec   0x080029ec   0x000000d0   Code   RO          853    i.TIM_Base_SetConfig  stm32f4xx_hal_tim.o
    0x08002abc   0x08002abc   0x00000014   Code   RO          864    i.TIM_ETR_SetConfig  stm32f4xx_hal_tim.o
    0x08002ad0   0x08002ad0   0x00000010   Code   RO          865    i.TIM_ITRx_SetConfig  stm32f4xx_hal_tim.o
    0x08002ae0   0x08002ae0   0x00000060   Code   RO          866    i.TIM_OC1_SetConfig  stm32f4xx_hal_tim.o
    0x08002b40   0x08002b40   0x0000006c   Code   RO          867    i.TIM_OC2_SetConfig  stm32f4xx_hal_tim.o
    0x08002bac   0x08002bac   0x00000068   Code   RO          868    i.TIM_OC3_SetConfig  stm32f4xx_hal_tim.o
    0x08002c14   0x08002c14   0x00000050   Code   RO          869    i.TIM_OC4_SetConfig  stm32f4xx_hal_tim.o
    0x08002c64   0x08002c64   0x00000022   Code   RO          871    i.TIM_TI1_ConfigInputStage  stm32f4xx_hal_tim.o
    0x08002c86   0x08002c86   0x00000024   Code   RO          873    i.TIM_TI2_ConfigInputStage  stm32f4xx_hal_tim.o
    0x08002caa   0x08002caa   0x00000002   PAD
    0x08002cac   0x08002cac   0x0000010c   Code   RO         4226    i.UART_SetConfig    stm32f4xx_hal_uart.o
    0x08002db8   0x08002db8   0x00000002   Code   RO          637    i.UsageFault_Handler  stm32f4xx_it.o
    0x08002dba   0x08002dba   0x00000020   Code   RO         2769    i.__NVIC_SetPriority  stm32f4xx_hal_cortex.o
    0x08002dda   0x08002dda   0x00000062   Code   RO           16    i.main              main.o
    0x08002e3c   0x08002e3c   0x0000001a   Code   RO         5683    i.osDelay           cmsis_os2.o
    0x08002e56   0x08002e56   0x00000002   PAD
    0x08002e58   0x08002e58   0x00000024   Code   RO         5697    i.osKernelInitialize  cmsis_os2.o
    0x08002e7c   0x08002e7c   0x00000038   Code   RO         5700    i.osKernelStart     cmsis_os2.o
    0x08002eb4   0x08002eb4   0x0000008a   Code   RO         5742    i.osThreadNew       cmsis_os2.o
    0x08002f3e   0x08002f3e   0x00000002   PAD
    0x08002f40   0x08002f40   0x0000005c   Code   RO         5142    i.prvAddCurrentTaskToDelayedList  tasks.o
    0x08002f9c   0x08002f9c   0x000000d0   Code   RO         5143    i.prvAddNewTaskToReadyList  tasks.o
    0x0800306c   0x0800306c   0x00000058   Code   RO         5507    i.prvCheckForValidListAndQueue  timers.o
    0x080030c4   0x080030c4   0x00000026   Code   RO         4739    i.prvCopyDataFromQueue  queue.o
    0x080030ea   0x080030ea   0x0000006c   Code   RO         4740    i.prvCopyDataToQueue  queue.o
    0x08003156   0x08003156   0x00000034   Code   RO         5144    i.prvDeleteTCB      tasks.o
    0x0800318a   0x0800318a   0x00000002   PAD
    0x0800318c   0x0800318c   0x0000004c   Code   RO         6194    i.prvHeapInit       heap_4.o
    0x080031d8   0x080031d8   0x00000060   Code   RO         5145    i.prvIdleTask       tasks.o
    0x08003238   0x08003238   0x00000022   Code   RO         4742    i.prvInitialiseNewQueue  queue.o
    0x0800325a   0x0800325a   0x00000002   PAD
    0x0800325c   0x0800325c   0x000000b0   Code   RO         5146    i.prvInitialiseNewTask  tasks.o
    0x0800330c   0x0800330c   0x0000004c   Code   RO         6195    i.prvInsertBlockIntoFreeList  heap_4.o
    0x08003358   0x08003358   0x00000038   Code   RO         5509    i.prvInsertTimerInActiveList  timers.o
    0x08003390   0x08003390   0x0000001c   Code   RO         4743    i.prvIsQueueEmpty   queue.o
    0x080033ac   0x080033ac   0x000000fc   Code   RO         5510    i.prvProcessReceivedCommands  timers.o
    0x080034a8   0x080034a8   0x000000c0   Code   RO         5511    i.prvProcessTimerOrBlockTask  timers.o
    0x08003568   0x08003568   0x00000020   Code   RO         5148    i.prvResetNextTaskUnblockTime  tasks.o
    0x08003588   0x08003588   0x00000028   Code   RO         5512    i.prvSampleTimeNow  timers.o
    0x080035b0   0x080035b0   0x0000006c   Code   RO         5513    i.prvSwitchTimerLists  timers.o
    0x0800361c   0x0800361c   0x00000028   Code   RO         6250    i.prvTaskExitError  port.o
    0x08003644   0x08003644   0x00000024   Code   RO         5514    i.prvTimerTask      timers.o
    0x08003668   0x08003668   0x0000006a   Code   RO         4744    i.prvUnlockQueue    queue.o
    0x080036d2   0x080036d2   0x00000002   PAD
    0x080036d4   0x080036d4   0x000000dc   Code   RO         6196    i.pvPortMalloc      heap_4.o
    0x080037b0   0x080037b0   0x0000002c   Code   RO         6251    i.pxPortInitialiseStack  port.o
    0x080037dc   0x080037dc   0x00000026   Code   RO         4699    i.uxListRemove      list.o
    0x08003802   0x08003802   0x00000002   PAD
    0x08003804   0x08003804   0x00000014   Code   RO         5754    i.vApplicationGetIdleTaskMemory  cmsis_os2.o
    0x08003818   0x08003818   0x00000018   Code   RO         5755    i.vApplicationGetTimerTaskMemory  cmsis_os2.o
    0x08003830   0x08003830   0x00000016   Code   RO         4700    i.vListInitialise   list.o
    0x08003846   0x08003846   0x00000006   Code   RO         4701    i.vListInitialiseItem  list.o
    0x0800384c   0x0800384c   0x00000030   Code   RO         4702    i.vListInsert       list.o
    0x0800387c   0x0800387c   0x00000018   Code   RO         4703    i.vListInsertEnd    list.o
    0x08003894   0x08003894   0x00000040   Code   RO         6253    i.vPortEnterCritical  port.o
    0x080038d4   0x080038d4   0x00000028   Code   RO         6254    i.vPortExitCritical  port.o
    0x080038fc   0x080038fc   0x00000064   Code   RO         6197    i.vPortFree         heap_4.o
    0x08003960   0x08003960   0x00000024   Code   RO         6255    i.vPortSetupTimerInterrupt  port.o
    0x08003984   0x08003984   0x00000054   Code   RO         6256    i.vPortValidateInterruptPriority  port.o
    0x080039d8   0x080039d8   0x00000028   Code   RO         4750    i.vQueueAddToRegistry  queue.o
    0x08003a00   0x08003a00   0x00000044   Code   RO         4754    i.vQueueWaitForMessageRestricted  queue.o
    0x08003a44   0x08003a44   0x0000004c   Code   RO         5161    i.vTaskDelay        tasks.o
    0x08003a90   0x08003a90   0x00000010   Code   RO         5166    i.vTaskInternalSetTimeOutState  tasks.o
    0x08003aa0   0x08003aa0   0x0000000c   Code   RO         5167    i.vTaskMissedYield  tasks.o
    0x08003aac   0x08003aac   0x00000030   Code   RO         5169    i.vTaskPlaceOnEventList  tasks.o
    0x08003adc   0x08003adc   0x00000038   Code   RO         5170    i.vTaskPlaceOnEventListRestricted  tasks.o
    0x08003b14   0x08003b14   0x00000088   Code   RO         5178    i.vTaskStartScheduler  tasks.o
    0x08003b9c   0x08003b9c   0x00000010   Code   RO         5180    i.vTaskSuspendAll   tasks.o
    0x08003bac   0x08003bac   0x00000064   Code   RO         5181    i.vTaskSwitchContext  tasks.o
    0x08003c10   0x08003c10   0x000000f4   Code   RO         6257    i.xPortStartScheduler  port.o
    0x08003d04   0x08003d04   0x0000002c   Code   RO         6258    i.xPortSysTickHandler  port.o
    0x08003d30   0x08003d30   0x00000066   Code   RO         4760    i.xQueueGenericCreateStatic  queue.o
    0x08003d96   0x08003d96   0x00000002   PAD
    0x08003d98   0x08003d98   0x00000088   Code   RO         4761    i.xQueueGenericReset  queue.o
    0x08003e20   0x08003e20   0x00000160   Code   RO         4762    i.xQueueGenericSend  queue.o
    0x08003f80   0x08003f80   0x000000be   Code   RO         4763    i.xQueueGenericSendFromISR  queue.o
    0x0800403e   0x0800403e   0x00000002   PAD
    0x08004040   0x08004040   0x00000138   Code   RO         4772    i.xQueueReceive     queue.o
    0x08004178   0x08004178   0x00000074   Code   RO         5183    i.xTaskCheckForTimeOut  tasks.o
    0x080041ec   0x080041ec   0x0000005a   Code   RO         5184    i.xTaskCreate       tasks.o
    0x08004246   0x08004246   0x00000056   Code   RO         5185    i.xTaskCreateStatic  tasks.o
    0x0800429c   0x0800429c   0x0000001c   Code   RO         5189    i.xTaskGetSchedulerState  tasks.o
    0x080042b8   0x080042b8   0x0000000c   Code   RO         5190    i.xTaskGetTickCount  tasks.o
    0x080042c4   0x080042c4   0x000000c8   Code   RO         5192    i.xTaskIncrementTick  tasks.o
    0x0800438c   0x0800438c   0x00000080   Code   RO         5195    i.xTaskPriorityDisinherit  tasks.o
    0x0800440c   0x0800440c   0x00000070   Code   RO         5197    i.xTaskRemoveFromEventList  tasks.o
    0x0800447c   0x0800447c   0x000000c4   Code   RO         5198    i.xTaskResumeAll    tasks.o
    0x08004540   0x08004540   0x00000060   Code   RO         5523    i.xTimerCreateTimerTask  timers.o
    0x080045a0   0x080045a0   0x00000068   Code   RO         5524    i.xTimerGenericCommand  timers.o
    0x08004608   0x08004608   0x0000000a   Code   RO         6453    x$fpl$fpinit        fz_wm.l(fpinit.o)
    0x08004612   0x08004612   0x00000002   PAD
    0x08004614   0x08004614   0x00000024   Data   RO          259    .constdata          freertos.o
    0x08004638   0x08004638   0x00000010   Data   RO         4535    .constdata          system_stm32f4xx.o
    0x08004648   0x08004648   0x00000008   Data   RO         4536    .constdata          system_stm32f4xx.o
    0x08004650   0x08004650   0x0000000c   Data   RO          260    .conststring        freertos.o
    0x0800465c   0x0800465c   0x00000020   Data   RO         6509    Region$$Table       anon$$obj.o


    Execution Region RW_IRAM1 (Exec base: 0x20000000, Load base: 0x0800467c, Size: 0x0000af28, Max: 0x0001c000, ABSOLUTE)

    Exec Addr    Load Addr    Size         Type   Attr      Idx    E Section Name        Object

    0x20000000   0x0800467c   0x00000004   Data   RW          261    .data               freertos.o
    0x20000004   0x08004680   0x00000004   Data   RW          353    .data               can.o
    0x20000008   0x08004684   0x0000000c   Data   RW         2928    .data               stm32f4xx_hal.o
    0x20000014   0x08004690   0x00000004   Data   RW         4537    .data               system_stm32f4xx.o
    0x20000018   0x08004694   0x0000003c   Data   RW         5201    .data               tasks.o
    0x20000054   0x080046d0   0x00000014   Data   RW         5532    .data               timers.o
    0x20000068   0x080046e4   0x00000004   Data   RW         5757    .data               cmsis_os2.o
    0x2000006c   0x080046e8   0x00000020   Data   RW         6203    .data               heap_4.o
    0x2000008c   0x08004708   0x0000000c   Data   RW         6259    .data               port.o
    0x20000098        -       0x00000090   Zero   RW          304    .bss                adc.o
    0x20000128        -       0x00000050   Zero   RW          352    .bss                can.o
    0x20000178        -       0x000000fc   Zero   RW          402    .bss                i2c.o
    0x20000274        -       0x000000b0   Zero   RW          455    .bss                spi.o
    0x20000324        -       0x000000d8   Zero   RW          505    .bss                tim.o
    0x200003fc        -       0x000001b0   Zero   RW          567    .bss                usart.o
    0x200005ac        -       0x00000048   Zero   RW          722    .bss                stm32f4xx_hal_timebase_tim.o
    0x200005f4        -       0x00000040   Zero   RW         4776    .bss                queue.o
    0x20000634        -       0x000004c4   Zero   RW         5200    .bss                tasks.o
    0x20000af8        -       0x00000118   Zero   RW         5531    .bss                timers.o
    0x20000c10        -       0x000006b8   Zero   RW         5756    .bss                cmsis_os2.o
    0x200012c8        -       0x00003c00   Zero   RW         6202    .bss                heap_4.o
    0x20004ec8        -       0x00000060   Zero   RW         6383    .bss                c_w.l(libspace.o)
    0x20004f28        -       0x00002000   Zero   RW            2    HEAP                startup_stm32f407xx.o
    0x20006f28        -       0x00004000   Zero   RW            1    STACK               startup_stm32f407xx.o


    Execution Region RW_IRAM2 (Exec base: 0x2001c000, Load base: 0x08004714, Size: 0x00000000, Max: 0x00004000, ABSOLUTE)

    **** No section assigned to this execution region ****


==============================================================================

Image component sizes


      Code (inc. data)   RO Data    RW Data    ZI Data      Debug   Object Name

       356         44          0          0        144       2446   adc.o
       340         42          0          4         80       2498   can.o
       326         22          0          4       1720      65259   cmsis_os2.o
         0          0          0          0          0      19492   event_groups.o
        40         14         48          4          0       1729   freertos.o
       300         18          0          0          0       1123   gpio.o
       472         24          0         32      15360       4907   heap_4.o
       472         76          0          0        252       3119   i2c.o
       138          0          0          0          0       3582   list.o
       270         14          0          0          0     744152   main.o
       786         82          0         12          0      11585   port.o
      1514         20          0          0         64      17524   queue.o
       340         36          0          0        176       2454   spi.o
        64         26        392          0      24576        852   startup_stm32f407xx.o
        80         14          0         12          0       8122   stm32f4xx_hal.o
       712         28          0          0          0       2907   stm32f4xx_hal_adc.o
       282          0          0          0          0       1423   stm32f4xx_hal_can.o
       158         14          0          0          0      33058   stm32f4xx_hal_cortex.o
       506         46          0          0          0       2216   stm32f4xx_hal_gpio.o
       392         16          0          0          0       3239   stm32f4xx_hal_i2c.o
        56          4          0          0          0        882   stm32f4xx_hal_msp.o
      1412         86          0          0          0       5965   stm32f4xx_hal_rcc.o
       188          0          0          0          0       1231   stm32f4xx_hal_spi.o
      1748        108          0          0          0      15722   stm32f4xx_hal_tim.o
       232         28          0          0          0       3341   stm32f4xx_hal_tim_ex.o
       152         20          0          0         72       1499   stm32f4xx_hal_timebase_tim.o
       368         10          0          0          0       2064   stm32f4xx_hal_uart.o
        24          6          0          0          0       3295   stm32f4xx_it.o
         0          0          0          0          0        392   stream_buffer.o
        16          4         24          4          0       1151   system_stm32f4xx.o
      2084        168          0         60       1220      27084   tasks.o
       980         64          0          0        216       4330   tim.o
       972         80          0         20        280      32251   timers.o
       800         92          0          0        432       5243   usart.o

    ----------------------------------------------------------------------
     16616       1206        496        152      44592    1036137   Object Totals
         0          0         32          0          0          0   (incl. Generated)
        36          0          0          0          0          0   (incl. Padding)

    ----------------------------------------------------------------------

      Code (inc. data)   RO Data    RW Data    ZI Data      Debug   Library Member Name

         8          0          0          0          0         68   __main.o
         0          0          0          0          0          0   __rtentry.o
        12          0          0          0          0          0   __rtentry2.o
         6          0          0          0          0          0   __rtentry4.o
        52          8          0          0          0          0   __scatter.o
        26          0          0          0          0          0   __scatter_copy.o
        28          0          0          0          0          0   __scatter_zi.o
        16          0          0          0          0         68   aeabi_memset.o
        18          0          0          0          0         80   exit.o
         6          0          0          0          0        152   heapauxi.o
         0          0          0          0          0          0   indicate_semi.o
         2          0          0          0          0          0   libinit.o
         6          0          0          0          0          0   libinit2.o
         2          0          0          0          0          0   libshutdown.o
         2          0          0          0          0          0   libshutdown2.o
         8          4          0          0         96         68   libspace.o
       238          0          0          0          0        100   lludivv7m.o
        68          0          0          0          0         68   rt_memclr.o
        78          0          0          0          0         80   rt_memclr_w.o
       138          0          0          0          0         68   rt_memcpy_v6.o
       100          0          0          0          0         80   rt_memcpy_w.o
         2          0          0          0          0          0   rtexit.o
        10          0          0          0          0          0   rtexit2.o
        12          4          0          0          0         68   sys_exit.o
        74          0          0          0          0         80   sys_stackheap_outer.o
         2          0          0          0          0         68   use_no_semi.o
        10          0          0          0          0        116   fpinit.o

    ----------------------------------------------------------------------
       932         16          0          0         96       1164   Library Totals
         8          0          0          0          0          0   (incl. Padding)

    ----------------------------------------------------------------------

      Code (inc. data)   RO Data    RW Data    ZI Data      Debug   Library Name

       914         16          0          0         96       1048   c_w.l
        10          0          0          0          0        116   fz_wm.l

    ----------------------------------------------------------------------
       932         16          0          0         96       1164   Library Totals

    ----------------------------------------------------------------------

==============================================================================


      Code (inc. data)   RO Data    RW Data    ZI Data      Debug   

     17548       1222        496        152      44688    1021733   Grand Totals
     17548       1222        496        152      44688    1021733   ELF Image Totals
     17548       1222        496        152          0          0   ROM Totals

==============================================================================

    Total RO  Size (Code + RO Data)                18044 (  17.62kB)
    Total RW  Size (RW Data + ZI Data)             44840 (  43.79kB)
    Total ROM Size (Code + RO Data + RW Data)      18196 (  17.77kB)

==============================================================================

